Component: ARM Compiler 5.06 update 1 (build 61) Tool: armlink [4d35a8]

==============================================================================

Section Cross References

    startup_stm32f427xx.o(RESET) refers to startup_stm32f427xx.o(STACK) for __initial_sp
    startup_stm32f427xx.o(RESET) refers to startup_stm32f427xx.o(.text) for Reset_Handler
    startup_stm32f427xx.o(RESET) refers to stm32f4xx_it.o(i.NMI_Handler) for NMI_Handler
    startup_stm32f427xx.o(RESET) refers to stm32f4xx_it.o(i.HardFault_Handler) for HardFault_Handler
    startup_stm32f427xx.o(RESET) refers to stm32f4xx_it.o(i.MemManage_Handler) for MemManage_Handler
    startup_stm32f427xx.o(RESET) refers to stm32f4xx_it.o(i.BusFault_Handler) for BusFault_Handler
    startup_stm32f427xx.o(RESET) refers to stm32f4xx_it.o(i.UsageFault_Handler) for UsageFault_Handler
    startup_stm32f427xx.o(RESET) refers to port.o(.emb_text) for SVC_Handler
    startup_stm32f427xx.o(RESET) refers to stm32f4xx_it.o(i.DebugMon_Handler) for DebugMon_Handler
    startup_stm32f427xx.o(RESET) refers to port.o(i.SysTick_Handler) for SysTick_Handler
    startup_stm32f427xx.o(RESET) refers to stm32f4xx_it.o(i.DMA1_Stream1_IRQHandler) for DMA1_Stream1_IRQHandler
    startup_stm32f427xx.o(RESET) refers to stm32f4xx_it.o(i.DMA1_Stream3_IRQHandler) for DMA1_Stream3_IRQHandler
    startup_stm32f427xx.o(RESET) refers to stm32f4xx_it.o(i.DMA1_Stream6_IRQHandler) for DMA1_Stream6_IRQHandler
    startup_stm32f427xx.o(RESET) refers to stm32f4xx_it.o(i.CAN1_TX_IRQHandler) for CAN1_TX_IRQHandler
    startup_stm32f427xx.o(RESET) refers to stm32f4xx_it.o(i.CAN1_RX0_IRQHandler) for CAN1_RX0_IRQHandler
    startup_stm32f427xx.o(RESET) refers to stm32f4xx_it.o(i.TIM1_UP_TIM10_IRQHandler) for TIM1_UP_TIM10_IRQHandler
    startup_stm32f427xx.o(RESET) refers to stm32f4xx_it.o(i.USART1_IRQHandler) for USART1_IRQHandler
    startup_stm32f427xx.o(RESET) refers to usart.o(i.USART3_IRQHandler) for USART3_IRQHandler
    startup_stm32f427xx.o(RESET) refers to stm32f4xx_it.o(i.TIM8_UP_TIM13_IRQHandler) for TIM8_UP_TIM13_IRQHandler
    startup_stm32f427xx.o(RESET) refers to stm32f4xx_it.o(i.TIM6_DAC_IRQHandler) for TIM6_DAC_IRQHandler
    startup_stm32f427xx.o(RESET) refers to stm32f4xx_it.o(i.DMA2_Stream0_IRQHandler) for DMA2_Stream0_IRQHandler
    startup_stm32f427xx.o(RESET) refers to stm32f4xx_it.o(i.DMA2_Stream2_IRQHandler) for DMA2_Stream2_IRQHandler
    startup_stm32f427xx.o(RESET) refers to stm32f4xx_it.o(i.CAN2_TX_IRQHandler) for CAN2_TX_IRQHandler
    startup_stm32f427xx.o(RESET) refers to stm32f4xx_it.o(i.CAN2_RX0_IRQHandler) for CAN2_RX0_IRQHandler
    startup_stm32f427xx.o(RESET) refers to stm32f4xx_it.o(i.UART7_IRQHandler) for UART7_IRQHandler
    startup_stm32f427xx.o(RESET) refers to stm32f4xx_it.o(i.UART8_IRQHandler) for UART8_IRQHandler
    startup_stm32f427xx.o(.text) refers to system_stm32f4xx.o(i.SystemInit) for SystemInit
    startup_stm32f427xx.o(.text) refers to entry.o(.ARM.Collect$$$$00000000) for __main
    mysystem.o(i.OutControl_Fun) refers to tasks.o(i.vTaskDelay) for vTaskDelay
    mysystem.o(i.OutControl_Fun) refers to bsp_dbus.o(i.REMOTE_vResetData) for REMOTE_vResetData
    mysystem.o(i.OutControl_Fun) refers to bsp_can.o(i.set_moto1234_current) for set_moto1234_current
    mysystem.o(i.OutControl_Fun) refers to bsp_can.o(i.set_moto5678_current) for set_moto5678_current
    mysystem.o(i.OutControl_Fun) refers to stm32f4xx_hal_gpio.o(i.HAL_GPIO_WritePin) for HAL_GPIO_WritePin
    mysystem.o(i.OutControl_Fun) refers to mysystem.o(.data) for .data
    mysystem.o(i.OutControl_Fun) refers to can.o(.bss) for hcan1
    mysystem.o(i.Parameter_Init) refers to chassis_task.o(i.CHASSIS_InitArgument) for CHASSIS_InitArgument
    mysystem.o(i.Parameter_Init) refers to gimbal_task.o(i.GIMBAL_InitArgument) for GIMBAL_InitArgument
    mysystem.o(i.SYSTEM_InitPeripheral) refers to stm32f4xx_hal_adc.o(i.HAL_ADC_Start_DMA) for HAL_ADC_Start_DMA
    mysystem.o(i.SYSTEM_InitPeripheral) refers to bsp_oled.o(i.oled_init) for oled_init
    mysystem.o(i.SYSTEM_InitPeripheral) refers to bsp_dbus.o(i.dbus_uart_init) for dbus_uart_init
    mysystem.o(i.SYSTEM_InitPeripheral) refers to jy901.o(i.jy901_uart_init) for jy901_uart_init
    mysystem.o(i.SYSTEM_InitPeripheral) refers to bsp_vision.o(i.vision_uart_init) for vision_uart_init
    mysystem.o(i.SYSTEM_InitPeripheral) refers to stm32f4xx_hal_tim.o(i.HAL_TIM_PWM_Start) for HAL_TIM_PWM_Start
    mysystem.o(i.SYSTEM_InitPeripheral) refers to stm32f4xx_hal_uart.o(i.HAL_UART_Receive_DMA) for HAL_UART_Receive_DMA
    mysystem.o(i.SYSTEM_InitPeripheral) refers to stm32f4xx_hal_uart.o(i.HAL_UART_Receive_IT) for HAL_UART_Receive_IT
    mysystem.o(i.SYSTEM_InitPeripheral) refers to stm32f4xx_hal_tim.o(i.HAL_TIM_Base_Start) for HAL_TIM_Base_Start
    mysystem.o(i.SYSTEM_InitPeripheral) refers to stm32f4xx_hal_tim.o(i.HAL_TIM_Base_Start_IT) for HAL_TIM_Base_Start_IT
[...]
    remot_change                             0x20000052   Data           1  chassis_task.o(.data)
    Chass_Switch_F                           0x20000053   Data           1  chassis_task.o(.data)
    Chass_Key_F_Change                       0x20000054   Data           1  chassis_task.o(.data)
    Chass_Switch_X                           0x20000055   Data           1  chassis_task.o(.data)
    Chass_Key_X_Change                       0x20000056   Data           1  chassis_task.o(.data)
    Chass_Switch_G                           0x20000057   Data           1  chassis_task.o(.data)
    Chass_Key_G_Change                       0x20000058   Data           1  chassis_task.o(.data)
    IfCorgiChange                            0x20000059   Data           1  chassis_task.o(.data)
    stateCorgi                               0x2000005a   Data           2  chassis_task.o(.data)
    corgi_angle_target                       0x2000005c   Data           2  chassis_task.o(.data)
    timeInc                                  0x2000005e   Data           2  chassis_task.o(.data)
    timeXFron                                0x20000060   Data           2  chassis_task.o(.data)
    timeXBack                                0x20000062   Data           2  chassis_task.o(.data)
    timeYLeft                                0x20000064   Data           2  chassis_task.o(.data)
    timeYRigh                                0x20000066   Data           2  chassis_task.o(.data)
    fChasCurrentLimit                        0x20000068   Data           4  chassis_task.o(.data)
    WARNING_REMAIN_POWER                     0x2000006c   Data           4  chassis_task.o(.data)
    Miss_Mode_Time                           0x20000070   Data           4  chassis_task.o(.data)
    kKey_Gyro_Chassis_Revolve                0x20000080   Data           4  chassis_task.o(.data)
    kKey_Mech_Chassis_Revolve                0x20000084   Data           4  chassis_task.o(.data)
    Chassis_Standard_Move_Max                0x20000088   Data           4  chassis_task.o(.data)
    Chassis_Revolve_Move_Max                 0x2000008c   Data           4  chassis_task.o(.data)
    fTotalCurrentLimit                       0x20000090   Data           4  chassis_task.o(.data)
    Slope_Chassis_Move_Z                     0x20000094   Data           4  chassis_task.o(.data)
    Slope_Chassis_Move_Fron                  0x20000098   Data           4  chassis_task.o(.data)
    Slope_Chassis_Move_Back                  0x2000009c   Data           4  chassis_task.o(.data)
    Slope_Chassis_Move_Left                  0x200000a0   Data           4  chassis_task.o(.data)
    Slope_Chassis_Move_Righ                  0x200000a4   Data           4  chassis_task.o(.data)
    Slope_Chassis_Revolve_Move               0x200000a8   Data           4  chassis_task.o(.data)
    chassis_motor                            0x200000ac   Data           8  chassis_task.o(.data)
    IMU_Init_Finish                          0x200000b4   Data           1  gimbal_task.o(.data)
    YawGimbalMode                            0x200000b5   Data           1  gimbal_task.o(.data)
    PitchGimbalMode                          0x200000b6   Data           1  gimbal_task.o(.data)
    modeGimbal                               0x200000b7   Data           1  gimbal_task.o(.data)
    actGimbal                                0x200000b8   Data           1  gimbal_task.o(.data)
    Mobility_Prediction_Yaw                  0x200000b9   Data           1  gimbal_task.o(.data)
    Mobi_Pre_Yaw_Fire                        0x200000ba   Data           1  gimbal_task.o(.data)
    is_firstime_into_buff                    0x200000bb   Data           1  gimbal_task.o(.data)
    first_time_into_base                     0x200000bc   Data           1  gimbal_task.o(.data)
    mobpre_yaw_left_delay                    0x200000be   Data           2  gimbal_task.o(.data)
    mobpre_yaw_right_delay                   0x200000c0   Data           2  gimbal_task.o(.data)
    mobpre_yaw_stop_delay                    0x200000c2   Data           2  gimbal_task.o(.data)
    Auto_KF_Delay                            0x200000c4   Data           2  gimbal_task.o(.data)
    Target_Gimbal_Yaw_Position               0x200000c8   Data           4  gimbal_task.o(.data)
    Target_Gimbal_Pitch_Position             0x200000cc   Data           4  gimbal_task.o(.data)
    kkey_gyro_yaw                            0x200000d0   Data           4  gimbal_task.o(.data)
    base_mech_pitch                          0x200000d4   Data           4  gimbal_task.o(.data)
    Manual_Step                              0x200000d8   Data           4  gimbal_task.o(.data)
    gb_yaw_posit_error                       0x200000dc   Data           4  gimbal_task.o(.data)
    gb_pitch_posit_error                     0x200000e0   Data           4  gimbal_task.o(.data)
    v_y_k                                    0x200000e4   Data           4  gimbal_task.o(.data)
    v_y_p                                    0x200000e8   Data           4  gimbal_task.o(.data)
    v_y_i                                    0x200000ec   Data           4  gimbal_task.o(.data)
    gv_p_k                                   0x200000f0   Data           4  gimbal_task.o(.data)
    gv_p_p                                   0x200000f4   Data           4  gimbal_task.o(.data)
    gv_p_i                                   0x200000f8   Data           4  gimbal_task.o(.data)
    gb_y_k                                   0x200000fc   Data           4  gimbal_task.o(.data)
    gb_y_p                                   0x20000100   Data           4  gimbal_task.o(.data)
    gb_y_i                                   0x20000104   Data           4  gimbal_task.o(.data)
    gb_p_k                                   0x20000108   Data           4  gimbal_task.o(.data)
    gb_p_p                                   0x2000010c   Data           4  gimbal_task.o(.data)
    gb_p_i                                   0x20000110   Data           4  gimbal_task.o(.data)
    error_yaw_k                              0x20000114   Data           4  gimbal_task.o(.data)
    error_pitch_k                            0x20000118   Data           4  gimbal_task.o(.data)
    yaw_speed_k                              0x2000011c   Data           4  gimbal_task.o(.data)
    kf_yaw_angcon                            0x20000120   Data           4  gimbal_task.o(.data)
    pitch_speed_k                            0x20000124   Data           4  gimbal_task.o(.data)
    kf_pitch_angcon                          0x20000128   Data           4  gimbal_task.o(.data)
    debug_kf_angle_ramp                      0x2000012c   Data           4  gimbal_task.o(.data)
    js_yaw                                   0x20000130   Data           4  gimbal_task.o(.data)
    js_pitch                                 0x20000134   Data           4  gimbal_task.o(.data)
    kf_speed_yl                              0x20000138   Data           4  gimbal_task.o(.data)
    speed_threshold                          0x2000013c   Data           4  gimbal_task.o(.data)
    gb_yaw_angle_gim                         0x20000140   Data           4  gimbal_task.o(.data)
    gb_pitch_angle_gim                       0x20000144   Data           4  gimbal_task.o(.data)
    buff_gimb_ramp_yaw                       0x20000148   Data           4  gimbal_task.o(.data)
    buff_gimb_ramp_pitch                     0x2000014c   Data           4  gimbal_task.o(.data)
    buff_into_time                           0x20000150   Data           4  gimbal_task.o(.data)
    debug_y_ready                            0x20000154   Data           4  gimbal_task.o(.data)
    debug_pix_y                              0x20000158   Data           4  gimbal_task.o(.data)
    debug_p_ready                            0x2000015c   Data           4  gimbal_task.o(.data)
    debug_pix_p                              0x20000160   Data           4  gimbal_task.o(.data)
    down_sb_pitch                            0x20000164   Data           4  gimbal_task.o(.data)
    up_sb_pitch                              0x20000168   Data           4  gimbal_task.o(.data)
    pitch_sb_error                           0x2000016c   Data           4  gimbal_task.o(.data)
    js_pid_p                                 0x20000170   Data           4  gimbal_task.o(.data)
    PID_Out_Max                              0x200001d0   Data           4  gimbal_task.o(.data)
    PID_Outter_Max                           0x200001d4   Data           4  gimbal_task.o(.data)
    PID_Iterm_Max                            0x200001d8   Data           4  gimbal_task.o(.data)
    kKey_Mech_Pitch                          0x200001dc   Data           4  gimbal_task.o(.data)
    kKey_Mech_Yaw                            0x200001e0   Data           4  gimbal_task.o(.data)
    kKey_Gyro_Pitch                          0x200001e4   Data           4  gimbal_task.o(.data)
    kKey_Gyro_Yaw                            0x200001e8   Data           4  gimbal_task.o(.data)
    debug_y_sk                               0x200001ec   Data           4  gimbal_task.o(.data)
    debug_y_sb_sk                            0x200001f0   Data           4  gimbal_task.o(.data)
    debug_y_sb_brig_sk                       0x200001f4   Data           4  gimbal_task.o(.data)
    debug_p_sk                               0x200001f8   Data           4  gimbal_task.o(.data)
    debug_auto_err_y                         0x200001fc   Data           4  gimbal_task.o(.data)
    debug_auto_err_p                         0x20000200   Data           4  gimbal_task.o(.data)
    debug_kf_delay                           0x20000204   Data           4  gimbal_task.o(.data)
    debug_kf_speed_yl                        0x20000208   Data           4  gimbal_task.o(.data)
    debug_kf_speed_yl_sb                     0x2000020c   Data           4  gimbal_task.o(.data)
    debug_kf_speed_yh                        0x20000210   Data           4  gimbal_task.o(.data)
    debug_kf_speed_pl                        0x20000214   Data           4  gimbal_task.o(.data)
    debug_kf_y_angcon                        0x20000218   Data           4  gimbal_task.o(.data)
    debug_kf_p_angcon                        0x2000021c   Data           4  gimbal_task.o(.data)
    debug_kf_angle_temp                      0x20000220   Data           4  gimbal_task.o(.data)
    Auto_Distance                            0x20000224   Data           4  gimbal_task.o(.data)
    Base_Error_Yaw                           0x20000228   Data           4  gimbal_task.o(.data)
    Base_Yaw_Comp_Gimbal                     0x2000022c   Data           4  gimbal_task.o(.data)
    yaw_kf_result                            0x20000230   Data           4  gimbal_task.o(.data)
    pitch_kf_result                          0x20000234   Data           4  gimbal_task.o(.data)
    Vision_Angle_Speed_Yaw                   0x20000238   Data           4  gimbal_task.o(.data)
    Vision_Angle_Speed_Pitch                 0x2000023c   Data           4  gimbal_task.o(.data)
    Buff_Pitch_Comp_Gimbal                   0x20000240   Data           4  gimbal_task.o(.data)
    Buff_Yaw_Comp_Gimbal                     0x20000244   Data           4  gimbal_task.o(.data)
    Buff_Pitch_Correct_Chassis               0x20000248   Data           4  gimbal_task.o(.data)
    Buff_Yaw_Correct_Chassis                 0x2000024c   Data           4  gimbal_task.o(.data)
    Buff_Pitch_Correct_Gimbal                0x20000250   Data           4  gimbal_task.o(.data)
    Buff_Yaw_Correct_Gimbal                  0x20000254   Data           4  gimbal_task.o(.data)
    Slope_Mouse_Pitch                        0x20000258   Data           4  gimbal_task.o(.data)
    Slope_Mouse_Yaw                          0x2000025c   Data           4  gimbal_task.o(.data)
    Mouse_Gyro_Yaw                           0x20000260   Data           4  gimbal_task.o(.data)
    Mouse_Gyro_Pitch                         0x20000264   Data           4  gimbal_task.o(.data)
    Slope_Turn_Yaw                           0x20000268   Data           4  gimbal_task.o(.data)
    Slope_Back_Yaw                           0x2000026c   Data           4  gimbal_task.o(.data)
    Slope_Fric_Pitch                         0x20000270   Data           4  gimbal_task.o(.data)
    Slope_Auto_Yaw                           0x20000274   Data           4  gimbal_task.o(.data)
    Slope_Auto_Pitch                         0x20000278   Data           4  gimbal_task.o(.data)
    TURNMode_Yaw_Back_Total                  0x2000027c   Data           4  gimbal_task.o(.data)
    TURNMode_Yaw_Turn_Total                  0x20000280   Data           4  gimbal_task.o(.data)
    vision_time_js                           0x20000284   Data           4  gimbal_task.o(.data)
    debug_kf_y_angle                         0x20000288   Data           4  gimbal_task.o(.data)
    debug_kf_p_angle                         0x2000028c   Data           4  gimbal_task.o(.data)
    debug_speed                              0x20000290   Data           4  gimbal_task.o(.data)
    vision_buff_time_js                      0x20000294   Data           4  gimbal_task.o(.data)
    pTermPit                                 0x20000298   Data           8  gimbal_task.o(.data)
    iTermPit                                 0x200002a0   Data           8  gimbal_task.o(.data)
    pidTermPit                               0x200002a8   Data           8  gimbal_task.o(.data)
    Auto_Error_Yaw                           0x200002b0   Data           8  gimbal_task.o(.data)
    Auto_Error_Pitch                         0x200002b8   Data           8  gimbal_task.o(.data)
    Vision_Time                              0x200002c0   Data           8  gimbal_task.o(.data)
    Vision_Buff_Time                         0x200002c8   Data           8  gimbal_task.o(.data)
    yaw_kalman_filter_para                   0x200002d0   Data         180  gimbal_task.o(.data)
    pitch_kalman_filter_para                 0x20000384   Data         180  gimbal_task.o(.data)
    ammunition_mode                          0x20000438   Data           1  shoot_task.o(.data)
    shoot_state                              0x20000439   Data           1  shoot_task.o(.data)
    Revolver_mode                            0x2000043a   Data           1  shoot_task.o(.data)
    actShoot                                 0x2000043b   Data           1  shoot_task.o(.data)
    Revol_Switch_Left                        0x2000043c   Data           1  shoot_task.o(.data)
    buff_fire                                0x2000043d   Data           1  shoot_task.o(.data)
    buff_change_fire                         0x2000043e   Data           1  shoot_task.o(.data)
    Revolver_Speed_Measure                   0x20000456   Data           2  shoot_task.o(.data)
    Revolver_Angle_Measure                   0x20000458   Data           2  shoot_task.o(.data)
    Revolver_Freq                            0x2000045a   Data           2  shoot_task.o(.data)
    Key_ShootNum                             0x2000045c   Data           2  shoot_task.o(.data)
    Shoot_HeatLimit                          0x2000045e   Data           2  shoot_task.o(.data)
    Revolver_Angle_Measure_Prev              0x20000460   Data           2  shoot_task.o(.data)
    Stuck_Speed_Sum                          0x20000464   Data           4  shoot_task.o(.data)
    Stuck_Posit_Sum                          0x20000468   Data           4  shoot_task.o(.data)
    Shoot_Interval                           0x2000046c   Data           4  shoot_task.o(.data)
    Revol_Posit_RespondTime                  0x20000470   Data           4  shoot_task.o(.data)
    buff_lost_time                           0x20000474   Data           4  shoot_task.o(.data)
    buff_change_lost_time                    0x20000478   Data           4  shoot_task.o(.data)
    buff_stamp                               0x2000047c   Data           4  shoot_task.o(.data)
    buff_lost_stamp                          0x20000480   Data           4  shoot_task.o(.data)
    Armor_Change_Delay                       0x20000484   Data           4  shoot_task.o(.data)
    dy                                       0x20000488   Data           4  shoot_task.o(.data)
    Revolver_Buff_Ramp                       0x2000048c   Data           4  shoot_task.o(.data)
    posishoot_time                           0x200004cc   Data           4  shoot_task.o(.data)
    Revolver_Speed_Target                    0x200004d0   Data           4  shoot_task.o(.data)
    Revolver_Angle_Target_Sum                0x200004d4   Data           4  shoot_task.o(.data)
    Revolver_Buff_Target_Sum                 0x200004d8   Data           4  shoot_task.o(.data)
    Revolver_Angle_Measure_Sum               0x200004dc   Data           4  shoot_task.o(.data)
    PowerData                                0x200004e1   Data           4  bsp_can.o(.data)
    ulRemoteLostTime                         0x200004e8   Data           4  bsp_dbus.o(.data)
    CRC_INIT                                 0x200004ec   Data           2  crc.o(.data)
    OffSet_Flag                              0x200004f1   Data           1  icm20602.o(.data)
    Offset_Cnt                               0x200004f4   Data           2  icm20602.o(.data)
    twoKp                                    0x20000504   Data           4  icm20602.o(.data)
    twoKi                                    0x20000508   Data           4  icm20602.o(.data)
    q0                                       0x2000050c   Data           4  icm20602.o(.data)
    q1                                       0x20000510   Data           4  icm20602.o(.data)
    q2                                       0x20000514   Data           4  icm20602.o(.data)
    q3                                       0x20000518   Data           4  icm20602.o(.data)
    integralFBx                              0x2000051c   Data           4  icm20602.o(.data)
    integralFBy                              0x20000520   Data           4  icm20602.o(.data)
    integralFBz                              0x20000524   Data           4  icm20602.o(.data)
    ReadJY901Success                         0x20000558   Data           1  jy901.o(.data)
    OledKeyValue                             0x20000559   Data           1  bsp_oled.o(.data)
    Vision_Get_New_Data                      0x20000568   Data           1  bsp_vision.o(.data)
    Vision_Armor                             0x20000569   Data           1  bsp_vision.o(.data)
    Vision_Comps_Yaw                         0x2000056c   Data           4  bsp_vision.o(.data)
    Judge_Data_TF                            0x20000570   Data           1  judge.o(.data)
    Hurt_Data_Update                         0x20000571   Data           1  judge.o(.data)
    Send_Color                               0x20000572   Data           1  judge.o(.data)
    First_Time_Send_Commu                    0x20000573   Data           1  judge.o(.data)
    GameResult                               0x20000576   Data           1  judge.o(.data)
    BuffMusk                                 0x20000577   Data           1  judge.o(.data)
    RobotHurt                                0x20000578   Data           1  judge.o(.data)
    Judge_Self_ID                            0x20000579   Data           1  judge.o(.data)
    Color                                    0x2000057a   Data           1  judge.o(.data)
    send_time                                0x2000057c   Data           2  judge.o(.data)
    GameRobotSurvivors                       0x2000057e   Data           2  judge.o(.data)
    SupplyProjectileBooking                  0x20000580   Data           2  judge.o(.data)
    AerialRobotEnergy                        0x20000582   Data           2  judge.o(.data)
    Judge_SelfClient_ID                      0x20000584   Data           2  judge.o(.data)
    ShootNum                                 0x20000586   Data           2  judge.o(.data)
    GameState                                0x20000588   Data           3  judge.o(.data)
    SupplyProjectileAction                   0x2000058b   Data           3  judge.o(.data)
    Shoot_Speed_Now                          0x20000590   Data           4  judge.o(.data)
    Shoot_Speed_Last                         0x20000594   Data           4  judge.o(.data)
    EventData                                0x200005a0   Data           4  judge.o(.data)
    shoot_time                               0x200005a4   Data           4  judge.o(.data)
    FrameHeader                              0x200005a8   Data           5  judge.o(.data)
    ShootData                                0x200005ad   Data           6  judge.o(.data)
    Fric_Speed_Level                         0x200005b6   Data           2  friction.o(.data)
    Fric_Dist_Far                            0x200005b8   Data           4  friction.o(.data)
    Fric_Dist_Near                           0x200005bc   Data           4  friction.o(.data)
    Friction_Speed_Real                      0x200005c0   Data           4  friction.o(.data)
    Friction_Speed_Target                    0x200005c4   Data           4  friction.o(.data)
    Frict_Speed_Level_Target                 0x200005c8   Data           4  friction.o(.data)
    Friction_PWM_HeatInc                     0x200005cc   Data          10  friction.o(.data)
    Friction_PWM_Output                      0x200005d8   Data          24  friction.o(.data)
    uwTickFreq                               0x200005f0   Data           1  stm32f4xx_hal.o(.data)
    uwTickPrio                               0x200005f4   Data           4  stm32f4xx_hal.o(.data)
    uwTick                                   0x200005f8   Data           4  stm32f4xx_hal.o(.data)
    pxCurrentTCB                             0x200005fc   Data           4  tasks.o(.data)
    uhADCxConvertedValue                     0x20000674   Data          60  main.o(.bss)
    hadc1                                    0x200006b0   Data          72  adc.o(.bss)
    hdma_adc1                                0x200006f8   Data          96  adc.o(.bss)
    hcan1                                    0x20000758   Data          40  can.o(.bss)
    hcan2                                    0x20000780   Data          40  can.o(.bss)
    hspi1                                    0x20000e50   Data          88  spi.o(.bss)
    hspi5                                    0x20000ea8   Data          88  spi.o(.bss)
    htim1                                    0x20000f00   Data          64  stm32f4xx_hal_timebase_tim.o(.bss)
    htim2                                    0x20000f40   Data          64  tim.o(.bss)
    htim3                                    0x20000f80   Data          64  tim.o(.bss)
    htim6                                    0x20000fc0   Data          64  tim.o(.bss)
    htim12                                   0x20001000   Data          64  tim.o(.bss)
    htim13                                   0x20001040   Data          64  tim.o(.bss)
    Judge_Buffer                             0x20001080   Data         200  usart.o(.bss)
    huart7                                   0x20001148   Data          64  usart.o(.bss)
    huart8                                   0x20001188   Data          64  usart.o(.bss)
    huart1                                   0x200011c8   Data          64  usart.o(.bss)
    huart3                                   0x20001208   Data          64  usart.o(.bss)
    hdma_uart7_rx                            0x20001248   Data          96  usart.o(.bss)
    hdma_uart8_rx                            0x200012a8   Data          96  usart.o(.bss)
    hdma_usart1_rx                           0x20001308   Data          96  usart.o(.bss)
    hdma_usart3_rx                           0x20001368   Data          96  usart.o(.bss)
    Chassis_Error_Kalman                     0x200013c8   Data          48  chassis_task.o(.bss)
    Chassis_Follow_PID                       0x200013f8   Data          96  chassis_task.o(.bss)
    absolute_chassis_speed                   0x20001458   Data          12  chassis_task.o(.bss)
    Gimbal_Yaw_Position_PID                  0x20001464   Data          96  gimbal_task.o(.bss)
    Gimbal_Pitch_Position_PID                0x200014c4   Data          96  gimbal_task.o(.bss)
    GimbalYawSpeedKalman                     0x20001524   Data          48  gimbal_task.o(.bss)
    GimbalPitchSpeedKalman                   0x20001554   Data          48  gimbal_task.o(.bss)
    Vision_Distance_Kalman                   0x20001584   Data          48  gimbal_task.o(.bss)
    Gimbal_Pitch_Mech_Error_Kalman           0x200015b4   Data          48  gimbal_task.o(.bss)
    Gimbal_Pitch_Gyro_Error_Kalman           0x200015e4   Data          48  gimbal_task.o(.bss)
    Gimbal_Yaw_Mech_Error_Kalman             0x20001614   Data          48  gimbal_task.o(.bss)
    Gimbal_Yaw_Gyro_Error_Kalman             0x20001644   Data          48  gimbal_task.o(.bss)
    Gimbal_Buff_Yaw_Error_Kalman             0x20001674   Data          48  gimbal_task.o(.bss)
    Gimbal_Buff_Pitch_Error_Kalman           0x200016a4   Data          48  gimbal_task.o(.bss)
    Gimbal_Buff_Yaw_Error_Gim_Kalman         0x200016d4   Data          48  gimbal_task.o(.bss)
    Gimbal_Buff_Pitch_Error_Gim_Kalman       0x20001704   Data          48  gimbal_task.o(.bss)
    Vision_Yaw_speed_Struct                  0x20001734   Data          28  gimbal_task.o(.bss)
    Vision_Pitch_speed_Struct                0x20001750   Data          28  gimbal_task.o(.bss)
    yaw_kalman_filter                        0x2000176c   Data         108  gimbal_task.o(.bss)
    pitch_kalman_filter                      0x200017d8   Data         108  gimbal_task.o(.bss)
    Cloud_Angle_Error                        0x20001844   Data          16  gimbal_task.o(.bss)
    Cloud_Palstance_Error                    0x20001854   Data          16  gimbal_task.o(.bss)
    Cloud_Angle_Target                       0x20001864   Data          16  gimbal_task.o(.bss)
    Cloud_Angle_Measure                      0x20001874   Data          16  gimbal_task.o(.bss)
    Cloud_Palstance_Measure                  0x20001884   Data          16  gimbal_task.o(.bss)
    Cloud_Angle_kpid                         0x20001894   Data          48  gimbal_task.o(.bss)
    Cloud_Palstance_kpid                     0x200018c4   Data          48  gimbal_task.o(.bss)
    pTermYaw                                 0x200018f4   Data          16  gimbal_task.o(.bss)
    iTermYaw                                 0x20001904   Data          16  gimbal_task.o(.bss)
    pidTermYaw                               0x20001914   Data          16  gimbal_task.o(.bss)
    moto_CAN                                 0x20001924   Data         660  bsp_can.o(.bss)
    moto_CAN2                                0x20001bb8   Data         660  bsp_can.o(.bss)
    dbus_buf                                 0x20001e4c   Data          18  bsp_dbus.o(.bss)
    rc                                       0x20001e5e   Data          22  bsp_dbus.o(.bss)
    IMU_Vale                                 0x20001e74   Data          76  icm20602.o(.bss)
    sum_temp                                 0x20001ec0   Data          24  icm20602.o(.bss)
    MPU6500_FIFO                             0x20001f2a   Data          70  icm20602.o(.bss)
    RDrone_R                                 0x20001f70   Data          36  icm20602.o(.bss)
    Accel_Src                                0x20001f94   Data          12  icm20602.o(.bss)
    JY901_Vale                               0x20001fa0   Data          76  jy901.o(.bss)
    jy901_buf                                0x20001fec   Data          22  jy901.o(.bss)
    Chassis_Motor1                           0x20002004   Data         200  bsp_motor.o(.bss)
    Chassis_Motor2                           0x200020cc   Data         200  bsp_motor.o(.bss)
    Chassis_Motor3                           0x20002194   Data         200  bsp_motor.o(.bss)
    Chassis_Motor4                           0x2000225c   Data         200  bsp_motor.o(.bss)
    Gimbal_MotorYaw                          0x20002324   Data         200  bsp_motor.o(.bss)
    Gimbal_MotorPitch                        0x200023ec   Data         200  bsp_motor.o(.bss)
    hero_Fire_Motor                          0x200024b4   Data         200  bsp_motor.o(.bss)
    Ammunition_Motor                         0x2000257c   Data         200  bsp_motor.o(.bss)
    VisionValue                              0x20002a5c   Data          24  bsp_vision.o(.bss)
    vision_buf                               0x20002a74   Data          10  bsp_vision.o(.bss)
    GameRobotStat                            0x20002a7e   Data          15  judge.o(.bss)
    PowerHeatData                            0x20002a8d   Data          14  judge.o(.bss)
    GameRobotPos                             0x20002a9b   Data          16  judge.o(.bss)
    ShowData                                 0x20002aab   Data          28  judge.o(.bss)
    CommuData                                0x20002ac7   Data          25  judge.o(.bss)
    CliendTxBuffer                           0x20002ae0   Data         200  judge.o(.bss)
    TeammateTxBuffer                         0x20002ba8   Data         200  judge.o(.bss)
    xQueueRegistry                           0x20002c70   Data          64  queue.o(.bss)
    __initial_sp                             0x20006e88   Data           0  startup_stm32f427xx.o(STACK)



==============================================================================

Memory Map of the image

  Image Entry point : 0x080001ad

  Load Region LR_IROM1 (Base: 0x08000000, Size: 0x00010754, Max: 0x00200000, ABSOLUTE, COMPRESSED[0x000101c0])

    Execution Region ER_IROM1 (Base: 0x08000000, Size: 0x000100e0, Max: 0x00200000, ABSOLUTE)

    Base Addr    Size         Type   Attr      Idx    E Section Name        Object

    0x08000000   0x000001ac   Data   RO            3    RESET               startup_stm32f427xx.o
    0x080001ac   0x00000000   Code   RO         8089  * .ARM.Collect$$$$00000000  mc_w.l(entry.o)
    0x080001ac   0x00000004   Code   RO         8197    .ARM.Collect$$$$00000001  mc_w.l(entry2.o)
    0x080001b0   0x00000004   Code   RO         8200    .ARM.Collect$$$$00000004  mc_w.l(entry5.o)
    0x080001b4   0x00000000   Code   RO         8202    .ARM.Collect$$$$00000008  mc_w.l(entry7b.o)
    0x080001b4   0x00000000   Code   RO         8204    .ARM.Collect$$$$0000000A  mc_w.l(entry8b.o)
    0x080001b4   0x00000008   Code   RO         8205    .ARM.Collect$$$$0000000B  mc_w.l(entry9a.o)
    0x080001bc   0x00000000   Code   RO         8207    .ARM.Collect$$$$0000000D  mc_w.l(entry10a.o)
    0x080001bc   0x00000000   Code   RO         8209    .ARM.Collect$$$$0000000F  mc_w.l(entry11a.o)
    0x080001bc   0x00000004   Code   RO         8198    .ARM.Collect$$$$00002712  mc_w.l(entry2.o)
    0x080001c0   0x000000be   Code   RO         7872    .emb_text           port.o
    0x0800027e   0x00000002   PAD
    0x08000280   0x00000024   Code   RO            4    .text               startup_stm32f427xx.o
    0x080002a4   0x00000062   Code   RO         8092    .text               mc_w.l(uldiv.o)
    0x08000306   0x00000024   Code   RO         8094    .text               mc_w.l(memcpya.o)
    0x0800032a   0x00000024   Code   RO         8098    .text               mc_w.l(memseta.o)
    0x0800034e   0x0000014e   Code   RO         8130    .text               mf_w.l(dadd.o)
    0x0800049c   0x000000e4   Code   RO         8132    .text               mf_w.l(dmul.o)
    0x08000580   0x000000de   Code   RO         8134    .text               mf_w.l(ddiv.o)
    0x0800065e   0x00000022   Code   RO         8138    .text               mf_w.l(dflti.o)
    0x08000680   0x0000003e   Code   RO         8140    .text               mf_w.l(dfixi.o)
    0x080006be   0x00000026   Code   RO         8142    .text               mf_w.l(f2d.o)
    0x080006e4   0x00000030   Code   RO         8146    .text               mf_w.l(cdrcmple.o)
    0x08000714   0x00000038   Code   RO         8148    .text               mf_w.l(d2f.o)
    0x0800074c   0x0000001e   Code   RO         8216    .text               mc_w.l(llshl.o)
    0x0800076a   0x00000020   Code   RO         8218    .text               mc_w.l(llushr.o)
    0x0800078a   0x00000024   Code   RO         8220    .text               mc_w.l(llsshr.o)
    0x080007ae   0x00000000   Code   RO         8229    .text               mc_w.l(iusefp.o)
    0x080007ae   0x0000006e   Code   RO         8230    .text               mf_w.l(fepilogue.o)
    0x0800081c   0x000000ba   Code   RO         8232    .text               mf_w.l(depilogue.o)
    0x080008d6   0x000000a2   Code   RO         8234    .text               mf_w.l(dsqrt.o)
    0x08000978   0x00000024   Code   RO         8238    .text               mc_w.l(init.o)
    0x0800099c   0x0000001a   Code   RO         8242    .text               mf_w.l(dfltui.o)
    0x080009b6   0x00000056   Code   RO         8252    .text               mc_w.l(__dczerorl2.o)
    0x08000a0c   0x0000006e   Code   RO         3265    i.ADC_DMAConvCplt   stm32f4xx_hal_adc.o
    0x08000a7a   0x00000016   Code   RO         3266    i.ADC_DMAError      stm32f4xx_hal_adc.o
    0x08000a90   0x0000000a   Code   RO         3267    i.ADC_DMAHalfConvCplt  stm32f4xx_hal_adc.o
    0x08000a9a   0x00000002   PAD
    0x08000a9c   0x00000128   Code   RO         3268    i.ADC_Init          stm32f4xx_hal_adc.o
    0x08000bc4   0x000000fc   Code   RO         1523    i.Absolute_Cal      chassis_task.o
    0x08000cc0   0x00000038   Code   RO         7952    i.AngleLoop         control.o
    0x08000cf8   0x00000038   Code   RO         7953    i.AngleLoop_f       control.o
    0x08000d30   0x00000028   Code   RO         2384    i.Append_CRC16_Check_Sum  crc.o
    0x08000d58   0x0000001c   Code   RO         2385    i.Append_CRC8_Check_Sum  crc.o
    0x08000d74   0x00000002   Code   RO          985    i.BusFault_Handler  stm32f4xx_it.o
    0x08000d76   0x00000002   PAD
    0x08000d78   0x0000000c   Code   RO          986    i.CAN1_RX0_IRQHandler  stm32f4xx_it.o
    0x08000d84   0x0000000c   Code   RO          987    i.CAN1_TX_IRQHandler  stm32f4xx_it.o
    0x08000d90   0x0000000c   Code   RO          988    i.CAN2_RX0_IRQHandler  stm32f4xx_it.o
    0x08000d9c   0x0000000c   Code   RO          989    i.CAN2_TX_IRQHandler  stm32f4xx_it.o
    0x08000da8   0x00000002   Code   RO         3219    i.CAP_Ctrl          super_cap.o
    0x08000daa   0x00000002   PAD
    0x08000dac   0x0000019c   Code   RO         1524    i.CHASSIS_CORGI_Mode_Ctrl  chassis_task.o
    0x08000f48   0x00000014   Code   RO         1526    i.CHASSIS_IfActiveMode  chassis_task.o
    0x08000f5c   0x00000040   Code   RO         1527    i.CHASSIS_InitArgument  chassis_task.o
    0x08000f9c   0x00000080   Code   RO         1528    i.CHASSIS_MISS_Mode_Ctrl  chassis_task.o
    0x0800101c   0x00000140   Code   RO         1529    i.CHASSIS_PISA_Mode_Ctrl  chassis_task.o
    0x0800115c   0x00000028   Code   RO         1530    i.CHASSIS_REST      chassis_task.o
    0x08001184   0x00000038   Code   RO         1531    i.CHASSIS_SZUPUP_Mode_Ctrl  chassis_task.o
    0x080011bc   0x000000f0   Code   RO         1532    i.CHAS_Key_Ctrl     chassis_task.o
    0x080012ac   0x0000005c   Code   RO         1723    i.Cal_6020_speed_dp10ms  gimbal_task.o
    0x08001308   0x00000002   Code   RO         3220    i.Cap_Out_Can_Open  super_cap.o
    0x0800130a   0x00000002   PAD
    0x0800130c   0x00000130   Code   RO         1533    i.ChassisFun        chassis_task.o
    0x0800143c   0x00000014   Code   RO         1534    i.Chassis_IfCORGI   chassis_task.o
    0x08001450   0x000000a0   Code   RO         1537    i.Chassis_Key_MoveRamp  chassis_task.o
    0x080014f0   0x0000021c   Code   RO         1538    i.Chassis_Keyboard_Move_Calculate  chassis_task.o
    0x0800170c   0x00000084   Code   RO         1539    i.Chassis_Mouse_Move_Calculate  chassis_task.o
    0x08001790   0x000000b0   Code   RO         1540    i.Chassis_NORMAL_Mode_Ctrl  chassis_task.o
    0x08001840   0x000000e8   Code   RO         1541    i.Chassis_Power_Limit  chassis_task.o
    0x08001928   0x0000000c   Code   RO          990    i.DMA1_Stream1_IRQHandler  stm32f4xx_it.o
    0x08001934   0x0000000c   Code   RO          991    i.DMA1_Stream3_IRQHandler  stm32f4xx_it.o
    0x08001940   0x0000000c   Code   RO          992    i.DMA1_Stream6_IRQHandler  stm32f4xx_it.o
    0x0800194c   0x0000000c   Code   RO          993    i.DMA2_Stream0_IRQHandler  stm32f4xx_it.o
    0x08001958   0x0000000c   Code   RO          994    i.DMA2_Stream2_IRQHandler  stm32f4xx_it.o
    0x08001964   0x00000028   Code   RO         4051    i.DMA_CalcBaseAndBitshift  stm32f4xx_hal_dma.o
    0x0800198c   0x00000054   Code   RO         4052    i.DMA_CheckFifoParam  stm32f4xx_hal_dma.o
    0x080019e0   0x00000028   Code   RO         4053    i.DMA_SetConfig     stm32f4xx_hal_dma.o
    0x08001a08   0x00000002   Code   RO          995    i.DebugMon_Handler  stm32f4xx_it.o
    0x08001a0a   0x00000002   Code   RO          394    i.Error_Handler     main.o
    0x08001a0c   0x0000005c   Code   RO         3160    i.FRICTION_Ctrl     friction.o
    0x08001a68   0x00000128   Code   RO         3161    i.FRIC_KeyLevel_Ctrl  friction.o
    0x08001b90   0x00000128   Code   RO         1542    i.FindMinAngleFortyFive  chassis_task.o
    0x08001cb8   0x00000090   Code   RO         1543    i.FindMinAnglePNY   chassis_task.o
    0x08001d48   0x00000050   Code   RO         3162    i.Fric_GetHeatInc   friction.o
    0x08001d98   0x0000000c   Code   RO         3163    i.Fric_GetSpeedReal  friction.o
    0x08001da4   0x0000005c   Code   RO         3164    i.Friction_Ramp     friction.o
    0x08001e00   0x0000058c   Code   RO         1724    i.GIMBAL_AUTO_Mode_Ctrl  gimbal_task.o
    0x0800238c   0x00000040   Code   RO         1725    i.GIMBAL_AUTO_PITCH_SB  gimbal_task.o
    0x080023cc   0x00000044   Code   RO         1726    i.GIMBAL_AUTO_PITCH_SB_SK  gimbal_task.o
    0x08002410   0x000001c8   Code   RO         1727    i.GIMBAL_BASE_Mode_Ctrl  gimbal_task.o
    0x080025d8   0x000001c4   Code   RO         1728    i.GIMBAL_BUFF_Mode_Ctrl_Gimbal  gimbal_task.o
    0x0800279c   0x00000064   Code   RO         1729    i.GIMBAL_BUFF_PITCH_READY  gimbal_task.o
    0x08002800   0x00000064   Code   RO         1730    i.GIMBAL_BUFF_YAW_READY  gimbal_task.o
    0x08002864   0x00000014   Code   RO         1731    i.GIMBAL_IfAutoHit  gimbal_task.o
    0x08002878   0x00000014   Code   RO         1732    i.GIMBAL_IfAuto_MobPre_Yaw  gimbal_task.o
    0x0800288c   0x0000001c   Code   RO         1733    i.GIMBAL_IfBuffHit  gimbal_task.o
    0x080028a8   0x00000014   Code   RO         1734    i.GIMBAL_IfManulHit  gimbal_task.o
    0x080028bc   0x00000014   Code   RO         1735    i.GIMBAL_If_Base    gimbal_task.o
    0x080028d0   0x00000228   Code   RO         1736    i.GIMBAL_InitArgument  gimbal_task.o
    0x08002af8   0x00000118   Code   RO         1737    i.GIMBAL_Key_Ctrl   gimbal_task.o
    0x08002c10   0x0000003c   Code   RO         1738    i.GIMBAL_LEVEL_Mode_Ctrl  gimbal_task.o
    0x08002c4c   0x0000000c   Code   RO         1739    i.GIMBAL_MOBPRE_YAW_FIRE  gimbal_task.o
    0x08002c58   0x00000218   Code   RO         1740    i.GIMBAL_NORMAL_Mode_Ctrl  gimbal_task.o
    0x08002e70   0x00000090   Code   RO         1741    i.GIMBAL_PositionLoop  gimbal_task.o
    0x08002f00   0x0000015c   Code   RO         1742    i.GIMBAL_kPID_Init  gimbal_task.o
    0x0800305c   0x00000028   Code   RO         2693    i.Get6020SpeedCallback  bsp_motor.o
    0x08003084   0x0000003c   Code   RO         1544    i.GetEnvironmentChassisMode  chassis_task.o
    0x080030c0   0x00000018   Code   RO         1946    i.GetEnvironmentShootMode  shoot_task.o
    0x080030d8   0x0000002c   Code   RO         2386    i.Get_CRC16_Check_Sum  crc.o
    0x08003104   0x0000001c   Code   RO         2387    i.Get_CRC8_Check_Sum  crc.o
    0x08003120   0x00000184   Code   RO         1743    i.GimbalFun         gimbal_task.o
    0x080032a4   0x00000190   Code   RO         1744    i.GimbalOpenInit    gimbal_task.o
    0x08003434   0x00000164   Code   RO         3270    i.HAL_ADC_ConfigChannel  stm32f4xx_hal_adc.o
    0x08003598   0x0000002c   Code   RO          395    i.HAL_ADC_ConvCpltCallback  main.o
    0x080035c4   0x00000002   Code   RO         3272    i.HAL_ADC_ConvHalfCpltCallback  stm32f4xx_hal_adc.o
    0x080035c6   0x00000002   Code   RO         3274    i.HAL_ADC_ErrorCallback  stm32f4xx_hal_adc.o
    0x080035c8   0x00000054   Code   RO         3279    i.HAL_ADC_Init      stm32f4xx_hal_adc.o
    0x0800361c   0x00000098   Code   RO          493    i.HAL_ADC_MspInit   adc.o
    0x080036b4   0x00000130   Code   RO         3286    i.HAL_ADC_Start_DMA  stm32f4xx_hal_adc.o
    0x080037e4   0x00000024   Code   RO         4752    i.HAL_CAN_ActivateNotification  stm32f4xx_hal_can.o
    0x08003808   0x000000c8   Code   RO         4753    i.HAL_CAN_AddTxMessage  stm32f4xx_hal_can.o
    0x080038d0   0x0000010c   Code   RO         4754    i.HAL_CAN_ConfigFilter  stm32f4xx_hal_can.o
    0x080039dc   0x00000002   Code   RO         4757    i.HAL_CAN_ErrorCallback  stm32f4xx_hal_can.o
    0x080039de   0x000000e8   Code   RO         4760    i.HAL_CAN_GetRxMessage  stm32f4xx_hal_can.o
    0x08003ac6   0x0000002c   Code   RO         4762    i.HAL_CAN_GetTxMailboxesFreeLevel  stm32f4xx_hal_can.o
    0x08003af2   0x000001fc   Code   RO         4764    i.HAL_CAN_IRQHandler  stm32f4xx_hal_can.o
    0x08003cee   0x0000011a   Code   RO         4765    i.HAL_CAN_Init      stm32f4xx_hal_can.o
    0x08003e08   0x0000011c   Code   RO          535    i.HAL_CAN_MspInit   can.o
    0x08003f24   0x00000002   Code   RO         4772    i.HAL_CAN_RxFifo0FullCallback  stm32f4xx_hal_can.o
    0x08003f26   0x00000002   PAD
    0x08003f28   0x0000007c   Code   RO         2178    i.HAL_CAN_RxFifo0MsgPendingCallback  bsp_can.o
    0x08003fa4   0x00000002   Code   RO         4774    i.HAL_CAN_RxFifo1FullCallback  stm32f4xx_hal_can.o
    0x08003fa6   0x00000002   Code   RO         4775    i.HAL_CAN_RxFifo1MsgPendingCallback  stm32f4xx_hal_can.o
    0x08003fa8   0x00000002   Code   RO         4776    i.HAL_CAN_SleepCallback  stm32f4xx_hal_can.o
    0x08003faa   0x00000002   PAD
    0x08003fac   0x00000058   Code   RO         4777    i.HAL_CAN_Start     stm32f4xx_hal_can.o
    0x08004004   0x00000002   Code   RO         4779    i.HAL_CAN_TxMailbox0AbortCallback  stm32f4xx_hal_can.o
    0x08004006   0x00000002   Code   RO         4780    i.HAL_CAN_TxMailbox0CompleteCallback  stm32f4xx_hal_can.o
    0x08004008   0x00000002   Code   RO         4781    i.HAL_CAN_TxMailbox1AbortCallback  stm32f4xx_hal_can.o
    0x0800400a   0x00000002   Code   RO         4782    i.HAL_CAN_TxMailbox1CompleteCallback  stm32f4xx_hal_can.o
    0x0800400c   0x00000002   Code   RO         4783    i.HAL_CAN_TxMailbox2AbortCallback  stm32f4xx_hal_can.o
    0x0800400e   0x00000002   Code   RO         4784    i.HAL_CAN_TxMailbox2CompleteCallback  stm32f4xx_hal_can.o
    0x08004010   0x00000002   Code   RO         4786    i.HAL_CAN_WakeUpFromRxMsgCallback  stm32f4xx_hal_can.o
    0x08004012   0x0000008e   Code   RO         4054    i.HAL_DMA_Abort     stm32f4xx_hal_dma.o
    0x080040a0   0x00000024   Code   RO         4055    i.HAL_DMA_Abort_IT  stm32f4xx_hal_dma.o
    0x080040c4   0x000001a0   Code   RO         4059    i.HAL_DMA_IRQHandler  stm32f4xx_hal_dma.o
    0x08004264   0x000000d4   Code   RO         4060    i.HAL_DMA_Init      stm32f4xx_hal_dma.o
    0x08004338   0x00000046   Code   RO         4063    i.HAL_DMA_Start     stm32f4xx_hal_dma.o
    0x0800437e   0x00000078   Code   RO         4064    i.HAL_DMA_Start_IT  stm32f4xx_hal_dma.o
    0x080043f6   0x00000002   PAD
    0x080043f8   0x00000024   Code   RO         4491    i.HAL_Delay         stm32f4xx_hal.o
    0x0800441c   0x000001cc   Code   RO         3947    i.HAL_GPIO_Init     stm32f4xx_hal_gpio.o
    0x080045e8   0x0000000a   Code   RO         3949    i.HAL_GPIO_ReadPin  stm32f4xx_hal_gpio.o
    0x080045f2   0x0000000e   Code   RO         3950    i.HAL_GPIO_TogglePin  stm32f4xx_hal_gpio.o
    0x08004600   0x0000000a   Code   RO         3951    i.HAL_GPIO_WritePin  stm32f4xx_hal_gpio.o
    0x0800460a   0x00000002   PAD
    0x0800460c   0x0000000c   Code   RO         4499    i.HAL_GetTick       stm32f4xx_hal.o
    0x08004618   0x00000010   Code   RO         4505    i.HAL_IncTick       stm32f4xx_hal.o
    0x08004628   0x00000034   Code   RO         4506    i.HAL_Init          stm32f4xx_hal.o
    0x0800465c   0x00000074   Code   RO          796    i.HAL_InitTick      stm32f4xx_hal_timebase_tim.o
    0x080046d0   0x00000038   Code   RO         1133    i.HAL_MspInit       stm32f4xx_hal_msp.o
    0x08004708   0x0000001a   Code   RO         4354    i.HAL_NVIC_EnableIRQ  stm32f4xx_hal_cortex.o
    0x08004722   0x00000002   PAD
    0x08004724   0x00000040   Code   RO         4360    i.HAL_NVIC_SetPriority  stm32f4xx_hal_cortex.o
    0x08004764   0x00000024   Code   RO         4361    i.HAL_NVIC_SetPriorityGrouping  stm32f4xx_hal_cortex.o
    0x08004788   0x00000070   Code   RO         4283    i.HAL_PWREx_EnableOverDrive  stm32f4xx_hal_pwr_ex.o
    0x080047f8   0x00000130   Code   RO         3541    i.HAL_RCC_ClockConfig  stm32f4xx_hal_rcc.o
    0x08004928   0x00000040   Code   RO         3545    i.HAL_RCC_GetClockConfig  stm32f4xx_hal_rcc.o
    0x08004968   0x00000020   Code   RO         3548    i.HAL_RCC_GetPCLK1Freq  stm32f4xx_hal_rcc.o
    0x08004988   0x00000020   Code   RO         3549    i.HAL_RCC_GetPCLK2Freq  stm32f4xx_hal_rcc.o
    0x080049a8   0x00000064   Code   RO         3550    i.HAL_RCC_GetSysClockFreq  stm32f4xx_hal_rcc.o
    0x08004a0c   0x0000031c   Code   RO         3553    i.HAL_RCC_OscConfig  stm32f4xx_hal_rcc.o
    0x08004d28   0x00000080   Code   RO         4996    i.HAL_SPI_Init      stm32f4xx_hal_spi.o
    0x08004da8   0x000000cc   Code   RO          722    i.HAL_SPI_MspInit   spi.o
    0x08004e74   0x0000015c   Code   RO         5004    i.HAL_SPI_Transmit  stm32f4xx_hal_spi.o
    0x08004fd0   0x000001e2   Code   RO         5005    i.HAL_SPI_TransmitReceive  stm32f4xx_hal_spi.o
    0x080051b2   0x00000002   Code   RO         5984    i.HAL_TIMEx_BreakCallback  stm32f4xx_hal_tim_ex.o
    0x080051b4   0x00000002   Code   RO         5985    i.HAL_TIMEx_CommutCallback  stm32f4xx_hal_tim_ex.o
    0x080051b6   0x00000042   Code   RO         6002    i.HAL_TIMEx_MasterConfigSynchronization  stm32f4xx_hal_tim_ex.o
    0x080051f8   0x00000036   Code   RO         5309    i.HAL_TIM_Base_Init  stm32f4xx_hal_tim.o
    0x0800522e   0x00000002   PAD
    0x08005230   0x00000064   Code   RO          836    i.HAL_TIM_Base_MspInit  tim.o
    0x08005294   0x00000024   Code   RO         5312    i.HAL_TIM_Base_Start  stm32f4xx_hal_tim.o
    0x080052b8   0x00000022   Code   RO         5314    i.HAL_TIM_Base_Start_IT  stm32f4xx_hal_tim.o
    0x080052da   0x00000002   Code   RO         5338    i.HAL_TIM_IC_CaptureCallback  stm32f4xx_hal_tim.o
    0x080052dc   0x00000166   Code   RO         5352    i.HAL_TIM_IRQHandler  stm32f4xx_hal_tim.o
    0x08005442   0x00000002   PAD
    0x08005444   0x000000b4   Code   RO          837    i.HAL_TIM_MspPostInit  tim.o
    0x080054f8   0x00000002   Code   RO         5355    i.HAL_TIM_OC_DelayElapsedCallback  stm32f4xx_hal_tim.o
    0x080054fa   0x000000d0   Code   RO         5376    i.HAL_TIM_PWM_ConfigChannel  stm32f4xx_hal_tim.o
    0x080055ca   0x00000036   Code   RO         5379    i.HAL_TIM_PWM_Init  stm32f4xx_hal_tim.o
    0x08005600   0x00000058   Code   RO          839    i.HAL_TIM_PWM_MspInit  tim.o
    0x08005658   0x00000002   Code   RO         5382    i.HAL_TIM_PWM_PulseFinishedCallback  stm32f4xx_hal_tim.o
    0x0800565a   0x00000002   PAD
    0x0800565c   0x00000044   Code   RO         5384    i.HAL_TIM_PWM_Start  stm32f4xx_hal_tim.o
    0x080056a0   0x0000004c   Code   RO          396    i.HAL_TIM_PeriodElapsedCallback  main.o
    0x080056ec   0x00000002   Code   RO         5395    i.HAL_TIM_TriggerCallback  stm32f4xx_hal_tim.o
    0x080056ee   0x00000058   Code   RO         6254    i.HAL_UART_DMAStop  stm32f4xx_hal_uart.o
    0x08005746   0x00000002   Code   RO         6256    i.HAL_UART_ErrorCallback  stm32f4xx_hal_uart.o
    0x08005748   0x00000110   Code   RO         6259    i.HAL_UART_IRQHandler  stm32f4xx_hal_uart.o
    0x08005858   0x00000062   Code   RO         6260    i.HAL_UART_Init     stm32f4xx_hal_uart.o
    0x080058ba   0x00000002   PAD
    0x080058bc   0x000002bc   Code   RO          920    i.HAL_UART_MspInit  usart.o
    0x08005b78   0x00000098   Code   RO         6264    i.HAL_UART_Receive_DMA  stm32f4xx_hal_uart.o
    0x08005c10   0x00000052   Code   RO         6265    i.HAL_UART_Receive_IT  stm32f4xx_hal_uart.o
    0x08005c62   0x00000002   Code   RO         6266    i.HAL_UART_RxCpltCallback  stm32f4xx_hal_uart.o
    0x08005c64   0x00000002   Code   RO         6267    i.HAL_UART_RxHalfCpltCallback  stm32f4xx_hal_uart.o
    0x08005c66   0x00000002   Code   RO         6271    i.HAL_UART_TxCpltCallback  stm32f4xx_hal_uart.o
    0x08005c68   0x00000002   Code   RO          996    i.HardFault_Handler  stm32f4xx_it.o
    0x08005c6a   0x00000068   Code   RO         2444    i.ICM20602_Init     icm20602.o
    0x08005cd2   0x00000002   PAD
    0x08005cd4   0x00000038   Code   RO         1745    i.IMUFun            gimbal_task.o
    0x08005d0c   0x00000310   Code   RO         2445    i.IMU_GetInfo       icm20602.o
    0x0800601c   0x00000164   Code   RO         2446    i.IMU_Get_Offset    icm20602.o
    0x08006180   0x00000064   Code   RO         2447    i.IMU_getValues     icm20602.o
    0x080061e4   0x0000002c   Code   RO         2996    i.JUDGE_IfArmorHurt  judge.o
    0x08006210   0x00000038   Code   RO         2997    i.JUDGE_ShootNumCount  judge.o
    0x08006248   0x0000000c   Code   RO         3001    i.JUDGE_fGetRemainEnergy  judge.o
    0x08006254   0x0000000c   Code   RO         3002    i.JUDGE_sGetDataState  judge.o
    0x08006260   0x0000000c   Code   RO         3004    i.JUDGE_usGetHeatLimit  judge.o
    0x0800626c   0x0000000c   Code   RO         3005    i.JUDGE_usGetRemoteHeat17  judge.o
    0x08006278   0x0000000c   Code   RO         3006    i.JUDGE_usGetShootCold  judge.o
    0x08006284   0x0000000c   Code   RO         3007    i.JUDGE_usGetShootNum  judge.o
    0x08006290   0x00000010   Code   RO         3008    i.JUDGE_usGetSpeedHeat17  judge.o
    0x080062a0   0x0000015c   Code   RO         3010    i.Judge_Read_Data   judge.o
    0x080063fc   0x0000003c   Code   RO         2742    i.KEY_Scan          bsp_oled.o
    0x08006438   0x00000030   Code   RO          330    i.KalmanCreate      kalman.o
    0x08006468   0x0000005a   Code   RO          331    i.KalmanFilter      kalman.o
    0x080064c2   0x00000002   PAD
    0x080064c4   0x00000208   Code   RO         1545    i.KeyboardControlChassis  chassis_task.o
    0x080066cc   0x0000011c   Code   RO         1746    i.KeyboardControlGimbal  gimbal_task.o
    0x080067e8   0x00000058   Code   RO         1947    i.KeyboardShootSpeedSet  shoot_task.o
    0x08006840   0x00000038   Code   RO         1546    i.LimitChassisMotorCurrent  chassis_task.o
    0x08006878   0x00000024   Code   RO         7955    i.LimtValue_f       control.o
    0x0800689c   0x0000001a   Code   RO         2448    i.MPU6500_GetAvg    icm20602.o
    0x080068b6   0x00000002   PAD
    0x080068b8   0x00000150   Code   RO         2449    i.MPU6500_readGyro_Acc  icm20602.o
    0x08006a08   0x00000064   Code   RO          494    i.MX_ADC1_Init      adc.o
    0x08006a6c   0x00000044   Code   RO          536    i.MX_CAN1_Init      can.o
    0x08006ab0   0x00000044   Code   RO          537    i.MX_CAN2_Init      can.o
    0x08006af4   0x0000007c   Code   RO          583    i.MX_DMA_Init       dma.o
    0x08006b70   0x00000100   Code   RO          611    i.MX_FREERTOS_Init  freertos.o
    0x08006c70   0x0000019c   Code   RO          468    i.MX_GPIO_Init      gpio.o
    0x08006e0c   0x00000044   Code   RO          723    i.MX_SPI1_Init      spi.o
    0x08006e50   0x00000044   Code   RO          724    i.MX_SPI5_Init      spi.o
    0x08006e94   0x0000005c   Code   RO          840    i.MX_TIM12_Init     tim.o
    0x08006ef0   0x00000038   Code   RO          841    i.MX_TIM13_Init     tim.o
    0x08006f28   0x00000080   Code   RO          842    i.MX_TIM2_Init      tim.o
    0x08006fa8   0x00000070   Code   RO          843    i.MX_TIM3_Init      tim.o
    0x08007018   0x00000048   Code   RO          844    i.MX_TIM6_Init      tim.o
    0x08007060   0x00000038   Code   RO          921    i.MX_UART7_Init     usart.o
    0x08007098   0x00000038   Code   RO          922    i.MX_UART8_Init     usart.o
    0x080070d0   0x00000040   Code   RO          923    i.MX_USART1_UART_Init  usart.o
    0x08007110   0x00000038   Code   RO          924    i.MX_USART3_UART_Init  usart.o
    0x08007148   0x00000002   Code   RO         3130    i.Magazine_IfOpen   magazine.o
    0x0800714a   0x00000002   Code   RO         3131    i.Magazine_IfWait   magazine.o
    0x0800714c   0x000003d8   Code   RO         2450    i.MahonyAHRSupdate  icm20602.o
    0x08007524   0x00000254   Code   RO         2451    i.MahonyAHRSupdateIMU  icm20602.o
    0x08007778   0x00000016   Code   RO         1547    i.Mecanum_Set_Motor_Speed  chassis_task.o
    0x0800778e   0x00000002   Code   RO          997    i.MemManage_Handler  stm32f4xx_it.o
    0x08007790   0x000000a0   Code   RO         2694    i.Motor_Init        bsp_motor.o
    0x08007830   0x000000a0   Code   RO         2695    i.Motor_Init2       bsp_motor.o
    0x080078d0   0x00000002   Code   RO          998    i.NMI_Handler       stm32f4xx_it.o
    0x080078d2   0x00000002   PAD
    0x080078d4   0x000007f6   Code   RO         1420    i.OLED_Change_Param  oled_task.o
    0x080080ca   0x00000002   PAD
    0x080080cc   0x00000088   Code   RO         1421    i.OLED_Show_Info    oled_task.o
    0x08008154   0x000000f4   Code   RO         1424    i.Oled_ShowGM6020Set  oled_task.o
    0x08008248   0x000000e4   Code   RO         1425    i.Oled_ShowIMU      oled_task.o
    0x0800832c   0x0000010c   Code   RO         1426    i.Oled_ShowJY901    oled_task.o
    0x08008438   0x00000138   Code   RO         1427    i.Oled_ShowMotor    oled_task.o
    0x08008570   0x00000140   Code   RO         1428    i.Oled_ShowMotorSet  oled_task.o
    0x080086b0   0x000000dc   Code   RO         1429    i.Oled_ShowRC       oled_task.o
    0x0800878c   0x000000fc   Code   RO         1431    i.Oled_Show_Manu    oled_task.o
    0x08008888   0x00000048   Code   RO           13    i.OutControl_Fun    mysystem.o
    0x080088d0   0x000001ec   Code   RO         2348    i.PID_Calc          bsp_pid.o
    0x08008abc   0x00000078   Code   RO         2349    i.PID_Init          bsp_pid.o
    0x08008b34   0x0000008a   Code   RO         1948    i.PWM_Set_Shootspeed  shoot_task.o
    0x08008bbe   0x0000000e   Code   RO           14    i.Parameter_Init    mysystem.o
    0x08008bcc   0x0000003a   Code   RO         7957    i.RAMP_float        control.o
    0x08008c06   0x00000002   PAD
    0x08008c08   0x00000060   Code   RO         2264    i.REMOTE_IfDataError  bsp_dbus.o
    0x08008c68   0x0000000c   Code   RO         2265    i.REMOTE_ulGetLostTime  bsp_dbus.o
    0x08008c74   0x00000018   Code   RO         2266    i.REMOTE_vResetData  bsp_dbus.o
    0x08008c8c   0x00000014   Code   RO         2267    i.REMOTE_vUpdateLostTime  bsp_dbus.o
    0x08008ca0   0x00000040   Code   RO         1949    i.REVOLVER_InitArgument  shoot_task.o
    0x08008ce0   0x00000068   Code   RO         1950    i.REVOLVER_KeyPosiCtrl  shoot_task.o
    0x08008d48   0x0000007c   Code   RO         1952    i.REVOLVER_Key_Ctrl  shoot_task.o
    0x08008dc4   0x0000001c   Code   RO         1953    i.REVOLVER_Rc_Ctrl  shoot_task.o
    0x08008de0   0x00000054   Code   RO         1954    i.REVOLVER_Rest     shoot_task.o
    0x08008e34   0x00000080   Code   RO         1958    i.REVOL_PositStuck  shoot_task.o
    0x08008eb4   0x00000068   Code   RO         1959    i.REVOL_PositionLoop  shoot_task.o
    0x08008f1c   0x0000004c   Code   RO         1960    i.REVOL_SpeedLoop   shoot_task.o
    0x08008f68   0x0000006c   Code   RO         1961    i.REVOL_SpeedStuck  shoot_task.o
    0x08008fd4   0x0000005c   Code   RO         1962    i.REVOL_UpdateMotorAngleSum  shoot_task.o
    0x08009030   0x00000050   Code   RO         7958    i.RampInc_float     control.o
    0x08009080   0x00000220   Code   RO         1548    i.RemoteControlChassis  chassis_task.o
    0x080092a0   0x000001b4   Code   RO         1747    i.RemoteControlGimbal  gimbal_task.o
    0x08009454   0x00000038   Code   RO         1964    i.RemoteShootSpeedSet  shoot_task.o
    0x0800948c   0x00000034   Code   RO         1965    i.Revolver_Angle_Rest  shoot_task.o
    0x080094c0   0x000000e4   Code   RO         1966    i.Revolver_Heat_Limit  shoot_task.o
    0x080095a4   0x00000078   Code   RO         1967    i.SHOOT_AUTO_Ctrl   shoot_task.o
    0x0800961c   0x00000164   Code   RO         1968    i.SHOOT_BUFF_Ctrl_Gimbal  shoot_task.o
    0x08009780   0x00000028   Code   RO         1969    i.SHOOT_HIGHTF_LOWS_Ctrl  shoot_task.o
    0x080097a8   0x00000028   Code   RO         1970    i.SHOOT_MIDF_HIGHTS_Ctrl  shoot_task.o
    0x080097d0   0x000000ac   Code   RO         1971    i.SHOOT_NORMAL_Ctrl  shoot_task.o
    0x0800987c   0x0000002c   Code   RO         1972    i.SHOOT_SINGLE_Ctrl  shoot_task.o
    0x080098a8   0x00000060   Code   RO         1973    i.SHOOT_TRIPLE_Ctrl  shoot_task.o
    0x08009908   0x00000058   Code   RO         5034    i.SPI_EndRxTxTransaction  stm32f4xx_hal_spi.o
    0x08009960   0x00000094   Code   RO         5039    i.SPI_WaitFlagStateUntilTimeout  stm32f4xx_hal_spi.o
    0x080099f4   0x00000134   Code   RO           15    i.SYSTEM_InitPeripheral  mysystem.o
    0x08009b28   0x000000ac   Code   RO         3011    i.Send_to_Teammate  judge.o
    0x08009bd4   0x0000004c   Code   RO         1549    i.SetChassisMotorMaxCurrent  chassis_task.o
    0x08009c20   0x000000a4   Code   RO         1974    i.ShootFun          shoot_task.o
    0x08009cc4   0x00000018   Code   RO         1432    i.ShowOLEDFun       oled_task.o
    0x08009cdc   0x000000c4   Code   RO           16    i.ShowRunningFun    mysystem.o
    0x08009da0   0x00000002   Code   RO         3221    i.SuperCap_Giveout_Control  super_cap.o
    0x08009da2   0x00000002   Code   RO         3222    i.Super_Charging_Control  super_cap.o
    0x08009da4   0x0000002c   Code   RO         7873    i.SysTick_Handler   port.o
    0x08009dd0   0x00000088   Code   RO          397    i.SystemClock_Config  main.o
    0x08009e58   0x00000054   Code   RO         1383    i.SystemInit        system_stm32f4xx.o
    0x08009eac   0x0000000c   Code   RO          999    i.TIM1_UP_TIM10_IRQHandler  stm32f4xx_it.o
    0x08009eb8   0x0000000c   Code   RO         1000    i.TIM6_DAC_IRQHandler  stm32f4xx_it.o
    0x08009ec4   0x0000000c   Code   RO         1001    i.TIM8_UP_TIM13_IRQHandler  stm32f4xx_it.o
    0x08009ed0   0x000000c8   Code   RO         5397    i.TIM_Base_SetConfig  stm32f4xx_hal_tim.o
    0x08009f98   0x0000001a   Code   RO         5398    i.TIM_CCxChannelCmd  stm32f4xx_hal_tim.o
    0x08009fb2   0x00000002   PAD
    0x08009fb4   0x00000018   Code   RO         3165    i.TIM_FrictionPwmOutp  friction.o
    0x08009fcc   0x00000060   Code   RO         5410    i.TIM_OC1_SetConfig  stm32f4xx_hal_tim.o
    0x0800a02c   0x0000006c   Code   RO         5411    i.TIM_OC2_SetConfig  stm32f4xx_hal_tim.o
    0x0800a098   0x00000068   Code   RO         5412    i.TIM_OC3_SetConfig  stm32f4xx_hal_tim.o
    0x0800a100   0x00000050   Code   RO         5413    i.TIM_OC4_SetConfig  stm32f4xx_hal_tim.o
    0x0800a150   0x0000009c   Code   RO         1748    i.Target_Speed_Calc  gimbal_task.o
    0x0800a1ec   0x0000000c   Code   RO          398    i.Task_500ms        main.o
    0x0800a1f8   0x00000018   Code   RO         1002    i.UART7_IRQHandler  stm32f4xx_it.o
    0x0800a210   0x00000018   Code   RO         1003    i.UART8_IRQHandler  stm32f4xx_it.o
    0x0800a228   0x00000010   Code   RO         6273    i.UART_DMAAbortOnError  stm32f4xx_hal_uart.o
    0x0800a238   0x0000004a   Code   RO         6274    i.UART_DMAError     stm32f4xx_hal_uart.o
    0x0800a282   0x0000003c   Code   RO         6275    i.UART_DMAReceiveCplt  stm32f4xx_hal_uart.o
    0x0800a2be   0x0000000a   Code   RO         6277    i.UART_DMARxHalfCplt  stm32f4xx_hal_uart.o
    0x0800a2c8   0x0000001c   Code   RO         6283    i.UART_EndRxTransfer  stm32f4xx_hal_uart.o
    0x0800a2e4   0x00000012   Code   RO         6284    i.UART_EndTxTransfer  stm32f4xx_hal_uart.o
    0x0800a2f6   0x00000096   Code   RO         6285    i.UART_Receive_IT   stm32f4xx_hal_uart.o
    0x0800a38c   0x000002ac   Code   RO         6286    i.UART_SetConfig    stm32f4xx_hal_uart.o
    0x0800a638   0x00000062   Code   RO         6287    i.UART_Transmit_IT  stm32f4xx_hal_uart.o
    0x0800a69a   0x00000002   PAD
    0x0800a69c   0x00000018   Code   RO         1004    i.USART1_IRQHandler  stm32f4xx_it.o
    0x0800a6b4   0x0000005c   Code   RO          925    i.USART3_IRQHandler  usart.o
    0x0800a710   0x00000002   Code   RO         1005    i.UsageFault_Handler  stm32f4xx_it.o
    0x0800a712   0x00000002   PAD
    0x0800a714   0x0000003c   Code   RO         2388    i.Verify_CRC16_Check_Sum  crc.o
    0x0800a750   0x00000026   Code   RO         2389    i.Verify_CRC8_Check_Sum  crc.o
    0x0800a776   0x00000002   PAD
    0x0800a778   0x00000030   Code   RO         2892    i.Vision_Base_Yaw_Pixel  bsp_vision.o
    0x0800a7a8   0x0000000c   Code   RO         2893    i.Vision_Clean_Ammor_Flag  bsp_vision.o
    0x0800a7b4   0x0000000c   Code   RO         2894    i.Vision_Clean_Update_Flag  bsp_vision.o
    0x0800a7c0   0x00000002   Code   RO         2895    i.Vision_Error_Angle_Pitch  bsp_vision.o
    0x0800a7c2   0x00000002   PAD
    0x0800a7c4   0x00000054   Code   RO         2896    i.Vision_Error_Angle_Yaw  bsp_vision.o
    0x0800a818   0x00000002   Code   RO         2897    i.Vision_Error_Pitch  bsp_vision.o
    0x0800a81a   0x00000002   Code   RO         2898    i.Vision_Error_Yaw  bsp_vision.o
    0x0800a81c   0x0000002c   Code   RO         2899    i.Vision_Get_Distance  bsp_vision.o
    0x0800a848   0x00000010   Code   RO         2900    i.Vision_If_Armor   bsp_vision.o
    0x0800a858   0x00000010   Code   RO         2901    i.Vision_If_Update  bsp_vision.o
    0x0800a868   0x00000030   Code   RO         8181    i.__ARM_fpclassify  m_wm.l(fpclassify.o)
    0x0800a898   0x00000020   Code   RO         4367    i.__NVIC_SetPriority  stm32f4xx_hal_cortex.o
    0x0800a8b8   0x00000360   Code   RO         8021    i.__hardfp_asin     m_wm.l(asin.o)
    0x0800ac18   0x000002d8   Code   RO         8150    i.__hardfp_atan     m_wm.l(atan.o)
    0x0800aef0   0x000001f0   Code   RO         8035    i.__hardfp_atan2    m_wm.l(atan2.o)
    0x0800b0e0   0x000000c8   Code   RO         8047    i.__hardfp_cos      m_wm.l(cos.o)
    0x0800b1a8   0x00000014   Code   RO         8059    i.__hardfp_fabs     m_wm.l(fabs.o)
    0x0800b1bc   0x00000004   PAD
    0x0800b1c0   0x000000c8   Code   RO         8065    i.__hardfp_sin      m_wm.l(sin.o)
    0x0800b288   0x0000007a   Code   RO         8077    i.__hardfp_sqrt     m_wm.l(sqrt.o)
    0x0800b302   0x00000006   PAD
    0x0800b308   0x00000438   Code   RO         8186    i.__ieee754_rem_pio2  m_wm.l(rred.o)
    0x0800b740   0x00000170   Code   RO         8164    i.__kernel_cos      m_wm.l(cos_i.o)
    0x0800b8b0   0x000000f8   Code   RO         8183    i.__kernel_poly     m_wm.l(poly.o)
    0x0800b9a8   0x00000130   Code   RO         8191    i.__kernel_sin      m_wm.l(sin_i.o)
    0x0800bad8   0x00000014   Code   RO         8168    i.__mathlib_dbl_infnan  m_wm.l(dunder.o)
    0x0800baec   0x00000014   Code   RO         8169    i.__mathlib_dbl_infnan2  m_wm.l(dunder.o)
    0x0800bb00   0x00000020   Code   RO         8170    i.__mathlib_dbl_invalid  m_wm.l(dunder.o)
    0x0800bb20   0x00000020   Code   RO         8173    i.__mathlib_dbl_underflow  m_wm.l(dunder.o)
    0x0800bb40   0x0000000e   Code   RO         8246    i.__scatterload_copy  mc_w.l(handlers.o)
    0x0800bb4e   0x00000002   Code   RO         8247    i.__scatterload_null  mc_w.l(handlers.o)
    0x0800bb50   0x0000000e   Code   RO         8248    i.__scatterload_zeroinit  mc_w.l(handlers.o)
    0x0800bb5e   0x00000002   PAD
    0x0800bb60   0x0000000c   Code   RO         8224    i.__set_errno       mc_w.l(errno.o)
    0x0800bb6c   0x00000010   Code   RO         7959    i.abs_float         control.o
    0x0800bb7c   0x0000007c   Code   RO         1157    i.arm_mat_add_f32   arm_mat_add_f32.o
    0x0800bbf8   0x00000008   Code   RO         1214    i.arm_mat_init_f32  arm_mat_init_f32.o
    0x0800bc00   0x00000264   Code   RO         1238    i.arm_mat_inverse_f32  arm_mat_inverse_f32.o
    0x0800be64   0x000000dc   Code   RO         1286    i.arm_mat_mult_f32  arm_mat_mult_f32.o
    0x0800bf40   0x0000007c   Code   RO         1334    i.arm_mat_sub_f32   arm_mat_sub_f32.o
    0x0800bfbc   0x0000007a   Code   RO         1358    i.arm_mat_trans_f32  arm_mat_trans_f32.o
    0x0800c036   0x00000010   Code   RO         8152    i.atan              m_wm.l(atan.o)
    0x0800c046   0x00000020   Code   RO         7960    i.constrain_float   control.o
    0x0800c066   0x00000002   PAD
    0x0800c068   0x00000028   Code   RO         2268    i.dbus_uart_init    bsp_dbus.o
    0x0800c090   0x00000018   Code   RO         8061    i.fabs              m_wm.l(fabs.o)
    0x0800c0a8   0x00000058   Code   RO         2744    i.getOledKeyValue   bsp_oled.o
    0x0800c100   0x0000006c   Code   RO         2179    i.get_chassis_power  bsp_can.o
    0x0800c16c   0x00000060   Code   RO         2180    i.get_moto_measure  bsp_can.o
    0x0800c1cc   0x00000010   Code   RO         1975    i.get_signal        shoot_task.o
    0x0800c1dc   0x00000008   Code   RO          617    i.hero_shoot_fun    freertos.o
    0x0800c1e4   0x00000060   Code   RO         2457    i.icm20602_read_buffer  icm20602.o
    0x0800c244   0x00000054   Code   RO         2461    i.icm20602_write_reg  icm20602.o
    0x0800c298   0x0000000c   Code   RO         7454    i.inHandlerMode     cmsis_os.o
    0x0800c2a4   0x0000002c   Code   RO         2623    i.invSqrt           madgwick_ahrs.o
    0x0800c2d0   0x0000001c   Code   RO         3013    i.is_red_or_blue    judge.o
    0x0800c2ec   0x000001cc   Code   RO         2586    i.jy901_callback_handler  jy901.o
    0x0800c4b8   0x00000028   Code   RO         2587    i.jy901_uart_init   jy901.o
    0x0800c4e0   0x0000014c   Code   RO          351    i.kalman_filter_calc  kalman_filter.o
    0x0800c62c   0x000000e2   Code   RO          352    i.kalman_filter_init  kalman_filter.o
    0x0800c70e   0x00000002   PAD
    0x0800c710   0x0000006c   Code   RO          399    i.main              main.o
    0x0800c77c   0x0000000c   Code   RO         7456    i.makeFreeRtosPriority  cmsis_os.o
    0x0800c788   0x00000088   Code   RO         1550    i.mecanum_calc      chassis_task.o
    0x0800c810   0x00000028   Code   RO         2183    i.my_can_filter_init_recv_all  bsp_can.o
    0x0800c838   0x00000198   Code   RO         2745    i.num2char          bsp_oled.o
    0x0800c9d0   0x0000006c   Code   RO         1433    i.oled_LOGO         oled_task.o
    0x0800ca3c   0x00000044   Code   RO         2746    i.oled_clear        bsp_oled.o
    0x0800ca80   0x00000048   Code   RO         2750    i.oled_drawpoint    bsp_oled.o
    0x0800cac8   0x00000124   Code   RO         2751    i.oled_init         bsp_oled.o
    0x0800cbec   0x00000010   Code   RO         2752    i.oled_pow          bsp_oled.o
    0x0800cbfc   0x00000034   Code   RO         2754    i.oled_refresh_gram  bsp_oled.o
    0x0800cc30   0x0000002a   Code   RO         2755    i.oled_set_pos      bsp_oled.o
    0x0800cc5a   0x00000002   PAD
    0x0800cc5c   0x00000078   Code   RO         2756    i.oled_showchar     bsp_oled.o
    0x0800ccd4   0x00000022   Code   RO         2757    i.oled_showfloat    bsp_oled.o
    0x0800ccf6   0x000000de   Code   RO         2758    i.oled_shownum      bsp_oled.o
    0x0800cdd4   0x00000036   Code   RO         2759    i.oled_showstring   bsp_oled.o
    0x0800ce0a   0x00000002   PAD
    0x0800ce0c   0x0000002c   Code   RO         2760    i.oled_write_byte   bsp_oled.o
    0x0800ce38   0x0000000e   Code   RO         7458    i.osDelay           cmsis_os.o
    0x0800ce46   0x0000000a   Code   RO         7461    i.osKernelStart     cmsis_os.o
    0x0800ce50   0x00000054   Code   RO         7495    i.osThreadCreate    cmsis_os.o
    0x0800cea4   0x00000040   Code   RO         7506    i.osTimerCreate     cmsis_os.o
    0x0800cee4   0x0000005c   Code   RO         7508    i.osTimerStart      cmsis_os.o
    0x0800cf40   0x00000070   Code   RO         7020    i.prvAddCurrentTaskToDelayedList  tasks.o
    0x0800cfb0   0x000000d0   Code   RO         7021    i.prvAddNewTaskToReadyList  tasks.o
    0x0800d080   0x00000058   Code   RO         7325    i.prvCheckForValidListAndQueue  timers.o
    0x0800d0d8   0x00000026   Code   RO         6702    i.prvCopyDataFromQueue  queue.o
    0x0800d0fe   0x0000006c   Code   RO         6703    i.prvCopyDataToQueue  queue.o
    0x0800d16a   0x00000034   Code   RO         7022    i.prvDeleteTCB      tasks.o
    0x0800d19e   0x00000002   PAD
    0x0800d1a0   0x0000004c   Code   RO         7823    i.prvHeapInit       heap_4.o
    0x0800d1ec   0x00000060   Code   RO         7023    i.prvIdleTask       tasks.o
    0x0800d24c   0x00000016   Code   RO         6705    i.prvInitialiseNewQueue  queue.o
    0x0800d262   0x0000008e   Code   RO         7024    i.prvInitialiseNewTask  tasks.o
    0x0800d2f0   0x00000044   Code   RO         7326    i.prvInitialiseNewTimer  timers.o
    0x0800d334   0x0000004c   Code   RO         7824    i.prvInsertBlockIntoFreeList  heap_4.o
    0x0800d380   0x00000038   Code   RO         7327    i.prvInsertTimerInActiveList  timers.o
    0x0800d3b8   0x0000001c   Code   RO         6706    i.prvIsQueueEmpty   queue.o
    0x0800d3d4   0x000000bc   Code   RO         7328    i.prvProcessReceivedCommands  timers.o
    0x0800d490   0x000000b4   Code   RO         7329    i.prvProcessTimerOrBlockTask  timers.o
    0x0800d544   0x00000020   Code   RO         7025    i.prvResetNextTaskUnblockTime  tasks.o
    0x0800d564   0x00000028   Code   RO         7330    i.prvSampleTimeNow  timers.o
    0x0800d58c   0x0000006c   Code   RO         7331    i.prvSwitchTimerLists  timers.o
    0x0800d5f8   0x00000028   Code   RO         7874    i.prvTaskExitError  port.o
    0x0800d620   0x00000034   Code   RO         7026    i.prvTaskIsTaskSuspended  tasks.o
    0x0800d654   0x00000024   Code   RO         7332    i.prvTimerTask      timers.o
    0x0800d678   0x0000006a   Code   RO         6707    i.prvUnlockQueue    queue.o
    0x0800d6e2   0x00000002   PAD
    0x0800d6e4   0x000000d8   Code   RO         7825    i.pvPortMalloc      heap_4.o
    0x0800d7bc   0x0000002c   Code   RO         7875    i.pxPortInitialiseStack  port.o
    0x0800d7e8   0x000000da   Code   RO         2270    i.rc_callback_handler  bsp_dbus.o
    0x0800d8c2   0x00000002   PAD
    0x0800d8c4   0x00000064   Code   RO         2462    i.safe_asin         icm20602.o
    0x0800d928   0x00000060   Code   RO         2184    i.set_moto1234_current  bsp_can.o
    0x0800d988   0x00000060   Code   RO         2185    i.set_moto5678_current  bsp_can.o
    0x0800d9e8   0x0000002c   Code   RO         2187    i.set_supercap_current  bsp_can.o
    0x0800da14   0x00000078   Code   RO         1976    i.shoot_continuity  shoot_task.o
    0x0800da8c   0x000000c8   Code   RO         1977    i.shoot_single      shoot_task.o
    0x0800db54   0x00000070   Code   RO         1978    i.shoot_stop        shoot_task.o
    0x0800dbc4   0x0000006e   Code   RO         8079    i.sqrt              m_wm.l(sqrt.o)
    0x0800dc32   0x0000004e   Code   RO         2271    i.uart_receive_dma_no_it  bsp_dbus.o
    0x0800dc80   0x00000014   Code   RO         2272    i.uart_receive_handler  bsp_dbus.o
    0x0800dc94   0x000000cc   Code   RO         2273    i.uart_rx_idle_callback  bsp_dbus.o
    0x0800dd60   0x00000026   Code   RO         6662    i.uxListRemove      list.o
    0x0800dd86   0x00000002   PAD
    0x0800dd88   0x00000014   Code   RO          618    i.vApplicationGetIdleTaskMemory  freertos.o
    0x0800dd9c   0x00000018   Code   RO          619    i.vApplicationGetTimerTaskMemory  freertos.o
    0x0800ddb4   0x00000016   Code   RO         6663    i.vListInitialise   list.o
    0x0800ddca   0x00000006   Code   RO         6664    i.vListInitialiseItem  list.o
    0x0800ddd0   0x00000030   Code   RO         6665    i.vListInsert       list.o
    0x0800de00   0x00000018   Code   RO         6666    i.vListInsertEnd    list.o
    0x0800de18   0x000000e8   Code   RO         1750    i.vPitch_Mech_PositionLoop  gimbal_task.o
    0x0800df00   0x00000040   Code   RO         7877    i.vPortEnterCritical  port.o
    0x0800df40   0x00000028   Code   RO         7878    i.vPortExitCritical  port.o
    0x0800df68   0x0000005c   Code   RO         7826    i.vPortFree         heap_4.o
    0x0800dfc4   0x00000024   Code   RO         7879    i.vPortSetupTimerInterrupt  port.o
    0x0800dfe8   0x00000054   Code   RO         7880    i.vPortValidateInterruptPriority  port.o
    0x0800e03c   0x00000028   Code   RO         6711    i.vQueueAddToRegistry  queue.o
    0x0800e064   0x00000044   Code   RO         6714    i.vQueueWaitForMessageRestricted  queue.o
    0x0800e0a8   0x0000004c   Code   RO         7033    i.vTaskDelay        tasks.o
    0x0800e0f4   0x0000008c   Code   RO         7034    i.vTaskDelayUntil   tasks.o
    0x0800e180   0x00000010   Code   RO         7037    i.vTaskInternalSetTimeOutState  tasks.o
    0x0800e190   0x0000000c   Code   RO         7038    i.vTaskMissedYield  tasks.o
    0x0800e19c   0x00000030   Code   RO         7040    i.vTaskPlaceOnEventList  tasks.o
    0x0800e1cc   0x00000038   Code   RO         7041    i.vTaskPlaceOnEventListRestricted  tasks.o
    0x0800e204   0x0000007c   Code   RO         7046    i.vTaskResume       tasks.o
    0x0800e280   0x00000088   Code   RO         7048    i.vTaskStartScheduler  tasks.o
    0x0800e308   0x000000bc   Code   RO         7049    i.vTaskSuspend      tasks.o
    0x0800e3c4   0x00000010   Code   RO         7050    i.vTaskSuspendAll   tasks.o
    0x0800e3d4   0x0000005c   Code   RO         7051    i.vTaskSwitchContext  tasks.o
    0x0800e430   0x000000d0   Code   RO         1751    i.vYaw_Gyro_PositionLoop  gimbal_task.o
    0x0800e500   0x000000cc   Code   RO         1752    i.vYaw_Mech_PositionLoop  gimbal_task.o
    0x0800e5cc   0x000000e4   Code   RO         2902    i.vision_callback_handler  bsp_vision.o
    0x0800e6b0   0x00000028   Code   RO         2903    i.vision_uart_init  bsp_vision.o
    0x0800e6d8   0x000000f4   Code   RO         7881    i.xPortStartScheduler  port.o
    0x0800e7cc   0x00000066   Code   RO         6718    i.xQueueGenericCreateStatic  queue.o
    0x0800e832   0x00000002   PAD
    0x0800e834   0x00000088   Code   RO         6719    i.xQueueGenericReset  queue.o
    0x0800e8bc   0x00000160   Code   RO         6720    i.xQueueGenericSend  queue.o
    0x0800ea1c   0x000000bc   Code   RO         6721    i.xQueueGenericSendFromISR  queue.o
    0x0800ead8   0x00000138   Code   RO         6727    i.xQueueReceive     queue.o
    0x0800ec10   0x00000074   Code   RO         7052    i.xTaskCheckForTimeOut  tasks.o
    0x0800ec84   0x0000005a   Code   RO         7053    i.xTaskCreate       tasks.o
    0x0800ecde   0x00000056   Code   RO         7054    i.xTaskCreateStatic  tasks.o
    0x0800ed34   0x0000001c   Code   RO         7058    i.xTaskGetSchedulerState  tasks.o
    0x0800ed50   0x0000000c   Code   RO         7059    i.xTaskGetTickCount  tasks.o
    0x0800ed5c   0x000000c8   Code   RO         7061    i.xTaskIncrementTick  tasks.o
    0x0800ee24   0x00000098   Code   RO         7064    i.xTaskPriorityDisinherit  tasks.o
    0x0800eebc   0x00000074   Code   RO         7066    i.xTaskRemoveFromEventList  tasks.o
    0x0800ef30   0x000000c4   Code   RO         7067    i.xTaskResumeAll    tasks.o
    0x0800eff4   0x00000034   Code   RO         7335    i.xTimerCreate      timers.o
    0x0800f028   0x0000002e   Code   RO         7336    i.xTimerCreateStatic  timers.o
    0x0800f056   0x00000002   PAD
    0x0800f058   0x00000060   Code   RO         7337    i.xTimerCreateTimerTask  timers.o
    0x0800f0b8   0x00000060   Code   RO         7338    i.xTimerGenericCommand  timers.o
    0x0800f118   0x000000f0   Data   RO          621    .constdata          freertos.o
    0x0800f208   0x00000010   Data   RO         1384    .constdata          system_stm32f4xx.o
    0x0800f218   0x00000008   Data   RO         1385    .constdata          system_stm32f4xx.o
    0x0800f220   0x00000048   Data   RO         1552    .constdata          chassis_task.o
    0x0800f268   0x00000048   Data   RO         1755    .constdata          gimbal_task.o
    0x0800f2b0   0x00000018   Data   RO         1979    .constdata          shoot_task.o
    0x0800f2c8   0x00000300   Data   RO         2391    .constdata          crc.o
    0x0800f5c8   0x00000474   Data   RO         2762    .constdata          bsp_oled.o
    0x0800fa3c   0x00000400   Data   RO         2764    .constdata          bsp_oled.o
    0x0800fe3c   0x00000008   Data   RO         4066    .constdata          stm32f4xx_hal_dma.o
    0x0800fe44   0x00000004   PAD
    0x0800fe48   0x00000050   Data   RO         8024    .constdata          m_wm.l(asin.o)
    0x0800fe98   0x00000098   Data   RO         8153    .constdata          m_wm.l(atan.o)
    0x0800ff30   0x00000030   Data   RO         8165    .constdata          m_wm.l(cos_i.o)
    0x0800ff60   0x00000008   Data   RO         8185    .constdata          m_wm.l(qnan.o)
    0x0800ff68   0x000000c8   Data   RO         8188    .constdata          m_wm.l(rred.o)
    0x08010030   0x00000028   Data   RO         8192    .constdata          m_wm.l(sin_i.o)
    0x08010058   0x00000067   Data   RO          622    .conststring        freertos.o
    0x080100bf   0x00000001   PAD
    0x080100c0   0x00000020   Data   RO         8244    Region$$Table       anon$$obj.o


    Execution Region RW_IRAM1 (Base: 0x20000000, Size: 0x00006e88, Max: 0x00030000, ABSOLUTE, COMPRESSED[0x000000e0])

    Base Addr    Size         Type   Attr      Idx    E Section Name        Object

    0x20000000   0x00000008   Data   RW           17    .data               mysystem.o
    0x20000008   0x00000001   Data   RW           18    .data               mysystem.o
    0x20000009   0x00000001   Data   RW           19    .data               mysystem.o
    0x2000000a   0x00000001   Data   RW           20    .data               mysystem.o
    0x2000000b   0x00000001   PAD
    0x2000000c   0x00000008   Data   RW          353    .data               kalman_filter.o
    0x20000014   0x00000002   Data   RW          401    .data               main.o
    0x20000016   0x00000002   PAD
    0x20000018   0x00000004   Data   RW          539    .data               can.o
    0x2000001c   0x00000028   Data   RW          623    .data               freertos.o
    0x20000044   0x00000004   Data   RW         1386    .data               system_stm32f4xx.o
    0x20000048   0x00000006   Data   RW         1434    .data               oled_task.o
    0x2000004e   0x00000002   PAD
    0x20000050   0x00000064   Data   RW         1553    .data               chassis_task.o
    0x200000b4   0x00000384   Data   RW         1756    .data               gimbal_task.o
    0x20000438   0x000000a8   Data   RW         1980    .data               shoot_task.o
    0x200004e0   0x00000005   Data   RW         2189    .data               bsp_can.o
    0x200004e5   0x00000003   PAD
    0x200004e8   0x00000004   Data   RW         2275    .data               bsp_dbus.o
    0x200004ec   0x00000002   Data   RW         2393    .data               crc.o
    0x200004ee   0x00000002   PAD
    0x200004f0   0x00000068   Data   RW         2464    .data               icm20602.o
    0x20000558   0x00000001   Data   RW         2589    .data               jy901.o
    0x20000559   0x0000000c   Data   RW         2765    .data               bsp_oled.o
    0x20000565   0x00000003   PAD
    0x20000568   0x00000008   Data   RW         2906    .data               bsp_vision.o
    0x20000570   0x00000043   Data   RW         3015    .data               judge.o
    0x200005b3   0x00000001   PAD
    0x200005b4   0x0000003c   Data   RW         3166    .data               friction.o
    0x200005f0   0x0000000c   Data   RW         4513    .data               stm32f4xx_hal.o
    0x200005fc   0x0000003c   Data   RW         7070    .data               tasks.o
    0x20000638   0x00000014   Data   RW         7344    .data               timers.o
    0x2000064c   0x00000018   Data   RW         7831    .data               heap_4.o
    0x20000664   0x0000000c   Data   RW         7882    .data               port.o
    0x20000670   0x00000004   Data   RW         8225    .data               mc_w.l(errno.o)
    0x20000674   0x0000003c   Zero   RW          400    .bss                main.o
    0x200006b0   0x000000a8   Zero   RW          495    .bss                adc.o
    0x20000758   0x00000050   Zero   RW          538    .bss                can.o
    0x200007a8   0x000006a8   Zero   RW          620    .bss                freertos.o
    0x20000e50   0x000000b0   Zero   RW          725    .bss                spi.o
    0x20000f00   0x00000040   Zero   RW          799    .bss                stm32f4xx_hal_timebase_tim.o
    0x20000f40   0x00000140   Zero   RW          845    .bss                tim.o
    0x20001080   0x00000348   Zero   RW          926    .bss                usart.o
    0x200013c8   0x0000009c   Zero   RW         1551    .bss                chassis_task.o
    0x20001464   0x000004c0   Zero   RW         1753    .bss                gimbal_task.o
    0x20001924   0x00000528   Zero   RW         2188    .bss                bsp_can.o
    0x20001e4c   0x00000028   Zero   RW         2274    .bss                bsp_dbus.o
    0x20001e74   0x0000012c   Zero   RW         2463    .bss                icm20602.o
    0x20001fa0   0x00000062   Zero   RW         2588    .bss                jy901.o
    0x20002002   0x00000002   PAD
    0x20002004   0x000000c8   Zero   RW         2696    .bss                bsp_motor.o
    0x200020cc   0x000000c8   Zero   RW         2697    .bss                bsp_motor.o
    0x20002194   0x000000c8   Zero   RW         2698    .bss                bsp_motor.o
    0x2000225c   0x000000c8   Zero   RW         2699    .bss                bsp_motor.o
    0x20002324   0x00000258   Zero   RW         2700    .bss                bsp_motor.o
    0x2000257c   0x000000c8   Zero   RW         2701    .bss                bsp_motor.o
    0x20002644   0x00000418   Zero   RW         2761    .bss                bsp_oled.o
    0x20002a5c   0x00000022   Zero   RW         2904    .bss                bsp_vision.o
    0x20002a7e   0x000001f2   Zero   RW         3014    .bss                judge.o
    0x20002c70   0x00000040   Zero   RW         6730    .bss                queue.o
    0x20002cb0   0x000000f0   Zero   RW         7069    .bss                tasks.o
    0x20002da0   0x000000e8   Zero   RW         7343    .bss                timers.o
    0x20002e88   0x00003c00   Zero   RW         7830    .bss                heap_4.o
    0x20006a88   0x00000400   Zero   RW            1    STACK               startup_stm32f427xx.o


==============================================================================

Image component sizes


      Code (inc. data)   RO Data    RW Data    ZI Data      Debug   Object Name

       252         32          0          0        168       1843   adc.o
       124          0          0          0          0      15226   arm_mat_add_f32.o
         8          0          0          0          0       1015   arm_mat_init_f32.o
       612          4          0          0          0       2898   arm_mat_inverse_f32.o
       220          4          0          0          0       2015   arm_mat_mult_f32.o
       124          0          0          0          0       1454   arm_mat_sub_f32.o
       122          0          0          0          0       1456   arm_mat_trans_f32.o
       604         58          0          5       1320       6098   bsp_can.o
       712         62          0          4         40       9367   bsp_dbus.o
       360         44          0          0       1600       3647   bsp_motor.o
      1572         70       2164         12       1048      10996   bsp_oled.o
       612         12          0          0          0       2098   bsp_pid.o
       506        106          0          8         34       8428   bsp_vision.o
       420         40          0          4         80       2582   can.o
      4950        498         72        100        156      21972   chassis_task.o
       288          8          0          0          0      29988   cmsis_os.o
       334          4          0          0          0       4535   control.o
       238         20        768          2          0       5052   crc.o
       124          4          0          0          0        874   dma.o
         0          0          0          0          0      18200   event_groups.o
       308         20        343         40       1704       4206   freertos.o
       596         70          0         60          0       4740   friction.o
      7156        716         72        900       1216      31771   gimbal_task.o
       412         28          0          0          0       1199   gpio.o
       460         24          0         24      15360       4927   heap_4.o
      3566        170          0        104        300      14266   icm20602.o
       736         82          0         67        498      12318   judge.o
       500         30          0          1         98       1871   jy901.o
       138          6          0          0          0       1506   kalman.o
       558          4          0          8          0      16832   kalman_filter.o
       138          0          0          0          0       3698   list.o
        44          4          0          0          0        630   madgwick_ahrs.o
         4          0          0          0          0        996   magazine.o
       378         38          0          2         60       8874   main.o
       590        104          0         11          0     815976   mysystem.o
      4150        482          0          6          0       8356   oled_task.o
       786         82          0         12          0      12257   port.o
      1500         20          0          0         64      15052   queue.o
      2978        312         24        168          0      21011   shoot_task.o
       340         40          0          0        176       2502   spi.o
        36          8        428          0       1024        864   startup_stm32f427xx.o
       116         18          0         12          0       4042   stm32f4xx_hal.o
      1186         70          0          0          0       7122   stm32f4xx_hal_adc.o
      1682          6          0          0          0      15577   stm32f4xx_hal_can.o
       158         14          0          0          0      33282   stm32f4xx_hal_cortex.o
      1160         16          8          0          0       8486   stm32f4xx_hal_dma.o
       494         52          0          0          0       3856   stm32f4xx_hal_gpio.o
        56          4          0          0          0        890   stm32f4xx_hal_msp.o
       112         14          0          0          0       1340   stm32f4xx_hal_pwr_ex.o
      1328         90          0          0          0       5997   stm32f4xx_hal_rcc.o
      1194          8          0          0          0       6416   stm32f4xx_hal_spi.o
      1434         90          0          0          0      13789   stm32f4xx_hal_tim.o
        70          0          0          0          0       2541   stm32f4xx_hal_tim_ex.o
       116         16          0          0         64       1475   stm32f4xx_hal_timebase_tim.o
      1838         28          0          0          0      13321   stm32f4xx_hal_uart.o
       228         90          0          0          0      10427   stm32f4xx_it.o
         8          0          0          0          0       1942   super_cap.o
        84         18         24          4          0       1239   system_stm32f4xx.o
      2594        196          0         60        240      28287   tasks.o
       828         94          0          0        320       5774   tim.o
      1054         78          0         20        232      30067   timers.o
      1024        106          0          0        840       5044   usart.o

    ----------------------------------------------------------------------
     54390       4214       3940       1648      26644    1334510   Object Totals
         0          0         32          0          0          0   (incl. Generated)
        70          0          5         14          2          0   (incl. Padding)

    ----------------------------------------------------------------------

      Code (inc. data)   RO Data    RW Data    ZI Data      Debug   Library Member Name

       864         94         80          0          0        280   asin.o
       744        106        152          0          0        352   atan.o
       496         64          0          0          0        192   atan2.o
       200         20          0          0          0        164   cos.o
       368         46         48          0          0        200   cos_i.o
       104         16          0          0          0        496   dunder.o
        44          0          0          0          0        248   fabs.o
        48          0          0          0          0        124   fpclassify.o
       248          0          0          0          0        152   poly.o
         0          0          8          0          0          0   qnan.o
      1080        142        200          0          0        188   rred.o
       200         20          0          0          0        164   sin.o
       304         24         40          0          0        208   sin_i.o
       232          0          0          0          0        296   sqrt.o
        86          0          0          0          0          0   __dczerorl2.o
         0          0          0          0          0          0   entry.o
         0          0          0          0          0          0   entry10a.o
         0          0          0          0          0          0   entry11a.o
         8          4          0          0          0          0   entry2.o
         4          0          0          0          0          0   entry5.o
         0          0          0          0          0          0   entry7b.o
         0          0          0          0          0          0   entry8b.o
         8          4          0          0          0          0   entry9a.o
        12          6          0          4          0         68   errno.o
        30          0          0          0          0          0   handlers.o
        36          8          0          0          0         68   init.o
         0          0          0          0          0          0   iusefp.o
        30          0          0          0          0         68   llshl.o
        36          0          0          0          0         68   llsshr.o
        32          0          0          0          0         68   llushr.o
        36          0          0          0          0         68   memcpya.o
        36          0          0          0          0        108   memseta.o
        98          0          0          0          0         92   uldiv.o
        48          0          0          0          0         68   cdrcmple.o
        56          0          0          0          0         88   d2f.o
       334          0          0          0          0        148   dadd.o
       222          0          0          0          0        100   ddiv.o
       186          0          0          0          0        176   depilogue.o
        62          0          0          0          0         80   dfixi.o
        34          0          0          0          0         76   dflti.o
        26          0          0          0          0         76   dfltui.o
       228          0          0          0          0         96   dmul.o
       162          0          0          0          0        100   dsqrt.o
        38          0          0          0          0         68   f2d.o
       110          0          0          0          0        168   fepilogue.o

    ----------------------------------------------------------------------
      6902        554        528          4          0       4916   Library Totals
        12          0          0          0          0          0   (incl. Padding)

    ----------------------------------------------------------------------

      Code (inc. data)   RO Data    RW Data    ZI Data      Debug   Library Name

      4932        532        528          0          0       3064   m_wm.l
       452         22          0          4          0        608   mc_w.l
      1506          0          0          0          0       1244   mf_w.l

    ----------------------------------------------------------------------
      6902        554        528          4          0       4916   Library Totals

    ----------------------------------------------------------------------

==============================================================================


      Code (inc. data)   RO Data    RW Data    ZI Data      Debug   

     61292       4768       4468       1652      26644    1295526   Grand Totals
     61292       4768       4468        224      26644    1295526   ELF Image Totals (compressed)
     61292       4768       4468        224          0          0   ROM Totals

==============================================================================

    Total RO  Size (Code + RO Data)                65760 (  64.22kB)
    Total RW  Size (RW Data + ZI Data)             28296 (  27.63kB)
    Total ROM Size (Code + RO Data + RW Data)      65984 (  64.44kB)

==============================================================================

