Component: ARM Compiler 5.06 update 1 (build 61) Tool: armlink [4d35a8]

==============================================================================

Section Cross References

    startup_stm32f427xx.o(RESET) refers to startup_stm32f427xx.o(STACK) for __initial_sp
    startup_stm32f427xx.o(RESET) refers to startup_stm32f427xx.o(.text) for Reset_Handler
    startup_stm32f427xx.o(RESET) refers to stm32f4xx_it.o(i.NMI_Handler) for NMI_Handler
    startup_stm32f427xx.o(RESET) refers to stm32f4xx_it.o(i.HardFault_Handler) for HardFault_Handler
    startup_stm32f427xx.o(RESET) refers to stm32f4xx_it.o(i.MemManage_Handler) for MemManage_Handler
    startup_stm32f427xx.o(RESET) refers to stm32f4xx_it.o(i.BusFault_Handler) for BusFault_Handler
    startup_stm32f427xx.o(RESET) refers to stm32f4xx_it.o(i.UsageFault_Handler) for UsageFault_Handler
    startup_stm32f427xx.o(RESET) refers to port.o(.emb_text) for SVC_Handler
    startup_stm32f427xx.o(RESET) refers to stm32f4xx_it.o(i.DebugMon_Handler) for DebugMon_Handler
    startup_stm32f427xx.o(RESET) refers to port.o(i.SysTick_Handler) for SysTick_Handler
    startup_stm32f427xx.o(RESET) refers to stm32f4xx_it.o(i.DMA1_Stream1_IRQHandler) for DMA1_Stream1_IRQHandler
    startup_stm32f427xx.o(RESET) refers to stm32f4xx_it.o(i.DMA1_Stream3_IRQHandler) for DMA1_Stream3_IRQHandler
    startup_stm32f427xx.o(RESET) refers to stm32f4xx_it.o(i.DMA1_Stream6_IRQHandler) for DMA1_Stream6_IRQHandler
    startup_stm32f427xx.o(RESET) refers to stm32f4xx_it.o(i.CAN1_TX_IRQHandler) for CAN1_TX_IRQHandler
    startup_stm32f427xx.o(RESET) refers to stm32f4xx_it.o(i.CAN1_RX0_IRQHandler) for CAN1_RX0_IRQHandler
    startup_stm32f427xx.o(RESET) refers to stm32f4xx_it.o(i.TIM1_UP_TIM10_IRQHandler) for TIM1_UP_TIM10_IRQHandler
    startup_stm32f427xx.o(RESET) refers to stm32f4xx_it.o(i.USART1_IRQHandler) for USART1_IRQHandler
    startup_stm32f427xx.o(RESET) refers to usart.o(i.USART3_IRQHandler) for USART3_IRQHandler
    startup_stm32f427xx.o(RESET) refers to stm32f4xx_it.o(i.TIM6_DAC_IRQHandler) for TIM6_DAC_IRQHandler
    startup_stm32f427xx.o(RESET) refers to stm32f4xx_it.o(i.DMA2_Stream0_IRQHandler) for DMA2_Stream0_IRQHandler
    startup_stm32f427xx.o(RESET) refers to stm32f4xx_it.o(i.DMA2_Stream2_IRQHandler) for DMA2_Stream2_IRQHandler
    startup_stm32f427xx.o(RESET) refers to stm32f4xx_it.o(i.CAN2_TX_IRQHandler) for CAN2_TX_IRQHandler
    startup_stm32f427xx.o(RESET) refers to stm32f4xx_it.o(i.CAN2_RX0_IRQHandler) for CAN2_RX0_IRQHandler
    startup_stm32f427xx.o(RESET) refers to stm32f4xx_it.o(i.UART7_IRQHandler) for UART7_IRQHandler
    startup_stm32f427xx.o(RESET) refers to stm32f4xx_it.o(i.UART8_IRQHandler) for UART8_IRQHandler
    startup_stm32f427xx.o(.text) refers to system_stm32f4xx.o(i.SystemInit) for SystemInit
    startup_stm32f427xx.o(.text) refers to entry.o(.ARM.Collect$$$$00000000) for __main
    mysystem.o(i.OutControl_Fun) refers to tasks.o(i.vTaskDelay) for vTaskDelay
    mysystem.o(i.OutControl_Fun) refers to bsp_dbus.o(i.REMOTE_vResetData) for REMOTE_vResetData
    mysystem.o(i.OutControl_Fun) refers to bsp_can.o(i.set_moto1234_current) for set_moto1234_current
    mysystem.o(i.OutControl_Fun) refers to bsp_can.o(i.set_moto5678_current) for set_moto5678_current
    mysystem.o(i.OutControl_Fun) refers to stm32f4xx_hal_gpio.o(i.HAL_GPIO_WritePin) for HAL_GPIO_WritePin
    mysystem.o(i.OutControl_Fun) refers to mysystem.o(.data) for .data
    mysystem.o(i.OutControl_Fun) refers to can.o(.bss) for hcan1
    mysystem.o(i.SYSTEM_InitPeripheral) refers to stm32f4xx_hal_adc.o(i.HAL_ADC_Start_DMA) for HAL_ADC_Start_DMA
    mysystem.o(i.SYSTEM_InitPeripheral) refers to bsp_oled.o(i.oled_init) for oled_init
    mysystem.o(i.SYSTEM_InitPeripheral) refers to bsp_dbus.o(i.dbus_uart_init) for dbus_uart_init
    mysystem.o(i.SYSTEM_InitPeripheral) refers to jy901.o(i.jy901_uart_init) for jy901_uart_init
    mysystem.o(i.SYSTEM_InitPeripheral) refers to bsp_vision.o(i.vision_uart_init) for vision_uart_init
    mysystem.o(i.SYSTEM_InitPeripheral) refers to stm32f4xx_hal_tim.o(i.HAL_TIM_PWM_Start) for HAL_TIM_PWM_Start
    mysystem.o(i.SYSTEM_InitPeripheral) refers to stm32f4xx_hal.o(i.HAL_Delay) for HAL_Delay
    mysystem.o(i.SYSTEM_InitPeripheral) refers to stm32f4xx_hal_tim.o(i.HAL_TIM_PWM_Init) for HAL_TIM_PWM_Init
    mysystem.o(i.SYSTEM_InitPeripheral) refers to bsp_can.o(i.my_can_filter_init_recv_all) for my_can_filter_init_recv_all
    mysystem.o(i.SYSTEM_InitPeripheral) refers to stm32f4xx_hal_can.o(i.HAL_CAN_Start) for HAL_CAN_Start
    mysystem.o(i.SYSTEM_InitPeripheral) refers to stm32f4xx_hal_can.o(i.HAL_CAN_ActivateNotification) for HAL_CAN_ActivateNotification
    mysystem.o(i.SYSTEM_InitPeripheral) refers to stm32f4xx_hal_gpio.o(i.HAL_GPIO_WritePin) for HAL_GPIO_WritePin
    mysystem.o(i.SYSTEM_InitPeripheral) refers to icm20602.o(i.ICM20602_Init) for ICM20602_Init
    mysystem.o(i.SYSTEM_InitPeripheral) refers to main.o(.bss) for uhADCxConvertedValue
[...]
    set_moto5678_current                     0x0800c039   Thumb Code    90  bsp_can.o(i.set_moto5678_current)
    set_supercap_current                     0x0800c099   Thumb Code    44  bsp_can.o(i.set_supercap_current)
    shoot_continuity                         0x0800c0c5   Thumb Code    94  shoot_task.o(i.shoot_continuity)
    shoot_single                             0x0800c13d   Thumb Code   162  shoot_task.o(i.shoot_single)
    shoot_stop                               0x0800c205   Thumb Code    92  shoot_task.o(i.shoot_stop)
    sqrt                                     0x0800c275   Thumb Code   110  sqrt.o(i.sqrt)
    uart_receive_dma_no_it                   0x0800c2e3   Thumb Code    78  bsp_dbus.o(i.uart_receive_dma_no_it)
    uart_receive_handler                     0x0800c331   Thumb Code    20  bsp_dbus.o(i.uart_receive_handler)
    uxListRemove                             0x0800c411   Thumb Code    38  list.o(i.uxListRemove)
    vApplicationGetIdleTaskMemory            0x0800c439   Thumb Code    16  freertos.o(i.vApplicationGetIdleTaskMemory)
    vApplicationGetTimerTaskMemory           0x0800c44d   Thumb Code    18  freertos.o(i.vApplicationGetTimerTaskMemory)
    vListInitialise                          0x0800c465   Thumb Code    22  list.o(i.vListInitialise)
    vListInitialiseItem                      0x0800c47b   Thumb Code     6  list.o(i.vListInitialiseItem)
    vListInsert                              0x0800c481   Thumb Code    48  list.o(i.vListInsert)
    vListInsertEnd                           0x0800c4b1   Thumb Code    24  list.o(i.vListInsertEnd)
    vPortEnterCritical                       0x0800c4c9   Thumb Code    54  port.o(i.vPortEnterCritical)
    vPortExitCritical                        0x0800c509   Thumb Code    34  port.o(i.vPortExitCritical)
    vPortFree                                0x0800c531   Thumb Code    88  heap_4.o(i.vPortFree)
    vPortSetupTimerInterrupt                 0x0800c58d   Thumb Code    32  port.o(i.vPortSetupTimerInterrupt)
    vPortValidateInterruptPriority           0x0800c5b1   Thumb Code    74  port.o(i.vPortValidateInterruptPriority)
    vQueueAddToRegistry                      0x0800c605   Thumb Code    34  queue.o(i.vQueueAddToRegistry)
    vQueueWaitForMessageRestricted           0x0800c62d   Thumb Code    68  queue.o(i.vQueueWaitForMessageRestricted)
    vTaskDelay                               0x0800c671   Thumb Code    66  tasks.o(i.vTaskDelay)
    vTaskDelayUntil                          0x0800c6bd   Thumb Code   132  tasks.o(i.vTaskDelayUntil)
    vTaskInternalSetTimeOutState             0x0800c749   Thumb Code    12  tasks.o(i.vTaskInternalSetTimeOutState)
    vTaskMissedYield                         0x0800c759   Thumb Code     8  tasks.o(i.vTaskMissedYield)
    vTaskPlaceOnEventList                    0x0800c765   Thumb Code    44  tasks.o(i.vTaskPlaceOnEventList)
    vTaskPlaceOnEventListRestricted          0x0800c795   Thumb Code    52  tasks.o(i.vTaskPlaceOnEventListRestricted)
    vTaskResume                              0x0800c7cd   Thumb Code   112  tasks.o(i.vTaskResume)
    vTaskStartScheduler                      0x0800c849   Thumb Code   118  tasks.o(i.vTaskStartScheduler)
    vTaskSuspend                             0x0800c8d1   Thumb Code   174  tasks.o(i.vTaskSuspend)
    vTaskSuspendAll                          0x0800c98d   Thumb Code    10  tasks.o(i.vTaskSuspendAll)
    vTaskSwitchContext                       0x0800c99d   Thumb Code    82  tasks.o(i.vTaskSwitchContext)
    vision_callback_handler                  0x0800c9f9   Thumb Code   184  bsp_vision.o(i.vision_callback_handler)
    vision_uart_init                         0x0800cadd   Thumb Code    32  bsp_vision.o(i.vision_uart_init)
    xPortStartScheduler                      0x0800cb05   Thumb Code   222  port.o(i.xPortStartScheduler)
    xQueueGenericCreateStatic                0x0800cbf9   Thumb Code   102  queue.o(i.xQueueGenericCreateStatic)
    xQueueGenericReset                       0x0800cc61   Thumb Code   132  queue.o(i.xQueueGenericReset)
    xQueueGenericSend                        0x0800cce9   Thumb Code   346  queue.o(i.xQueueGenericSend)
    xQueueGenericSendFromISR                 0x0800ce49   Thumb Code   188  queue.o(i.xQueueGenericSendFromISR)
    xQueueReceive                            0x0800cf05   Thumb Code   308  queue.o(i.xQueueReceive)
    xTaskCheckForTimeOut                     0x0800d03d   Thumb Code   112  tasks.o(i.xTaskCheckForTimeOut)
    xTaskCreate                              0x0800d0b1   Thumb Code    90  tasks.o(i.xTaskCreate)
    xTaskCreateStatic                        0x0800d10b   Thumb Code    86  tasks.o(i.xTaskCreateStatic)
    xTaskGetSchedulerState                   0x0800d161   Thumb Code    22  tasks.o(i.xTaskGetSchedulerState)
    xTaskGetTickCount                        0x0800d17d   Thumb Code     6  tasks.o(i.xTaskGetTickCount)
    xTaskIncrementTick                       0x0800d189   Thumb Code   192  tasks.o(i.xTaskIncrementTick)
    xTaskPriorityDisinherit                  0x0800d251   Thumb Code   144  tasks.o(i.xTaskPriorityDisinherit)
    xTaskRemoveFromEventList                 0x0800d2e9   Thumb Code   108  tasks.o(i.xTaskRemoveFromEventList)
    xTaskResumeAll                           0x0800d35d   Thumb Code   182  tasks.o(i.xTaskResumeAll)
    xTimerCreate                             0x0800d421   Thumb Code    52  timers.o(i.xTimerCreate)
    xTimerCreateStatic                       0x0800d455   Thumb Code    46  timers.o(i.xTimerCreateStatic)
    xTimerCreateTimerTask                    0x0800d485   Thumb Code    78  timers.o(i.xTimerCreateTimerTask)
    xTimerGenericCommand                     0x0800d4e5   Thumb Code    92  timers.o(i.xTimerGenericCommand)
    AHBPrescTable                            0x0800d62c   Data          16  system_stm32f4xx.o(.constdata)
    APBPrescTable                            0x0800d63c   Data           8  system_stm32f4xx.o(.constdata)
    CRC8_TAB                                 0x0800d6ec   Data         256  crc.o(.constdata)
    wCRC_Table                               0x0800d7ec   Data         512  crc.o(.constdata)
    asc2_1206                                0x0800d9ec   Data        1140  bsp_oled.o(.constdata)
    LOGO_BMP                                 0x0800de60   Data        1024  bsp_oled.o(.constdata)
    __mathlib_zero                           0x0800e380   Data           8  qnan.o(.constdata)
    Region$$Table$$Base                      0x0800e4e0   Number         0  anon$$obj.o(Region$$Table)
    Region$$Table$$Limit                     0x0800e500   Number         0  anon$$obj.o(Region$$Table)
    SystemValue                              0x20000000   Data           1  mysystem.o(.data)
    EnvironmentMode                          0x20000008   Data           1  mysystem.o(.data)
    ControlMode                              0x20000009   Data           1  mysystem.o(.data)
    ISVISIONAUTO                             0x2000000a   Data           1  mysystem.o(.data)
    matrix_value1                            0x2000000c   Data           4  kalman_filter.o(.data)
    matrix_value2                            0x20000010   Data           4  kalman_filter.o(.data)
    ADCxConvertedValue                       0x20000014   Data           2  main.o(.data)
    ShowRunningTaskHandle                    0x2000001c   Data           4  freertos.o(.data)
    ShowOLEDTaskHandle                       0x20000020   Data           4  freertos.o(.data)
    GimbalTaskHandle                         0x20000024   Data           4  freertos.o(.data)
    ChassisTaskHandle                        0x20000028   Data           4  freertos.o(.data)
    ShootTaskHandle                          0x2000002c   Data           4  freertos.o(.data)
    OutControl_TaskHandle                    0x20000030   Data           4  freertos.o(.data)
    IMUTaskHandle                            0x20000034   Data           4  freertos.o(.data)
    hero_shootHandle                         0x20000038   Data           4  freertos.o(.data)
    Get6020SpeedTimerHandle                  0x2000003c   Data           4  freertos.o(.data)
    SystemCoreClock                          0x20000040   Data           4  system_stm32f4xx.o(.data)
    actChassis                               0x2000004c   Data           1  chassis_task.o(.data)
    remot_change                             0x2000004d   Data           1  chassis_task.o(.data)
    Chass_Switch_F                           0x2000004e   Data           1  chassis_task.o(.data)
    Chass_Key_F_Change                       0x2000004f   Data           1  chassis_task.o(.data)
    Chass_Switch_X                           0x20000050   Data           1  chassis_task.o(.data)
    Chass_Key_X_Change                       0x20000051   Data           1  chassis_task.o(.data)
    Chass_Switch_G                           0x20000052   Data           1  chassis_task.o(.data)
    Chass_Key_G_Change                       0x20000053   Data           1  chassis_task.o(.data)
    IfCorgiChange                            0x20000054   Data           1  chassis_task.o(.data)
    modeChassis                              0x20000055   Data           1  chassis_task.o(.data)
    stateCorgi                               0x20000056   Data           2  chassis_task.o(.data)
    corgi_angle_target                       0x20000058   Data           2  chassis_task.o(.data)
    timeInc                                  0x2000005a   Data           2  chassis_task.o(.data)
    timeXFron                                0x2000005c   Data           2  chassis_task.o(.data)
    timeXBack                                0x2000005e   Data           2  chassis_task.o(.data)
    timeYLeft                                0x20000060   Data           2  chassis_task.o(.data)
    timeYRigh                                0x20000062   Data           2  chassis_task.o(.data)
    fChasCurrentLimit                        0x20000064   Data           4  chassis_task.o(.data)
    WARNING_REMAIN_POWER                     0x20000068   Data           4  chassis_task.o(.data)
    fTotalCurrentLimit                       0x20000080   Data           4  chassis_task.o(.data)
    Slope_Chassis_Move_Z                     0x20000084   Data           4  chassis_task.o(.data)
    kKey_Gyro_Chassis_Revolve                0x20000088   Data           4  chassis_task.o(.data)
    kKey_Mech_Chassis_Revolve                0x2000008c   Data           4  chassis_task.o(.data)
    Chassis_Standard_Move_Max                0x20000090   Data           4  chassis_task.o(.data)
    Chassis_Revolve_Move_Max                 0x20000094   Data           4  chassis_task.o(.data)
    Slope_Chassis_Move_Fron                  0x20000098   Data           4  chassis_task.o(.data)
    Slope_Chassis_Move_Back                  0x2000009c   Data           4  chassis_task.o(.data)
    Slope_Chassis_Move_Left                  0x200000a0   Data           4  chassis_task.o(.data)
    Slope_Chassis_Move_Righ                  0x200000a4   Data           4  chassis_task.o(.data)
    Slope_Chassis_Revolve_Move               0x200000a8   Data           4  chassis_task.o(.data)
    chassis_motor                            0x200000ac   Data           8  chassis_task.o(.data)
    IMU_Init_Finish                          0x200000b4   Data           1  gimbal_task.o(.data)
    YawGimbalMode                            0x200000b5   Data           1  gimbal_task.o(.data)
    PitchGimbalMode                          0x200000b6   Data           1  gimbal_task.o(.data)
    is_firstime_into_buff                    0x200000b7   Data           1  gimbal_task.o(.data)
    Mobility_Prediction_Yaw                  0x200000b8   Data           1  gimbal_task.o(.data)
    Mobi_Pre_Yaw_Fire                        0x200000b9   Data           1  gimbal_task.o(.data)
    first_time_into_base                     0x200000ba   Data           1  gimbal_task.o(.data)
    modeGimbal                               0x200000bb   Data           1  gimbal_task.o(.data)
    actGimbal                                0x200000bc   Data           1  gimbal_task.o(.data)
    Auto_KF_Delay                            0x200000be   Data           2  gimbal_task.o(.data)
    mobpre_yaw_left_delay                    0x200000c0   Data           2  gimbal_task.o(.data)
    mobpre_yaw_right_delay                   0x200000c2   Data           2  gimbal_task.o(.data)
    mobpre_yaw_stop_delay                    0x200000c4   Data           2  gimbal_task.o(.data)
    Target_Gimbal_Yaw_Position               0x200000c8   Data           4  gimbal_task.o(.data)
    Target_Gimbal_Pitch_Position             0x200000cc   Data           4  gimbal_task.o(.data)
    kkey_gyro_yaw                            0x200000d0   Data           4  gimbal_task.o(.data)
    gb_yaw_posit_error                       0x200000d4   Data           4  gimbal_task.o(.data)
    gb_pitch_posit_error                     0x200000d8   Data           4  gimbal_task.o(.data)
    Manual_Step                              0x200000dc   Data           4  gimbal_task.o(.data)
    error_yaw_k                              0x200000e0   Data           4  gimbal_task.o(.data)
    error_pitch_k                            0x200000e4   Data           4  gimbal_task.o(.data)
    yaw_speed_k                              0x200000e8   Data           4  gimbal_task.o(.data)
    kf_yaw_angcon                            0x200000ec   Data           4  gimbal_task.o(.data)
    js_yaw                                   0x200000f0   Data           4  gimbal_task.o(.data)
    js_pitch                                 0x200000f4   Data           4  gimbal_task.o(.data)
    kf_speed_yl                              0x200000f8   Data           4  gimbal_task.o(.data)
    base_mech_pitch                          0x200000fc   Data           4  gimbal_task.o(.data)
    kKey_Mech_Pitch                          0x2000013c   Data           4  gimbal_task.o(.data)
    kKey_Mech_Yaw                            0x20000140   Data           4  gimbal_task.o(.data)
    kKey_Gyro_Pitch                          0x20000144   Data           4  gimbal_task.o(.data)
    kKey_Gyro_Yaw                            0x20000148   Data           4  gimbal_task.o(.data)
    Slope_Mouse_Pitch                        0x2000014c   Data           4  gimbal_task.o(.data)
    Slope_Mouse_Yaw                          0x20000150   Data           4  gimbal_task.o(.data)
    Mouse_Gyro_Yaw                           0x20000154   Data           4  gimbal_task.o(.data)
    Mouse_Gyro_Pitch                         0x20000158   Data           4  gimbal_task.o(.data)
    Slope_Back_Yaw                           0x2000015c   Data           4  gimbal_task.o(.data)
    TURNMode_Yaw_Back_Total                  0x20000160   Data           4  gimbal_task.o(.data)
    TURNMode_Yaw_Turn_Total                  0x20000164   Data           4  gimbal_task.o(.data)
    vision_time_js                           0x20000168   Data           4  gimbal_task.o(.data)
    debug_kf_angle_temp                      0x2000016c   Data           4  gimbal_task.o(.data)
    debug_y_sk                               0x20000170   Data           4  gimbal_task.o(.data)
    debug_y_sb_sk                            0x20000174   Data           4  gimbal_task.o(.data)
    debug_y_sb_brig_sk                       0x20000178   Data           4  gimbal_task.o(.data)
    debug_auto_err_y                         0x2000017c   Data           4  gimbal_task.o(.data)
    debug_kf_delay                           0x20000180   Data           4  gimbal_task.o(.data)
    debug_kf_speed_yl                        0x20000184   Data           4  gimbal_task.o(.data)
    debug_kf_speed_yl_sb                     0x20000188   Data           4  gimbal_task.o(.data)
    debug_kf_speed_yh                        0x2000018c   Data           4  gimbal_task.o(.data)
    debug_kf_y_angcon                        0x20000190   Data           4  gimbal_task.o(.data)
    Auto_Distance                            0x20000194   Data           4  gimbal_task.o(.data)
    Base_Error_Yaw                           0x20000198   Data           4  gimbal_task.o(.data)
    Base_Yaw_Comp_Gimbal                     0x2000019c   Data           4  gimbal_task.o(.data)
    yaw_kf_result                            0x200001a0   Data           4  gimbal_task.o(.data)
    pitch_kf_result                          0x200001a4   Data           4  gimbal_task.o(.data)
    Vision_Angle_Speed_Yaw                   0x200001a8   Data           4  gimbal_task.o(.data)
    Vision_Angle_Speed_Pitch                 0x200001ac   Data           4  gimbal_task.o(.data)
    debug_speed                              0x200001b0   Data           4  gimbal_task.o(.data)
    Vision_Time                              0x200001b4   Data           8  gimbal_task.o(.data)
    Auto_Error_Yaw                           0x200001bc   Data           8  gimbal_task.o(.data)
    Auto_Error_Pitch                         0x200001c4   Data           8  gimbal_task.o(.data)
    ammunition_mode                          0x200001cc   Data           1  shoot_task.o(.data)
    shoot_state                              0x200001cd   Data           1  shoot_task.o(.data)
    Revol_Switch_Left                        0x200001ce   Data           1  shoot_task.o(.data)
    Revolver_mode                            0x200001cf   Data           1  shoot_task.o(.data)
    actShoot                                 0x200001d0   Data           1  shoot_task.o(.data)
    Key_ShootNum                             0x200001d2   Data           2  shoot_task.o(.data)
    Shoot_Interval                           0x200001d4   Data           4  shoot_task.o(.data)
    Revol_Posit_RespondTime                  0x200001d8   Data           4  shoot_task.o(.data)
    PowerData                                0x20000201   Data           4  bsp_can.o(.data)
    ulRemoteLostTime                         0x20000208   Data           4  bsp_dbus.o(.data)
    CRC_INIT                                 0x2000020c   Data           2  crc.o(.data)
    OffSet_Flag                              0x20000211   Data           1  icm20602.o(.data)
    Offset_Cnt                               0x20000214   Data           2  icm20602.o(.data)
    twoKp                                    0x20000224   Data           4  icm20602.o(.data)
    twoKi                                    0x20000228   Data           4  icm20602.o(.data)
    q0                                       0x2000022c   Data           4  icm20602.o(.data)
    q1                                       0x20000230   Data           4  icm20602.o(.data)
    q2                                       0x20000234   Data           4  icm20602.o(.data)
    q3                                       0x20000238   Data           4  icm20602.o(.data)
    integralFBx                              0x2000023c   Data           4  icm20602.o(.data)
    integralFBy                              0x20000240   Data           4  icm20602.o(.data)
    integralFBz                              0x20000244   Data           4  icm20602.o(.data)
    ReadJY901Success                         0x20000278   Data           1  jy901.o(.data)
    OledKeyValue                             0x20000279   Data           1  bsp_oled.o(.data)
    Vision_Get_New_Data                      0x20000288   Data           1  bsp_vision.o(.data)
    Vision_Comps_Yaw                         0x2000028c   Data           4  bsp_vision.o(.data)
    Judge_Data_TF                            0x20000290   Data           1  judge.o(.data)
    Hurt_Data_Update                         0x20000291   Data           1  judge.o(.data)
    Send_Color                               0x20000292   Data           1  judge.o(.data)
    First_Time_Send_Commu                    0x20000293   Data           1  judge.o(.data)
    GameResult                               0x20000296   Data           1  judge.o(.data)
    BuffMusk                                 0x20000297   Data           1  judge.o(.data)
    RobotHurt                                0x20000298   Data           1  judge.o(.data)
    Judge_Self_ID                            0x20000299   Data           1  judge.o(.data)
    Color                                    0x2000029a   Data           1  judge.o(.data)
    send_time                                0x2000029c   Data           2  judge.o(.data)
    GameRobotSurvivors                       0x2000029e   Data           2  judge.o(.data)
    SupplyProjectileBooking                  0x200002a0   Data           2  judge.o(.data)
    AerialRobotEnergy                        0x200002a2   Data           2  judge.o(.data)
    Judge_SelfClient_ID                      0x200002a4   Data           2  judge.o(.data)
    ShootNum                                 0x200002a6   Data           2  judge.o(.data)
    GameState                                0x200002a8   Data           3  judge.o(.data)
    SupplyProjectileAction                   0x200002ab   Data           3  judge.o(.data)
    Shoot_Speed_Now                          0x200002b0   Data           4  judge.o(.data)
    Shoot_Speed_Last                         0x200002b4   Data           4  judge.o(.data)
    EventData                                0x200002c0   Data           4  judge.o(.data)
    shoot_time                               0x200002c4   Data           4  judge.o(.data)
    FrameHeader                              0x200002c8   Data           5  judge.o(.data)
    ShootData                                0x200002cd   Data           6  judge.o(.data)
    uwTickFreq                               0x200002d4   Data           1  stm32f4xx_hal.o(.data)
    uwTickPrio                               0x200002d8   Data           4  stm32f4xx_hal.o(.data)
    uwTick                                   0x200002dc   Data           4  stm32f4xx_hal.o(.data)
    pxCurrentTCB                             0x200002e0   Data           4  tasks.o(.data)
    remoteMode                               0x20000354   Data           1  control.o(.data)
    systemState                              0x20000355   Data           1  control.o(.data)
    uhADCxConvertedValue                     0x2000035c   Data          60  main.o(.bss)
    hadc1                                    0x20000398   Data          72  adc.o(.bss)
    hdma_adc1                                0x200003e0   Data          96  adc.o(.bss)
    hcan1                                    0x20000440   Data          40  can.o(.bss)
    hcan2                                    0x20000468   Data          40  can.o(.bss)
    hspi1                                    0x20000b38   Data          88  spi.o(.bss)
    hspi5                                    0x20000b90   Data          88  spi.o(.bss)
    htim1                                    0x20000be8   Data          64  stm32f4xx_hal_timebase_tim.o(.bss)
    htim2                                    0x20000c28   Data          64  tim.o(.bss)
    htim3                                    0x20000c68   Data          64  tim.o(.bss)
    htim6                                    0x20000ca8   Data          64  tim.o(.bss)
    htim12                                   0x20000ce8   Data          64  tim.o(.bss)
    Judge_Buffer                             0x20000d28   Data         200  usart.o(.bss)
    huart7                                   0x20000df0   Data          64  usart.o(.bss)
    huart8                                   0x20000e30   Data          64  usart.o(.bss)
    huart1                                   0x20000e70   Data          64  usart.o(.bss)
    huart3                                   0x20000eb0   Data          64  usart.o(.bss)
    hdma_uart7_rx                            0x20000ef0   Data          96  usart.o(.bss)
    hdma_uart8_rx                            0x20000f50   Data          96  usart.o(.bss)
    hdma_usart1_rx                           0x20000fb0   Data          96  usart.o(.bss)
    hdma_usart3_rx                           0x20001010   Data          96  usart.o(.bss)
    Chassis_Follow_PID                       0x20001070   Data          96  chassis_task.o(.bss)
    absolute_chassis_speed                   0x200010d0   Data          12  chassis_task.o(.bss)
    Gimbal_Yaw_Position_PID                  0x200010dc   Data          96  gimbal_task.o(.bss)
    Gimbal_Pitch_Position_PID                0x2000113c   Data          96  gimbal_task.o(.bss)
    GimbalYawSpeedKalman                     0x2000119c   Data          48  gimbal_task.o(.bss)
    GimbalPitchSpeedKalman                   0x200011cc   Data          48  gimbal_task.o(.bss)
    Vision_Distance_Kalman                   0x200011fc   Data          48  gimbal_task.o(.bss)
    Cloud_Angle_Target                       0x2000122c   Data          16  gimbal_task.o(.bss)
    Cloud_Angle_Measure                      0x2000123c   Data          16  gimbal_task.o(.bss)
    Vision_Yaw_speed_Struct                  0x2000124c   Data          28  gimbal_task.o(.bss)
    Vision_Pitch_speed_Struct                0x20001268   Data          28  gimbal_task.o(.bss)
    yaw_kalman_filter                        0x20001284   Data         108  gimbal_task.o(.bss)
    pitch_kalman_filter                      0x200012f0   Data         108  gimbal_task.o(.bss)
    moto_CAN                                 0x2000135c   Data         660  bsp_can.o(.bss)
    moto_CAN2                                0x200015f0   Data         660  bsp_can.o(.bss)
    dbus_buf                                 0x20001884   Data          18  bsp_dbus.o(.bss)
    rc                                       0x20001896   Data          22  bsp_dbus.o(.bss)
    IMU_Vale                                 0x200018ac   Data          76  icm20602.o(.bss)
    sum_temp                                 0x200018f8   Data          24  icm20602.o(.bss)
    MPU6500_FIFO                             0x20001962   Data          70  icm20602.o(.bss)
    RDrone_R                                 0x200019a8   Data          36  icm20602.o(.bss)
    Accel_Src                                0x200019cc   Data          12  icm20602.o(.bss)
    JY901_Vale                               0x200019d8   Data          76  jy901.o(.bss)
    jy901_buf                                0x20001a24   Data          22  jy901.o(.bss)
    Chassis_Motor1                           0x20001a3c   Data         200  bsp_motor.o(.bss)
    Chassis_Motor2                           0x20001b04   Data         200  bsp_motor.o(.bss)
    Chassis_Motor3                           0x20001bcc   Data         200  bsp_motor.o(.bss)
    Chassis_Motor4                           0x20001c94   Data         200  bsp_motor.o(.bss)
    Gimbal_MotorYaw                          0x20001d5c   Data         200  bsp_motor.o(.bss)
    Gimbal_MotorPitch                        0x20001e24   Data         200  bsp_motor.o(.bss)
    hero_Fire_Motor                          0x20001eec   Data         200  bsp_motor.o(.bss)
    Ammunition_Motor                         0x20001fb4   Data         200  bsp_motor.o(.bss)
    VisionValue                              0x20002494   Data          24  bsp_vision.o(.bss)
    vision_buf                               0x200024ac   Data          10  bsp_vision.o(.bss)
    GameRobotStat                            0x200024b6   Data          15  judge.o(.bss)
    PowerHeatData                            0x200024c5   Data          14  judge.o(.bss)
    GameRobotPos                             0x200024d3   Data          16  judge.o(.bss)
    ShowData                                 0x200024e3   Data          28  judge.o(.bss)
    CommuData                                0x200024ff   Data          25  judge.o(.bss)
    CliendTxBuffer                           0x20002518   Data         200  judge.o(.bss)
    TeammateTxBuffer                         0x200025e0   Data         200  judge.o(.bss)
    xQueueRegistry                           0x200026a8   Data          64  queue.o(.bss)
    __initial_sp                             0x200068c0   Data           0  startup_stm32f427xx.o(STACK)



==============================================================================

Memory Map of the image

  Image Entry point : 0x080001ad

  Load Region LR_IROM1 (Base: 0x08000000, Size: 0x0000e85c, Max: 0x00200000, ABSOLUTE, COMPRESSED[0x0000e554])

    Execution Region ER_IROM1 (Exec base: 0x08000000, Load base: 0x08000000, Size: 0x0000e500, Max: 0x00200000, ABSOLUTE)

    Exec Addr    Load Addr    Size         Type   Attr      Idx    E Section Name        Object

    0x08000000   0x08000000   0x000001ac   Data   RO            3    RESET               startup_stm32f427xx.o
    0x080001ac   0x080001ac   0x00000000   Code   RO         7753  * .ARM.Collect$$$$00000000  mc_w.l(entry.o)
    0x080001ac   0x080001ac   0x00000004   Code   RO         7861    .ARM.Collect$$$$00000001  mc_w.l(entry2.o)
    0x080001b0   0x080001b0   0x00000004   Code   RO         7864    .ARM.Collect$$$$00000004  mc_w.l(entry5.o)
    0x080001b4   0x080001b4   0x00000000   Code   RO         7866    .ARM.Collect$$$$00000008  mc_w.l(entry7b.o)
    0x080001b4   0x080001b4   0x00000000   Code   RO         7868    .ARM.Collect$$$$0000000A  mc_w.l(entry8b.o)
    0x080001b4   0x080001b4   0x00000008   Code   RO         7869    .ARM.Collect$$$$0000000B  mc_w.l(entry9a.o)
    0x080001bc   0x080001bc   0x00000000   Code   RO         7871    .ARM.Collect$$$$0000000D  mc_w.l(entry10a.o)
    0x080001bc   0x080001bc   0x00000000   Code   RO         7873    .ARM.Collect$$$$0000000F  mc_w.l(entry11a.o)
    0x080001bc   0x080001bc   0x00000004   Code   RO         7862    .ARM.Collect$$$$00002712  mc_w.l(entry2.o)
    0x080001c0   0x080001c0   0x000000be   Code   RO         7563    .emb_text           port.o
    0x0800027e   0x0800027e   0x00000002   PAD
    0x08000280   0x08000280   0x00000024   Code   RO            4    .text               startup_stm32f427xx.o
    0x080002a4   0x080002a4   0x00000062   Code   RO         7756    .text               mc_w.l(uldiv.o)
    0x08000306   0x08000306   0x00000024   Code   RO         7758    .text               mc_w.l(memcpya.o)
    0x0800032a   0x0800032a   0x00000024   Code   RO         7762    .text               mc_w.l(memseta.o)
    0x0800034e   0x0800034e   0x0000014e   Code   RO         7794    .text               mf_w.l(dadd.o)
    0x0800049c   0x0800049c   0x000000e4   Code   RO         7796    .text               mf_w.l(dmul.o)
    0x08000580   0x08000580   0x000000de   Code   RO         7798    .text               mf_w.l(ddiv.o)
    0x0800065e   0x0800065e   0x00000022   Code   RO         7802    .text               mf_w.l(dflti.o)
    0x08000680   0x08000680   0x0000003e   Code   RO         7804    .text               mf_w.l(dfixi.o)
    0x080006be   0x080006be   0x00000026   Code   RO         7806    .text               mf_w.l(f2d.o)
    0x080006e4   0x080006e4   0x00000030   Code   RO         7810    .text               mf_w.l(cdrcmple.o)
    0x08000714   0x08000714   0x00000038   Code   RO         7812    .text               mf_w.l(d2f.o)
    0x0800074c   0x0800074c   0x0000001e   Code   RO         7880    .text               mc_w.l(llshl.o)
    0x0800076a   0x0800076a   0x00000020   Code   RO         7882    .text               mc_w.l(llushr.o)
    0x0800078a   0x0800078a   0x00000024   Code   RO         7884    .text               mc_w.l(llsshr.o)
    0x080007ae   0x080007ae   0x00000000   Code   RO         7893    .text               mc_w.l(iusefp.o)
    0x080007ae   0x080007ae   0x0000006e   Code   RO         7894    .text               mf_w.l(fepilogue.o)
    0x0800081c   0x0800081c   0x000000ba   Code   RO         7896    .text               mf_w.l(depilogue.o)
    0x080008d6   0x080008d6   0x000000a2   Code   RO         7898    .text               mf_w.l(dsqrt.o)
    0x08000978   0x08000978   0x00000024   Code   RO         7902    .text               mc_w.l(init.o)
    0x0800099c   0x0800099c   0x0000001a   Code   RO         7906    .text               mf_w.l(dfltui.o)
    0x080009b6   0x080009b6   0x00000056   Code   RO         7916    .text               mc_w.l(__dczerorl2.o)
    0x08000a0c   0x08000a0c   0x0000006e   Code   RO         2956    i.ADC_DMAConvCplt   stm32f4xx_hal_adc.o
    0x08000a7a   0x08000a7a   0x00000016   Code   RO         2957    i.ADC_DMAError      stm32f4xx_hal_adc.o
    0x08000a90   0x08000a90   0x0000000a   Code   RO         2958    i.ADC_DMAHalfConvCplt  stm32f4xx_hal_adc.o
    0x08000a9a   0x08000a9a   0x00000002   PAD
    0x08000a9c   0x08000a9c   0x00000128   Code   RO         2959    i.ADC_Init          stm32f4xx_hal_adc.o
    0x08000bc4   0x08000bc4   0x000000fc   Code   RO         1511    i.Absolute_Cal      chassis_task.o
    0x08000cc0   0x08000cc0   0x00000038   Code   RO         1682    i.AngleLoop         gimbal_task.o
    0x08000cf8   0x08000cf8   0x00000038   Code   RO         1683    i.AngleLoop_f       gimbal_task.o
    0x08000d30   0x08000d30   0x00000002   Code   RO          979    i.BusFault_Handler  stm32f4xx_it.o
    0x08000d32   0x08000d32   0x00000002   PAD
    0x08000d34   0x08000d34   0x0000000c   Code   RO          980    i.CAN1_RX0_IRQHandler  stm32f4xx_it.o
    0x08000d40   0x08000d40   0x0000000c   Code   RO          981    i.CAN1_TX_IRQHandler  stm32f4xx_it.o
    0x08000d4c   0x08000d4c   0x0000000c   Code   RO          982    i.CAN2_RX0_IRQHandler  stm32f4xx_it.o
    0x08000d58   0x08000d58   0x0000000c   Code   RO          983    i.CAN2_TX_IRQHandler  stm32f4xx_it.o
    0x08000d64   0x08000d64   0x0000019c   Code   RO         1512    i.CHASSIS_CORGI_Mode_Ctrl  chassis_task.o
    0x08000f00   0x08000f00   0x00000170   Code   RO         1513    i.CHASSIS_GYROSCOPE_Mode_Ctrl  chassis_task.o
    0x08001070   0x08001070   0x00000014   Code   RO         1684    i.CHASSIS_IfActiveMode  gimbal_task.o
    0x08001084   0x08001084   0x00000140   Code   RO         1515    i.CHASSIS_PISA_Mode_Ctrl  chassis_task.o
    0x080011c4   0x080011c4   0x00000028   Code   RO         1516    i.CHASSIS_REST      chassis_task.o
    0x080011ec   0x080011ec   0x00000038   Code   RO         1517    i.CHASSIS_SZUPUP_Mode_Ctrl  chassis_task.o
    0x08001224   0x08001224   0x000000f8   Code   RO         1518    i.CHAS_Key_Ctrl     chassis_task.o
    0x0800131c   0x0800131c   0x0000005c   Code   RO         1685    i.Cal_6020_speed_dp10ms  gimbal_task.o
    0x08001378   0x08001378   0x00000130   Code   RO         1519    i.ChassisFun        chassis_task.o
    0x080014a8   0x080014a8   0x000000a0   Code   RO         1520    i.Chassis_Key_MoveRamp  chassis_task.o
    0x08001548   0x08001548   0x0000021c   Code   RO         1521    i.Chassis_Keyboard_Move_Calculate  chassis_task.o
    0x08001764   0x08001764   0x00000084   Code   RO         1522    i.Chassis_Mouse_Move_Calculate  chassis_task.o
    0x080017e8   0x080017e8   0x0000009c   Code   RO         1523    i.Chassis_NORMAL_Mode_Ctrl  chassis_task.o
    0x08001884   0x08001884   0x000000e8   Code   RO         1524    i.Chassis_Power_Limit  chassis_task.o
    0x0800196c   0x0800196c   0x0000000c   Code   RO          984    i.DMA1_Stream1_IRQHandler  stm32f4xx_it.o
    0x08001978   0x08001978   0x0000000c   Code   RO          985    i.DMA1_Stream3_IRQHandler  stm32f4xx_it.o
    0x08001984   0x08001984   0x0000000c   Code   RO          986    i.DMA1_Stream6_IRQHandler  stm32f4xx_it.o
    0x08001990   0x08001990   0x0000000c   Code   RO          987    i.DMA2_Stream0_IRQHandler  stm32f4xx_it.o
    0x0800199c   0x0800199c   0x0000000c   Code   RO          988    i.DMA2_Stream2_IRQHandler  stm32f4xx_it.o
    0x080019a8   0x080019a8   0x00000028   Code   RO         3742    i.DMA_CalcBaseAndBitshift  stm32f4xx_hal_dma.o
    0x080019d0   0x080019d0   0x00000054   Code   RO         3743    i.DMA_CheckFifoParam  stm32f4xx_hal_dma.o
    0x08001a24   0x08001a24   0x00000028   Code   RO         3744    i.DMA_SetConfig     stm32f4xx_hal_dma.o
    0x08001a4c   0x08001a4c   0x00000002   Code   RO          989    i.DebugMon_Handler  stm32f4xx_it.o
    0x08001a4e   0x08001a4e   0x00000002   Code   RO          406    i.Error_Handler     main.o
    0x08001a50   0x08001a50   0x00000128   Code   RO         1525    i.FindMinAngleFortyFive  chassis_task.o
    0x08001b78   0x08001b78   0x00000090   Code   RO         1526    i.FindMinAnglePNY   chassis_task.o
    0x08001c08   0x08001c08   0x00000298   Code   RO         1686    i.GIMBAL_AUTO_Mode_Ctrl  gimbal_task.o
    0x08001ea0   0x08001ea0   0x000001bc   Code   RO         1688    i.GIMBAL_BASE_Mode_Ctrl  gimbal_task.o
    0x0800205c   0x0800205c   0x00000002   Code   RO         1689    i.GIMBAL_BUFF_Mode_Ctrl_Gimbal  gimbal_task.o
    0x0800205e   0x0800205e   0x00000002   Code   RO         1691    i.GIMBAL_IfBuffHit  gimbal_task.o
    0x08002060   0x08002060   0x00000118   Code   RO         1693    i.GIMBAL_Key_Ctrl   gimbal_task.o
    0x08002178   0x08002178   0x0000003c   Code   RO         1694    i.GIMBAL_LEVEL_Mode_Ctrl  gimbal_task.o
    0x080021b4   0x080021b4   0x00000208   Code   RO         1696    i.GIMBAL_NORMAL_Mode_Ctrl  gimbal_task.o
    0x080023bc   0x080023bc   0x00000028   Code   RO         2513    i.Get6020SpeedCallback  bsp_motor.o
    0x080023e4   0x080023e4   0x00000034   Code   RO         1527    i.GetEnvironmentChassisMode  chassis_task.o
    0x08002418   0x08002418   0x0000002c   Code   RO         2206    i.Get_CRC16_Check_Sum  crc.o
    0x08002444   0x08002444   0x0000001c   Code   RO         2207    i.Get_CRC8_Check_Sum  crc.o
    0x08002460   0x08002460   0x00000184   Code   RO         1697    i.GimbalFun         gimbal_task.o
    0x080025e4   0x080025e4   0x00000190   Code   RO         1698    i.GimbalOpenInit    gimbal_task.o
    0x08002774   0x08002774   0x00000164   Code   RO         2961    i.HAL_ADC_ConfigChannel  stm32f4xx_hal_adc.o
    0x080028d8   0x080028d8   0x0000002c   Code   RO          407    i.HAL_ADC_ConvCpltCallback  main.o
    0x08002904   0x08002904   0x00000002   Code   RO         2963    i.HAL_ADC_ConvHalfCpltCallback  stm32f4xx_hal_adc.o
    0x08002906   0x08002906   0x00000002   Code   RO         2965    i.HAL_ADC_ErrorCallback  stm32f4xx_hal_adc.o
    0x08002908   0x08002908   0x00000054   Code   RO         2970    i.HAL_ADC_Init      stm32f4xx_hal_adc.o
    0x0800295c   0x0800295c   0x00000098   Code   RO          499    i.HAL_ADC_MspInit   adc.o
    0x080029f4   0x080029f4   0x00000130   Code   RO         2977    i.HAL_ADC_Start_DMA  stm32f4xx_hal_adc.o
    0x08002b24   0x08002b24   0x00000024   Code   RO         4443    i.HAL_CAN_ActivateNotification  stm32f4xx_hal_can.o
    0x08002b48   0x08002b48   0x000000c8   Code   RO         4444    i.HAL_CAN_AddTxMessage  stm32f4xx_hal_can.o
    0x08002c10   0x08002c10   0x0000010c   Code   RO         4445    i.HAL_CAN_ConfigFilter  stm32f4xx_hal_can.o
    0x08002d1c   0x08002d1c   0x00000002   Code   RO         4448    i.HAL_CAN_ErrorCallback  stm32f4xx_hal_can.o
    0x08002d1e   0x08002d1e   0x000000e8   Code   RO         4451    i.HAL_CAN_GetRxMessage  stm32f4xx_hal_can.o
    0x08002e06   0x08002e06   0x0000002c   Code   RO         4453    i.HAL_CAN_GetTxMailboxesFreeLevel  stm32f4xx_hal_can.o
    0x08002e32   0x08002e32   0x000001fc   Code   RO         4455    i.HAL_CAN_IRQHandler  stm32f4xx_hal_can.o
    0x0800302e   0x0800302e   0x0000011a   Code   RO         4456    i.HAL_CAN_Init      stm32f4xx_hal_can.o
    0x08003148   0x08003148   0x0000011c   Code   RO          541    i.HAL_CAN_MspInit   can.o
    0x08003264   0x08003264   0x00000002   Code   RO         4463    i.HAL_CAN_RxFifo0FullCallback  stm32f4xx_hal_can.o
    0x08003266   0x08003266   0x00000002   PAD
    0x08003268   0x08003268   0x0000007c   Code   RO         1998    i.HAL_CAN_RxFifo0MsgPendingCallback  bsp_can.o
    0x080032e4   0x080032e4   0x00000002   Code   RO         4465    i.HAL_CAN_RxFifo1FullCallback  stm32f4xx_hal_can.o
    0x080032e6   0x080032e6   0x00000002   Code   RO         4466    i.HAL_CAN_RxFifo1MsgPendingCallback  stm32f4xx_hal_can.o
    0x080032e8   0x080032e8   0x00000002   Code   RO         4467    i.HAL_CAN_SleepCallback  stm32f4xx_hal_can.o
    0x080032ea   0x080032ea   0x00000002   PAD
    0x080032ec   0x080032ec   0x00000058   Code   RO         4468    i.HAL_CAN_Start     stm32f4xx_hal_can.o
    0x08003344   0x08003344   0x00000002   Code   RO         4470    i.HAL_CAN_TxMailbox0AbortCallback  stm32f4xx_hal_can.o
    0x08003346   0x08003346   0x00000002   Code   RO         4471    i.HAL_CAN_TxMailbox0CompleteCallback  stm32f4xx_hal_can.o
    0x08003348   0x08003348   0x00000002   Code   RO         4472    i.HAL_CAN_TxMailbox1AbortCallback  stm32f4xx_hal_can.o
    0x0800334a   0x0800334a   0x00000002   Code   RO         4473    i.HAL_CAN_TxMailbox1CompleteCallback  stm32f4xx_hal_can.o
    0x0800334c   0x0800334c   0x00000002   Code   RO         4474    i.HAL_CAN_TxMailbox2AbortCallback  stm32f4xx_hal_can.o
    0x0800334e   0x0800334e   0x00000002   Code   RO         4475    i.HAL_CAN_TxMailbox2CompleteCallback  stm32f4xx_hal_can.o
    0x08003350   0x08003350   0x00000002   Code   RO         4477    i.HAL_CAN_WakeUpFromRxMsgCallback  stm32f4xx_hal_can.o
    0x08003352   0x08003352   0x0000008e   Code   RO         3745    i.HAL_DMA_Abort     stm32f4xx_hal_dma.o
    0x080033e0   0x080033e0   0x00000024   Code   RO         3746    i.HAL_DMA_Abort_IT  stm32f4xx_hal_dma.o
    0x08003404   0x08003404   0x000001a0   Code   RO         3750    i.HAL_DMA_IRQHandler  stm32f4xx_hal_dma.o
    0x080035a4   0x080035a4   0x000000d4   Code   RO         3751    i.HAL_DMA_Init      stm32f4xx_hal_dma.o
    0x08003678   0x08003678   0x00000046   Code   RO         3754    i.HAL_DMA_Start     stm32f4xx_hal_dma.o
    0x080036be   0x080036be   0x00000078   Code   RO         3755    i.HAL_DMA_Start_IT  stm32f4xx_hal_dma.o
    0x08003736   0x08003736   0x00000002   PAD
    0x08003738   0x08003738   0x00000024   Code   RO         4182    i.HAL_Delay         stm32f4xx_hal.o
    0x0800375c   0x0800375c   0x000001cc   Code   RO         3638    i.HAL_GPIO_Init     stm32f4xx_hal_gpio.o
    0x08003928   0x08003928   0x0000000a   Code   RO         3640    i.HAL_GPIO_ReadPin  stm32f4xx_hal_gpio.o
    0x08003932   0x08003932   0x0000000e   Code   RO         3641    i.HAL_GPIO_TogglePin  stm32f4xx_hal_gpio.o
    0x08003940   0x08003940   0x0000000a   Code   RO         3642    i.HAL_GPIO_WritePin  stm32f4xx_hal_gpio.o
    0x0800394a   0x0800394a   0x00000002   PAD
    0x0800394c   0x0800394c   0x0000000c   Code   RO         4190    i.HAL_GetTick       stm32f4xx_hal.o
    0x08003958   0x08003958   0x00000010   Code   RO         4196    i.HAL_IncTick       stm32f4xx_hal.o
    0x08003968   0x08003968   0x00000034   Code   RO         4197    i.HAL_Init          stm32f4xx_hal.o
    0x0800399c   0x0800399c   0x00000074   Code   RO          796    i.HAL_InitTick      stm32f4xx_hal_timebase_tim.o
    0x08003a10   0x08003a10   0x00000038   Code   RO         1121    i.HAL_MspInit       stm32f4xx_hal_msp.o
    0x08003a48   0x08003a48   0x0000001a   Code   RO         4045    i.HAL_NVIC_EnableIRQ  stm32f4xx_hal_cortex.o
    0x08003a62   0x08003a62   0x00000002   PAD
    0x08003a64   0x08003a64   0x00000040   Code   RO         4051    i.HAL_NVIC_SetPriority  stm32f4xx_hal_cortex.o
    0x08003aa4   0x08003aa4   0x00000024   Code   RO         4052    i.HAL_NVIC_SetPriorityGrouping  stm32f4xx_hal_cortex.o
    0x08003ac8   0x08003ac8   0x00000070   Code   RO         3974    i.HAL_PWREx_EnableOverDrive  stm32f4xx_hal_pwr_ex.o
    0x08003b38   0x08003b38   0x00000130   Code   RO         3232    i.HAL_RCC_ClockConfig  stm32f4xx_hal_rcc.o
    0x08003c68   0x08003c68   0x00000040   Code   RO         3236    i.HAL_RCC_GetClockConfig  stm32f4xx_hal_rcc.o
    0x08003ca8   0x08003ca8   0x00000020   Code   RO         3239    i.HAL_RCC_GetPCLK1Freq  stm32f4xx_hal_rcc.o
    0x08003cc8   0x08003cc8   0x00000020   Code   RO         3240    i.HAL_RCC_GetPCLK2Freq  stm32f4xx_hal_rcc.o
    0x08003ce8   0x08003ce8   0x00000064   Code   RO         3241    i.HAL_RCC_GetSysClockFreq  stm32f4xx_hal_rcc.o
    0x08003d4c   0x08003d4c   0x0000031c   Code   RO         3244    i.HAL_RCC_OscConfig  stm32f4xx_hal_rcc.o
    0x08004068   0x08004068   0x00000080   Code   RO         4687    i.HAL_SPI_Init      stm32f4xx_hal_spi.o
    0x080040e8   0x080040e8   0x000000cc   Code   RO          722    i.HAL_SPI_MspInit   spi.o
    0x080041b4   0x080041b4   0x0000015c   Code   RO         4695    i.HAL_SPI_Transmit  stm32f4xx_hal_spi.o
    0x08004310   0x08004310   0x000001e2   Code   RO         4696    i.HAL_SPI_TransmitReceive  stm32f4xx_hal_spi.o
    0x080044f2   0x080044f2   0x00000002   Code   RO         5675    i.HAL_TIMEx_BreakCallback  stm32f4xx_hal_tim_ex.o
    0x080044f4   0x080044f4   0x00000002   Code   RO         5676    i.HAL_TIMEx_CommutCallback  stm32f4xx_hal_tim_ex.o
    0x080044f6   0x080044f6   0x00000042   Code   RO         5693    i.HAL_TIMEx_MasterConfigSynchronization  stm32f4xx_hal_tim_ex.o
    0x08004538   0x08004538   0x00000036   Code   RO         5000    i.HAL_TIM_Base_Init  stm32f4xx_hal_tim.o
    0x0800456e   0x0800456e   0x00000002   PAD
    0x08004570   0x08004570   0x0000003c   Code   RO          836    i.HAL_TIM_Base_MspInit  tim.o
    0x080045ac   0x080045ac   0x00000024   Code   RO         5003    i.HAL_TIM_Base_Start  stm32f4xx_hal_tim.o
    0x080045d0   0x080045d0   0x00000022   Code   RO         5005    i.HAL_TIM_Base_Start_IT  stm32f4xx_hal_tim.o
    0x080045f2   0x080045f2   0x00000002   Code   RO         5029    i.HAL_TIM_IC_CaptureCallback  stm32f4xx_hal_tim.o
    0x080045f4   0x080045f4   0x00000166   Code   RO         5043    i.HAL_TIM_IRQHandler  stm32f4xx_hal_tim.o
    0x0800475a   0x0800475a   0x00000002   PAD
    0x0800475c   0x0800475c   0x000000b4   Code   RO          837    i.HAL_TIM_MspPostInit  tim.o
    0x08004810   0x08004810   0x00000002   Code   RO         5046    i.HAL_TIM_OC_DelayElapsedCallback  stm32f4xx_hal_tim.o
    0x08004812   0x08004812   0x000000d0   Code   RO         5067    i.HAL_TIM_PWM_ConfigChannel  stm32f4xx_hal_tim.o
    0x080048e2   0x080048e2   0x00000036   Code   RO         5070    i.HAL_TIM_PWM_Init  stm32f4xx_hal_tim.o
    0x08004918   0x08004918   0x00000058   Code   RO          839    i.HAL_TIM_PWM_MspInit  tim.o
    0x08004970   0x08004970   0x00000002   Code   RO         5073    i.HAL_TIM_PWM_PulseFinishedCallback  stm32f4xx_hal_tim.o
    0x08004972   0x08004972   0x00000002   PAD
    0x08004974   0x08004974   0x00000044   Code   RO         5075    i.HAL_TIM_PWM_Start  stm32f4xx_hal_tim.o
    0x080049b8   0x080049b8   0x00000034   Code   RO          408    i.HAL_TIM_PeriodElapsedCallback  main.o
    0x080049ec   0x080049ec   0x00000002   Code   RO         5086    i.HAL_TIM_TriggerCallback  stm32f4xx_hal_tim.o
    0x080049ee   0x080049ee   0x00000058   Code   RO         5945    i.HAL_UART_DMAStop  stm32f4xx_hal_uart.o
    0x08004a46   0x08004a46   0x00000002   Code   RO         5947    i.HAL_UART_ErrorCallback  stm32f4xx_hal_uart.o
    0x08004a48   0x08004a48   0x00000110   Code   RO         5950    i.HAL_UART_IRQHandler  stm32f4xx_hal_uart.o
    0x08004b58   0x08004b58   0x00000062   Code   RO         5951    i.HAL_UART_Init     stm32f4xx_hal_uart.o
    0x08004bba   0x08004bba   0x00000002   PAD
    0x08004bbc   0x08004bbc   0x000002bc   Code   RO          914    i.HAL_UART_MspInit  usart.o
    0x08004e78   0x08004e78   0x00000098   Code   RO         5955    i.HAL_UART_Receive_DMA  stm32f4xx_hal_uart.o
    0x08004f10   0x08004f10   0x00000052   Code   RO         5956    i.HAL_UART_Receive_IT  stm32f4xx_hal_uart.o
    0x08004f62   0x08004f62   0x00000002   Code   RO         5957    i.HAL_UART_RxCpltCallback  stm32f4xx_hal_uart.o
    0x08004f64   0x08004f64   0x00000002   Code   RO         5958    i.HAL_UART_RxHalfCpltCallback  stm32f4xx_hal_uart.o
    0x08004f66   0x08004f66   0x00000002   Code   RO         5962    i.HAL_UART_TxCpltCallback  stm32f4xx_hal_uart.o
    0x08004f68   0x08004f68   0x00000002   Code   RO          990    i.HardFault_Handler  stm32f4xx_it.o
    0x08004f6a   0x08004f6a   0x00000068   Code   RO         2264    i.ICM20602_Init     icm20602.o
    0x08004fd2   0x08004fd2   0x00000002   PAD
    0x08004fd4   0x08004fd4   0x00000038   Code   RO         1699    i.IMUFun            gimbal_task.o
    0x0800500c   0x0800500c   0x00000310   Code   RO         2265    i.IMU_GetInfo       icm20602.o
    0x0800531c   0x0800531c   0x00000164   Code   RO         2266    i.IMU_Get_Offset    icm20602.o
    0x08005480   0x08005480   0x00000064   Code   RO         2267    i.IMU_getValues     icm20602.o
    0x080054e4   0x080054e4   0x00000038   Code   RO         2793    i.JUDGE_ShootNumCount  judge.o
    0x0800551c   0x0800551c   0x0000000c   Code   RO         2797    i.JUDGE_fGetRemainEnergy  judge.o
    0x08005528   0x08005528   0x0000000c   Code   RO         2798    i.JUDGE_sGetDataState  judge.o
    0x08005534   0x08005534   0x0000015c   Code   RO         2806    i.Judge_Read_Data   judge.o
    0x08005690   0x08005690   0x0000003c   Code   RO         2562    i.KEY_Scan          bsp_oled.o
    0x080056cc   0x080056cc   0x00000030   Code   RO          342    i.KalmanCreate      kalman.o
    0x080056fc   0x080056fc   0x0000005a   Code   RO          343    i.KalmanFilter      kalman.o
    0x08005756   0x08005756   0x00000002   PAD
    0x08005758   0x08005758   0x0000004c   Code   RO         1528    i.KeyboardControlChassis  chassis_task.o
    0x080057a4   0x080057a4   0x00000150   Code   RO         1700    i.KeyboardControlGimbal  gimbal_task.o
    0x080058f4   0x080058f4   0x00000038   Code   RO         1529    i.LimitChassisMotorCurrent  chassis_task.o
    0x0800592c   0x0800592c   0x00000024   Code   RO           14    i.LimtValue_f       mysystem.o
    0x08005950   0x08005950   0x0000001a   Code   RO         2268    i.MPU6500_GetAvg    icm20602.o
    0x0800596a   0x0800596a   0x00000002   PAD
    0x0800596c   0x0800596c   0x00000150   Code   RO         2269    i.MPU6500_readGyro_Acc  icm20602.o
    0x08005abc   0x08005abc   0x00000064   Code   RO          500    i.MX_ADC1_Init      adc.o
    0x08005b20   0x08005b20   0x00000044   Code   RO          542    i.MX_CAN1_Init      can.o
    0x08005b64   0x08005b64   0x00000044   Code   RO          543    i.MX_CAN2_Init      can.o
    0x08005ba8   0x08005ba8   0x0000007c   Code   RO          589    i.MX_DMA_Init       dma.o
    0x08005c24   0x08005c24   0x000000e0   Code   RO          617    i.MX_FREERTOS_Init  freertos.o
    0x08005d04   0x08005d04   0x0000019c   Code   RO          474    i.MX_GPIO_Init      gpio.o
    0x08005ea0   0x08005ea0   0x00000044   Code   RO          723    i.MX_SPI1_Init      spi.o
    0x08005ee4   0x08005ee4   0x00000044   Code   RO          724    i.MX_SPI5_Init      spi.o
    0x08005f28   0x08005f28   0x0000005c   Code   RO          840    i.MX_TIM12_Init     tim.o
    0x08005f84   0x08005f84   0x00000080   Code   RO          841    i.MX_TIM2_Init      tim.o
    0x08006004   0x08006004   0x00000070   Code   RO          842    i.MX_TIM3_Init      tim.o
    0x08006074   0x08006074   0x00000048   Code   RO          843    i.MX_TIM6_Init      tim.o
    0x080060bc   0x080060bc   0x00000038   Code   RO          915    i.MX_UART7_Init     usart.o
    0x080060f4   0x080060f4   0x00000038   Code   RO          916    i.MX_UART8_Init     usart.o
    0x0800612c   0x0800612c   0x00000040   Code   RO          917    i.MX_USART1_UART_Init  usart.o
    0x0800616c   0x0800616c   0x00000038   Code   RO          918    i.MX_USART3_UART_Init  usart.o
    0x080061a4   0x080061a4   0x00000002   Code   RO         2926    i.Magazine_IfOpen   magazine.o
    0x080061a6   0x080061a6   0x00000002   Code   RO         2927    i.Magazine_IfWait   magazine.o
    0x080061a8   0x080061a8   0x000003d8   Code   RO         2270    i.MahonyAHRSupdate  icm20602.o
    0x08006580   0x08006580   0x00000254   Code   RO         2271    i.MahonyAHRSupdateIMU  icm20602.o
    0x080067d4   0x080067d4   0x00000016   Code   RO         1530    i.Mecanum_Set_Motor_Speed  chassis_task.o
    0x080067ea   0x080067ea   0x00000002   Code   RO          991    i.MemManage_Handler  stm32f4xx_it.o
    0x080067ec   0x080067ec   0x00000038   Code   RO         1854    i.Moto_Speed_Set    shoot_task.o
    0x08006824   0x08006824   0x000000a0   Code   RO         2514    i.Motor_Init        bsp_motor.o
    0x080068c4   0x080068c4   0x000000a0   Code   RO         2515    i.Motor_Init2       bsp_motor.o
    0x08006964   0x08006964   0x00000002   Code   RO          992    i.NMI_Handler       stm32f4xx_it.o
    0x08006966   0x08006966   0x00000002   PAD
    0x08006968   0x08006968   0x000007f6   Code   RO         1408    i.OLED_Change_Param  oled_task.o
    0x0800715e   0x0800715e   0x00000002   PAD
    0x08007160   0x08007160   0x00000088   Code   RO         1409    i.OLED_Show_Info    oled_task.o
    0x080071e8   0x080071e8   0x000000f4   Code   RO         1412    i.Oled_ShowGM6020Set  oled_task.o
    0x080072dc   0x080072dc   0x000000e4   Code   RO         1413    i.Oled_ShowIMU      oled_task.o
    0x080073c0   0x080073c0   0x0000010c   Code   RO         1414    i.Oled_ShowJY901    oled_task.o
    0x080074cc   0x080074cc   0x00000138   Code   RO         1415    i.Oled_ShowMotor    oled_task.o
    0x08007604   0x08007604   0x00000140   Code   RO         1416    i.Oled_ShowMotorSet  oled_task.o
    0x08007744   0x08007744   0x000000dc   Code   RO         1417    i.Oled_ShowRC       oled_task.o
    0x08007820   0x08007820   0x000000fc   Code   RO         1419    i.Oled_Show_Manu    oled_task.o
    0x0800791c   0x0800791c   0x00000048   Code   RO           16    i.OutControl_Fun    mysystem.o
    0x08007964   0x08007964   0x000001ec   Code   RO         2168    i.PID_Calc          bsp_pid.o
    0x08007b50   0x08007b50   0x00000078   Code   RO         2169    i.PID_Init          bsp_pid.o
    0x08007bc8   0x08007bc8   0x0000008a   Code   RO         1855    i.PWM_Set_Shootspeed  shoot_task.o
    0x08007c52   0x08007c52   0x00000002   PAD
    0x08007c54   0x08007c54   0x00000060   Code   RO         2084    i.REMOTE_IfDataError  bsp_dbus.o
    0x08007cb4   0x08007cb4   0x0000000c   Code   RO         2085    i.REMOTE_ulGetLostTime  bsp_dbus.o
    0x08007cc0   0x08007cc0   0x00000018   Code   RO         2086    i.REMOTE_vResetData  bsp_dbus.o
    0x08007cd8   0x08007cd8   0x00000014   Code   RO         2087    i.REMOTE_vUpdateLostTime  bsp_dbus.o
    0x08007cec   0x08007cec   0x00000044   Code   RO         1856    i.REVOLVER_Key_Ctrl  shoot_task.o
    0x08007d30   0x08007d30   0x0000001c   Code   RO         1857    i.REVOLVER_Rc_Ctrl  shoot_task.o
    0x08007d4c   0x08007d4c   0x00000050   Code   RO           17    i.RampInc_float     mysystem.o
    0x08007d9c   0x08007d9c   0x00000220   Code   RO         1531    i.RemoteControlChassis  chassis_task.o
    0x08007fbc   0x08007fbc   0x000001b4   Code   RO         1701    i.RemoteControlGimbal  gimbal_task.o
    0x08008170   0x08008170   0x00000028   Code   RO         1861    i.SHOOT_HIGHTF_LOWS_Ctrl  shoot_task.o
    0x08008198   0x08008198   0x00000028   Code   RO         1862    i.SHOOT_MIDF_HIGHTS_Ctrl  shoot_task.o
    0x080081c0   0x080081c0   0x000000a8   Code   RO         1863    i.SHOOT_NORMAL_Ctrl  shoot_task.o
    0x08008268   0x08008268   0x0000002c   Code   RO         1864    i.SHOOT_SINGLE_Ctrl  shoot_task.o
    0x08008294   0x08008294   0x00000058   Code   RO         4725    i.SPI_EndRxTxTransaction  stm32f4xx_hal_spi.o
    0x080082ec   0x080082ec   0x00000094   Code   RO         4730    i.SPI_WaitFlagStateUntilTimeout  stm32f4xx_hal_spi.o
    0x08008380   0x08008380   0x0000000c   Code   RO         7643    i.SYSTEM_GetRemoteMode  control.o
    0x0800838c   0x0800838c   0x0000000c   Code   RO         7644    i.SYSTEM_GetSystemState  control.o
    0x08008398   0x08008398   0x000000f8   Code   RO           18    i.SYSTEM_InitPeripheral  mysystem.o
    0x08008490   0x08008490   0x0000004c   Code   RO         1532    i.SetChassisMotorMaxCurrent  chassis_task.o
    0x080084dc   0x080084dc   0x00000078   Code   RO         1866    i.ShootFun          shoot_task.o
    0x08008554   0x08008554   0x00000018   Code   RO         1420    i.ShowOLEDFun       oled_task.o
    0x0800856c   0x0800856c   0x000000c4   Code   RO           19    i.ShowRunningFun    mysystem.o
    0x08008630   0x08008630   0x0000002c   Code   RO         7564    i.SysTick_Handler   port.o
    0x0800865c   0x0800865c   0x00000088   Code   RO          409    i.SystemClock_Config  main.o
    0x080086e4   0x080086e4   0x00000054   Code   RO         1371    i.SystemInit        system_stm32f4xx.o
    0x08008738   0x08008738   0x0000000c   Code   RO          993    i.TIM1_UP_TIM10_IRQHandler  stm32f4xx_it.o
    0x08008744   0x08008744   0x0000000c   Code   RO          994    i.TIM6_DAC_IRQHandler  stm32f4xx_it.o
    0x08008750   0x08008750   0x000000c8   Code   RO         5088    i.TIM_Base_SetConfig  stm32f4xx_hal_tim.o
    0x08008818   0x08008818   0x0000001a   Code   RO         5089    i.TIM_CCxChannelCmd  stm32f4xx_hal_tim.o
    0x08008832   0x08008832   0x00000002   PAD
    0x08008834   0x08008834   0x00000060   Code   RO         5101    i.TIM_OC1_SetConfig  stm32f4xx_hal_tim.o
    0x08008894   0x08008894   0x0000006c   Code   RO         5102    i.TIM_OC2_SetConfig  stm32f4xx_hal_tim.o
    0x08008900   0x08008900   0x00000068   Code   RO         5103    i.TIM_OC3_SetConfig  stm32f4xx_hal_tim.o
    0x08008968   0x08008968   0x00000050   Code   RO         5104    i.TIM_OC4_SetConfig  stm32f4xx_hal_tim.o
    0x080089b8   0x080089b8   0x00000064   Code   RO         1702    i.Target_Speed_Calc  gimbal_task.o
    0x08008a1c   0x08008a1c   0x00000018   Code   RO          995    i.UART7_IRQHandler  stm32f4xx_it.o
    0x08008a34   0x08008a34   0x00000018   Code   RO          996    i.UART8_IRQHandler  stm32f4xx_it.o
    0x08008a4c   0x08008a4c   0x00000010   Code   RO         5964    i.UART_DMAAbortOnError  stm32f4xx_hal_uart.o
    0x08008a5c   0x08008a5c   0x0000004a   Code   RO         5965    i.UART_DMAError     stm32f4xx_hal_uart.o
    0x08008aa6   0x08008aa6   0x0000003c   Code   RO         5966    i.UART_DMAReceiveCplt  stm32f4xx_hal_uart.o
    0x08008ae2   0x08008ae2   0x0000000a   Code   RO         5968    i.UART_DMARxHalfCplt  stm32f4xx_hal_uart.o
    0x08008aec   0x08008aec   0x0000001c   Code   RO         5974    i.UART_EndRxTransfer  stm32f4xx_hal_uart.o
    0x08008b08   0x08008b08   0x00000012   Code   RO         5975    i.UART_EndTxTransfer  stm32f4xx_hal_uart.o
    0x08008b1a   0x08008b1a   0x00000096   Code   RO         5976    i.UART_Receive_IT   stm32f4xx_hal_uart.o
    0x08008bb0   0x08008bb0   0x000002ac   Code   RO         5977    i.UART_SetConfig    stm32f4xx_hal_uart.o
    0x08008e5c   0x08008e5c   0x00000062   Code   RO         5978    i.UART_Transmit_IT  stm32f4xx_hal_uart.o
    0x08008ebe   0x08008ebe   0x00000002   PAD
    0x08008ec0   0x08008ec0   0x00000018   Code   RO          997    i.USART1_IRQHandler  stm32f4xx_it.o
    0x08008ed8   0x08008ed8   0x0000005c   Code   RO          919    i.USART3_IRQHandler  usart.o
    0x08008f34   0x08008f34   0x00000002   Code   RO          998    i.UsageFault_Handler  stm32f4xx_it.o
    0x08008f36   0x08008f36   0x00000002   PAD
    0x08008f38   0x08008f38   0x0000003c   Code   RO         2208    i.Verify_CRC16_Check_Sum  crc.o
    0x08008f74   0x08008f74   0x00000026   Code   RO         2209    i.Verify_CRC8_Check_Sum  crc.o
    0x08008f9a   0x08008f9a   0x00000002   PAD
    0x08008f9c   0x08008f9c   0x00000030   Code   RO         2712    i.Vision_Base_Yaw_Pixel  bsp_vision.o
    0x08008fcc   0x08008fcc   0x0000000c   Code   RO         2713    i.Vision_Clean_Update_Flag  bsp_vision.o
    0x08008fd8   0x08008fd8   0x00000002   Code   RO         2714    i.Vision_Error_Angle_Pitch  bsp_vision.o
    0x08008fda   0x08008fda   0x00000002   PAD
    0x08008fdc   0x08008fdc   0x00000054   Code   RO         2715    i.Vision_Error_Angle_Yaw  bsp_vision.o
    0x08009030   0x08009030   0x0000002c   Code   RO         2716    i.Vision_Get_Distance  bsp_vision.o
    0x0800905c   0x0800905c   0x00000010   Code   RO         2717    i.Vision_If_Update  bsp_vision.o
    0x0800906c   0x0800906c   0x00000030   Code   RO         7845    i.__ARM_fpclassify  m_wm.l(fpclassify.o)
    0x0800909c   0x0800909c   0x00000020   Code   RO         4058    i.__NVIC_SetPriority  stm32f4xx_hal_cortex.o
    0x080090bc   0x080090bc   0x00000004   PAD
    0x080090c0   0x080090c0   0x00000360   Code   RO         7685    i.__hardfp_asin     m_wm.l(asin.o)
    0x08009420   0x08009420   0x000002d8   Code   RO         7814    i.__hardfp_atan     m_wm.l(atan.o)
    0x080096f8   0x080096f8   0x000001f0   Code   RO         7699    i.__hardfp_atan2    m_wm.l(atan2.o)
    0x080098e8   0x080098e8   0x000000c8   Code   RO         7711    i.__hardfp_cos      m_wm.l(cos.o)
    0x080099b0   0x080099b0   0x00000014   Code   RO         7723    i.__hardfp_fabs     m_wm.l(fabs.o)
    0x080099c4   0x080099c4   0x00000004   PAD
    0x080099c8   0x080099c8   0x000000c8   Code   RO         7729    i.__hardfp_sin      m_wm.l(sin.o)
    0x08009a90   0x08009a90   0x0000007a   Code   RO         7741    i.__hardfp_sqrt     m_wm.l(sqrt.o)
    0x08009b0a   0x08009b0a   0x00000006   PAD
    0x08009b10   0x08009b10   0x00000438   Code   RO         7850    i.__ieee754_rem_pio2  m_wm.l(rred.o)
    0x08009f48   0x08009f48   0x00000170   Code   RO         7828    i.__kernel_cos      m_wm.l(cos_i.o)
    0x0800a0b8   0x0800a0b8   0x000000f8   Code   RO         7847    i.__kernel_poly     m_wm.l(poly.o)
    0x0800a1b0   0x0800a1b0   0x00000130   Code   RO         7855    i.__kernel_sin      m_wm.l(sin_i.o)
    0x0800a2e0   0x0800a2e0   0x00000014   Code   RO         7832    i.__mathlib_dbl_infnan  m_wm.l(dunder.o)
    0x0800a2f4   0x0800a2f4   0x00000014   Code   RO         7833    i.__mathlib_dbl_infnan2  m_wm.l(dunder.o)
    0x0800a308   0x0800a308   0x00000020   Code   RO         7834    i.__mathlib_dbl_invalid  m_wm.l(dunder.o)
    0x0800a328   0x0800a328   0x00000020   Code   RO         7837    i.__mathlib_dbl_underflow  m_wm.l(dunder.o)
    0x0800a348   0x0800a348   0x0000000e   Code   RO         7910    i.__scatterload_copy  mc_w.l(handlers.o)
    0x0800a356   0x0800a356   0x00000002   Code   RO         7911    i.__scatterload_null  mc_w.l(handlers.o)
    0x0800a358   0x0800a358   0x0000000e   Code   RO         7912    i.__scatterload_zeroinit  mc_w.l(handlers.o)
    0x0800a366   0x0800a366   0x00000002   PAD
    0x0800a368   0x0800a368   0x0000000c   Code   RO         7888    i.__set_errno       mc_w.l(errno.o)
    0x0800a374   0x0800a374   0x00000010   Code   RO         7645    i.abs_float         control.o
    0x0800a384   0x0800a384   0x0000007c   Code   RO         1145    i.arm_mat_add_f32   arm_mat_add_f32.o
    0x0800a400   0x0800a400   0x00000008   Code   RO         1202    i.arm_mat_init_f32  arm_mat_init_f32.o
    0x0800a408   0x0800a408   0x00000264   Code   RO         1226    i.arm_mat_inverse_f32  arm_mat_inverse_f32.o
    0x0800a66c   0x0800a66c   0x000000dc   Code   RO         1274    i.arm_mat_mult_f32  arm_mat_mult_f32.o
    0x0800a748   0x0800a748   0x0000007c   Code   RO         1322    i.arm_mat_sub_f32   arm_mat_sub_f32.o
    0x0800a7c4   0x0800a7c4   0x00000010   Code   RO         7816    i.atan              m_wm.l(atan.o)
    0x0800a7d4   0x0800a7d4   0x00000020   Code   RO         7646    i.constrain_float   control.o
    0x0800a7f4   0x0800a7f4   0x00000028   Code   RO         2088    i.dbus_uart_init    bsp_dbus.o
    0x0800a81c   0x0800a81c   0x00000018   Code   RO         7725    i.fabs              m_wm.l(fabs.o)
    0x0800a834   0x0800a834   0x00000058   Code   RO         2564    i.getOledKeyValue   bsp_oled.o
    0x0800a88c   0x0800a88c   0x0000006c   Code   RO         1999    i.get_chassis_power  bsp_can.o
    0x0800a8f8   0x0800a8f8   0x00000060   Code   RO         2000    i.get_moto_measure  bsp_can.o
    0x0800a958   0x0800a958   0x00000010   Code   RO         1867    i.get_signal        shoot_task.o
    0x0800a968   0x0800a968   0x00000008   Code   RO          622    i.hero_shoot_fun    freertos.o
    0x0800a970   0x0800a970   0x00000060   Code   RO         2277    i.icm20602_read_buffer  icm20602.o
    0x0800a9d0   0x0800a9d0   0x00000054   Code   RO         2281    i.icm20602_write_reg  icm20602.o
    0x0800aa24   0x0800aa24   0x0000000c   Code   RO         7145    i.inHandlerMode     cmsis_os.o
    0x0800aa30   0x0800aa30   0x0000002c   Code   RO         2443    i.invSqrt           madgwick_ahrs.o
    0x0800aa5c   0x0800aa5c   0x000001cc   Code   RO         2406    i.jy901_callback_handler  jy901.o
    0x0800ac28   0x0800ac28   0x00000028   Code   RO         2407    i.jy901_uart_init   jy901.o
    0x0800ac50   0x0800ac50   0x0000014c   Code   RO          363    i.kalman_filter_calc  kalman_filter.o
    0x0800ad9c   0x0800ad9c   0x00000090   Code   RO          410    i.main              main.o
    0x0800ae2c   0x0800ae2c   0x0000000c   Code   RO         7147    i.makeFreeRtosPriority  cmsis_os.o
    0x0800ae38   0x0800ae38   0x00000088   Code   RO         1533    i.mecanum_calc      chassis_task.o
    0x0800aec0   0x0800aec0   0x00000028   Code   RO         2003    i.my_can_filter_init_recv_all  bsp_can.o
    0x0800aee8   0x0800aee8   0x00000198   Code   RO         2565    i.num2char          bsp_oled.o
    0x0800b080   0x0800b080   0x0000006c   Code   RO         1421    i.oled_LOGO         oled_task.o
    0x0800b0ec   0x0800b0ec   0x00000044   Code   RO         2566    i.oled_clear        bsp_oled.o
    0x0800b130   0x0800b130   0x00000048   Code   RO         2570    i.oled_drawpoint    bsp_oled.o
    0x0800b178   0x0800b178   0x00000124   Code   RO         2571    i.oled_init         bsp_oled.o
    0x0800b29c   0x0800b29c   0x00000010   Code   RO         2572    i.oled_pow          bsp_oled.o
    0x0800b2ac   0x0800b2ac   0x00000034   Code   RO         2574    i.oled_refresh_gram  bsp_oled.o
    0x0800b2e0   0x0800b2e0   0x0000002a   Code   RO         2575    i.oled_set_pos      bsp_oled.o
    0x0800b30a   0x0800b30a   0x00000002   PAD
    0x0800b30c   0x0800b30c   0x00000078   Code   RO         2576    i.oled_showchar     bsp_oled.o
    0x0800b384   0x0800b384   0x00000022   Code   RO         2577    i.oled_showfloat    bsp_oled.o
    0x0800b3a6   0x0800b3a6   0x000000de   Code   RO         2578    i.oled_shownum      bsp_oled.o
    0x0800b484   0x0800b484   0x00000036   Code   RO         2579    i.oled_showstring   bsp_oled.o
    0x0800b4ba   0x0800b4ba   0x00000002   PAD
    0x0800b4bc   0x0800b4bc   0x0000002c   Code   RO         2580    i.oled_write_byte   bsp_oled.o
    0x0800b4e8   0x0800b4e8   0x0000000e   Code   RO         7149    i.osDelay           cmsis_os.o
    0x0800b4f6   0x0800b4f6   0x0000000a   Code   RO         7152    i.osKernelStart     cmsis_os.o
    0x0800b500   0x0800b500   0x00000054   Code   RO         7186    i.osThreadCreate    cmsis_os.o
    0x0800b554   0x0800b554   0x00000040   Code   RO         7197    i.osTimerCreate     cmsis_os.o
    0x0800b594   0x0800b594   0x0000005c   Code   RO         7199    i.osTimerStart      cmsis_os.o
    0x0800b5f0   0x0800b5f0   0x00000070   Code   RO         6711    i.prvAddCurrentTaskToDelayedList  tasks.o
    0x0800b660   0x0800b660   0x000000d0   Code   RO         6712    i.prvAddNewTaskToReadyList  tasks.o
    0x0800b730   0x0800b730   0x00000058   Code   RO         7016    i.prvCheckForValidListAndQueue  timers.o
    0x0800b788   0x0800b788   0x00000026   Code   RO         6393    i.prvCopyDataFromQueue  queue.o
    0x0800b7ae   0x0800b7ae   0x0000006c   Code   RO         6394    i.prvCopyDataToQueue  queue.o
    0x0800b81a   0x0800b81a   0x00000034   Code   RO         6713    i.prvDeleteTCB      tasks.o
    0x0800b84e   0x0800b84e   0x00000002   PAD
    0x0800b850   0x0800b850   0x0000004c   Code   RO         7514    i.prvHeapInit       heap_4.o
    0x0800b89c   0x0800b89c   0x00000060   Code   RO         6714    i.prvIdleTask       tasks.o
    0x0800b8fc   0x0800b8fc   0x00000016   Code   RO         6396    i.prvInitialiseNewQueue  queue.o
    0x0800b912   0x0800b912   0x0000008e   Code   RO         6715    i.prvInitialiseNewTask  tasks.o
    0x0800b9a0   0x0800b9a0   0x00000044   Code   RO         7017    i.prvInitialiseNewTimer  timers.o
    0x0800b9e4   0x0800b9e4   0x0000004c   Code   RO         7515    i.prvInsertBlockIntoFreeList  heap_4.o
    0x0800ba30   0x0800ba30   0x00000038   Code   RO         7018    i.prvInsertTimerInActiveList  timers.o
    0x0800ba68   0x0800ba68   0x0000001c   Code   RO         6397    i.prvIsQueueEmpty   queue.o
    0x0800ba84   0x0800ba84   0x000000bc   Code   RO         7019    i.prvProcessReceivedCommands  timers.o
    0x0800bb40   0x0800bb40   0x000000b4   Code   RO         7020    i.prvProcessTimerOrBlockTask  timers.o
    0x0800bbf4   0x0800bbf4   0x00000020   Code   RO         6716    i.prvResetNextTaskUnblockTime  tasks.o
    0x0800bc14   0x0800bc14   0x00000028   Code   RO         7021    i.prvSampleTimeNow  timers.o
    0x0800bc3c   0x0800bc3c   0x0000006c   Code   RO         7022    i.prvSwitchTimerLists  timers.o
    0x0800bca8   0x0800bca8   0x00000028   Code   RO         7565    i.prvTaskExitError  port.o
    0x0800bcd0   0x0800bcd0   0x00000034   Code   RO         6717    i.prvTaskIsTaskSuspended  tasks.o
    0x0800bd04   0x0800bd04   0x00000024   Code   RO         7023    i.prvTimerTask      timers.o
    0x0800bd28   0x0800bd28   0x0000006a   Code   RO         6398    i.prvUnlockQueue    queue.o
    0x0800bd92   0x0800bd92   0x00000002   PAD
    0x0800bd94   0x0800bd94   0x000000d8   Code   RO         7516    i.pvPortMalloc      heap_4.o
    0x0800be6c   0x0800be6c   0x0000002c   Code   RO         7566    i.pxPortInitialiseStack  port.o
    0x0800be98   0x0800be98   0x000000da   Code   RO         2090    i.rc_callback_handler  bsp_dbus.o
    0x0800bf72   0x0800bf72   0x00000002   PAD
    0x0800bf74   0x0800bf74   0x00000064   Code   RO         2282    i.safe_asin         icm20602.o
    0x0800bfd8   0x0800bfd8   0x00000060   Code   RO         2004    i.set_moto1234_current  bsp_can.o
    0x0800c038   0x0800c038   0x00000060   Code   RO         2005    i.set_moto5678_current  bsp_can.o
    0x0800c098   0x0800c098   0x0000002c   Code   RO         2007    i.set_supercap_current  bsp_can.o
    0x0800c0c4   0x0800c0c4   0x00000078   Code   RO         1868    i.shoot_continuity  shoot_task.o
    0x0800c13c   0x0800c13c   0x000000c8   Code   RO         1869    i.shoot_single      shoot_task.o
    0x0800c204   0x0800c204   0x00000070   Code   RO         1870    i.shoot_stop        shoot_task.o
    0x0800c274   0x0800c274   0x0000006e   Code   RO         7743    i.sqrt              m_wm.l(sqrt.o)
    0x0800c2e2   0x0800c2e2   0x0000004e   Code   RO         2091    i.uart_receive_dma_no_it  bsp_dbus.o
    0x0800c330   0x0800c330   0x00000014   Code   RO         2092    i.uart_receive_handler  bsp_dbus.o
    0x0800c344   0x0800c344   0x000000cc   Code   RO         2093    i.uart_rx_idle_callback  bsp_dbus.o
    0x0800c410   0x0800c410   0x00000026   Code   RO         6353    i.uxListRemove      list.o
    0x0800c436   0x0800c436   0x00000002   PAD
    0x0800c438   0x0800c438   0x00000014   Code   RO          623    i.vApplicationGetIdleTaskMemory  freertos.o
    0x0800c44c   0x0800c44c   0x00000018   Code   RO          624    i.vApplicationGetTimerTaskMemory  freertos.o
    0x0800c464   0x0800c464   0x00000016   Code   RO         6354    i.vListInitialise   list.o
    0x0800c47a   0x0800c47a   0x00000006   Code   RO         6355    i.vListInitialiseItem  list.o
    0x0800c480   0x0800c480   0x00000030   Code   RO         6356    i.vListInsert       list.o
    0x0800c4b0   0x0800c4b0   0x00000018   Code   RO         6357    i.vListInsertEnd    list.o
    0x0800c4c8   0x0800c4c8   0x00000040   Code   RO         7568    i.vPortEnterCritical  port.o
    0x0800c508   0x0800c508   0x00000028   Code   RO         7569    i.vPortExitCritical  port.o
    0x0800c530   0x0800c530   0x0000005c   Code   RO         7517    i.vPortFree         heap_4.o
    0x0800c58c   0x0800c58c   0x00000024   Code   RO         7570    i.vPortSetupTimerInterrupt  port.o
    0x0800c5b0   0x0800c5b0   0x00000054   Code   RO         7571    i.vPortValidateInterruptPriority  port.o
    0x0800c604   0x0800c604   0x00000028   Code   RO         6402    i.vQueueAddToRegistry  queue.o
    0x0800c62c   0x0800c62c   0x00000044   Code   RO         6405    i.vQueueWaitForMessageRestricted  queue.o
    0x0800c670   0x0800c670   0x0000004c   Code   RO         6724    i.vTaskDelay        tasks.o
    0x0800c6bc   0x0800c6bc   0x0000008c   Code   RO         6725    i.vTaskDelayUntil   tasks.o
    0x0800c748   0x0800c748   0x00000010   Code   RO         6728    i.vTaskInternalSetTimeOutState  tasks.o
    0x0800c758   0x0800c758   0x0000000c   Code   RO         6729    i.vTaskMissedYield  tasks.o
    0x0800c764   0x0800c764   0x00000030   Code   RO         6731    i.vTaskPlaceOnEventList  tasks.o
    0x0800c794   0x0800c794   0x00000038   Code   RO         6732    i.vTaskPlaceOnEventListRestricted  tasks.o
    0x0800c7cc   0x0800c7cc   0x0000007c   Code   RO         6737    i.vTaskResume       tasks.o
    0x0800c848   0x0800c848   0x00000088   Code   RO         6739    i.vTaskStartScheduler  tasks.o
    0x0800c8d0   0x0800c8d0   0x000000bc   Code   RO         6740    i.vTaskSuspend      tasks.o
    0x0800c98c   0x0800c98c   0x00000010   Code   RO         6741    i.vTaskSuspendAll   tasks.o
    0x0800c99c   0x0800c99c   0x0000005c   Code   RO         6742    i.vTaskSwitchContext  tasks.o
    0x0800c9f8   0x0800c9f8   0x000000e4   Code   RO         2718    i.vision_callback_handler  bsp_vision.o
    0x0800cadc   0x0800cadc   0x00000028   Code   RO         2719    i.vision_uart_init  bsp_vision.o
    0x0800cb04   0x0800cb04   0x000000f4   Code   RO         7572    i.xPortStartScheduler  port.o
    0x0800cbf8   0x0800cbf8   0x00000066   Code   RO         6409    i.xQueueGenericCreateStatic  queue.o
    0x0800cc5e   0x0800cc5e   0x00000002   PAD
    0x0800cc60   0x0800cc60   0x00000088   Code   RO         6410    i.xQueueGenericReset  queue.o
    0x0800cce8   0x0800cce8   0x00000160   Code   RO         6411    i.xQueueGenericSend  queue.o
    0x0800ce48   0x0800ce48   0x000000bc   Code   RO         6412    i.xQueueGenericSendFromISR  queue.o
    0x0800cf04   0x0800cf04   0x00000138   Code   RO         6418    i.xQueueReceive     queue.o
    0x0800d03c   0x0800d03c   0x00000074   Code   RO         6743    i.xTaskCheckForTimeOut  tasks.o
    0x0800d0b0   0x0800d0b0   0x0000005a   Code   RO         6744    i.xTaskCreate       tasks.o
    0x0800d10a   0x0800d10a   0x00000056   Code   RO         6745    i.xTaskCreateStatic  tasks.o
    0x0800d160   0x0800d160   0x0000001c   Code   RO         6749    i.xTaskGetSchedulerState  tasks.o
    0x0800d17c   0x0800d17c   0x0000000c   Code   RO         6750    i.xTaskGetTickCount  tasks.o
    0x0800d188   0x0800d188   0x000000c8   Code   RO         6752    i.xTaskIncrementTick  tasks.o
    0x0800d250   0x0800d250   0x00000098   Code   RO         6755    i.xTaskPriorityDisinherit  tasks.o
    0x0800d2e8   0x0800d2e8   0x00000074   Code   RO         6757    i.xTaskRemoveFromEventList  tasks.o
    0x0800d35c   0x0800d35c   0x000000c4   Code   RO         6758    i.xTaskResumeAll    tasks.o
    0x0800d420   0x0800d420   0x00000034   Code   RO         7026    i.xTimerCreate      timers.o
    0x0800d454   0x0800d454   0x0000002e   Code   RO         7027    i.xTimerCreateStatic  timers.o
    0x0800d482   0x0800d482   0x00000002   PAD
    0x0800d484   0x0800d484   0x00000060   Code   RO         7028    i.xTimerCreateTimerTask  timers.o
    0x0800d4e4   0x0800d4e4   0x00000060   Code   RO         7029    i.xTimerGenericCommand  timers.o
    0x0800d544   0x0800d544   0x000000e8   Data   RO          626    .constdata          freertos.o
    0x0800d62c   0x0800d62c   0x00000010   Data   RO         1372    .constdata          system_stm32f4xx.o
    0x0800d63c   0x0800d63c   0x00000008   Data   RO         1373    .constdata          system_stm32f4xx.o
    0x0800d644   0x0800d644   0x00000048   Data   RO         1535    .constdata          chassis_task.o
    0x0800d68c   0x0800d68c   0x00000048   Data   RO         1704    .constdata          gimbal_task.o
    0x0800d6d4   0x0800d6d4   0x00000018   Data   RO         1871    .constdata          shoot_task.o
    0x0800d6ec   0x0800d6ec   0x00000300   Data   RO         2211    .constdata          crc.o
    0x0800d9ec   0x0800d9ec   0x00000474   Data   RO         2582    .constdata          bsp_oled.o
    0x0800de60   0x0800de60   0x00000400   Data   RO         2584    .constdata          bsp_oled.o
    0x0800e260   0x0800e260   0x00000008   Data   RO         3757    .constdata          stm32f4xx_hal_dma.o
    0x0800e268   0x0800e268   0x00000050   Data   RO         7688    .constdata          m_wm.l(asin.o)
    0x0800e2b8   0x0800e2b8   0x00000098   Data   RO         7817    .constdata          m_wm.l(atan.o)
    0x0800e350   0x0800e350   0x00000030   Data   RO         7829    .constdata          m_wm.l(cos_i.o)
    0x0800e380   0x0800e380   0x00000008   Data   RO         7849    .constdata          m_wm.l(qnan.o)
    0x0800e388   0x0800e388   0x000000c8   Data   RO         7852    .constdata          m_wm.l(rred.o)
    0x0800e450   0x0800e450   0x00000028   Data   RO         7856    .constdata          m_wm.l(sin_i.o)
    0x0800e478   0x0800e478   0x00000067   Data   RO          627    .conststring        freertos.o
    0x0800e4df   0x0800e4df   0x00000001   PAD
    0x0800e4e0   0x0800e4e0   0x00000020   Data   RO         7908    Region$$Table       anon$$obj.o


    Execution Region RW_IRAM1 (Exec base: 0x20000000, Load base: 0x0800e500, Size: 0x000068c0, Max: 0x00030000, ABSOLUTE, COMPRESSED[0x00000054])

    Exec Addr    Load Addr    Size         Type   Attr      Idx    E Section Name        Object

    0x20000000   COMPRESSED   0x00000008   Data   RW           20    .data               mysystem.o
    0x20000008   COMPRESSED   0x00000001   Data   RW           21    .data               mysystem.o
    0x20000009   COMPRESSED   0x00000001   Data   RW           22    .data               mysystem.o
    0x2000000a   COMPRESSED   0x00000001   Data   RW           23    .data               mysystem.o
    0x2000000b   COMPRESSED   0x00000001   PAD
    0x2000000c   COMPRESSED   0x00000008   Data   RW          365    .data               kalman_filter.o
    0x20000014   COMPRESSED   0x00000002   Data   RW          412    .data               main.o
    0x20000016   COMPRESSED   0x00000002   PAD
    0x20000018   COMPRESSED   0x00000004   Data   RW          545    .data               can.o
    0x2000001c   COMPRESSED   0x00000024   Data   RW          628    .data               freertos.o
    0x20000040   COMPRESSED   0x00000004   Data   RW         1374    .data               system_stm32f4xx.o
    0x20000044   COMPRESSED   0x00000006   Data   RW         1422    .data               oled_task.o
    0x2000004a   COMPRESSED   0x00000002   PAD
    0x2000004c   COMPRESSED   0x00000068   Data   RW         1536    .data               chassis_task.o
    0x200000b4   COMPRESSED   0x00000118   Data   RW         1705    .data               gimbal_task.o
    0x200001cc   COMPRESSED   0x00000034   Data   RW         1872    .data               shoot_task.o
    0x20000200   COMPRESSED   0x00000005   Data   RW         2009    .data               bsp_can.o
    0x20000205   COMPRESSED   0x00000003   PAD
    0x20000208   COMPRESSED   0x00000004   Data   RW         2095    .data               bsp_dbus.o
    0x2000020c   COMPRESSED   0x00000002   Data   RW         2213    .data               crc.o
    0x2000020e   COMPRESSED   0x00000002   PAD
    0x20000210   COMPRESSED   0x00000068   Data   RW         2284    .data               icm20602.o
    0x20000278   COMPRESSED   0x00000001   Data   RW         2409    .data               jy901.o
    0x20000279   COMPRESSED   0x0000000c   Data   RW         2585    .data               bsp_oled.o
    0x20000285   COMPRESSED   0x00000003   PAD
    0x20000288   COMPRESSED   0x00000008   Data   RW         2722    .data               bsp_vision.o
    0x20000290   COMPRESSED   0x00000043   Data   RW         2811    .data               judge.o
    0x200002d3   COMPRESSED   0x00000001   PAD
    0x200002d4   COMPRESSED   0x0000000c   Data   RW         4204    .data               stm32f4xx_hal.o
    0x200002e0   COMPRESSED   0x0000003c   Data   RW         6761    .data               tasks.o
    0x2000031c   COMPRESSED   0x00000014   Data   RW         7035    .data               timers.o
    0x20000330   COMPRESSED   0x00000018   Data   RW         7522    .data               heap_4.o
    0x20000348   COMPRESSED   0x0000000c   Data   RW         7573    .data               port.o
    0x20000354   COMPRESSED   0x00000002   Data   RW         7647    .data               control.o
    0x20000356   COMPRESSED   0x00000002   PAD
    0x20000358   COMPRESSED   0x00000004   Data   RW         7889    .data               mc_w.l(errno.o)
    0x2000035c        -       0x0000003c   Zero   RW          411    .bss                main.o
    0x20000398        -       0x000000a8   Zero   RW          501    .bss                adc.o
    0x20000440        -       0x00000050   Zero   RW          544    .bss                can.o
    0x20000490        -       0x000006a8   Zero   RW          625    .bss                freertos.o
    0x20000b38        -       0x000000b0   Zero   RW          725    .bss                spi.o
    0x20000be8        -       0x00000040   Zero   RW          799    .bss                stm32f4xx_hal_timebase_tim.o
    0x20000c28        -       0x00000100   Zero   RW          844    .bss                tim.o
    0x20000d28        -       0x00000348   Zero   RW          920    .bss                usart.o
    0x20001070        -       0x0000006c   Zero   RW         1534    .bss                chassis_task.o
    0x200010dc        -       0x00000280   Zero   RW         1703    .bss                gimbal_task.o
    0x2000135c        -       0x00000528   Zero   RW         2008    .bss                bsp_can.o
    0x20001884        -       0x00000028   Zero   RW         2094    .bss                bsp_dbus.o
    0x200018ac        -       0x0000012c   Zero   RW         2283    .bss                icm20602.o
    0x200019d8        -       0x00000062   Zero   RW         2408    .bss                jy901.o
    0x20001a3a   COMPRESSED   0x00000002   PAD
    0x20001a3c        -       0x000000c8   Zero   RW         2516    .bss                bsp_motor.o
    0x20001b04        -       0x000000c8   Zero   RW         2517    .bss                bsp_motor.o
    0x20001bcc        -       0x000000c8   Zero   RW         2518    .bss                bsp_motor.o
    0x20001c94        -       0x000000c8   Zero   RW         2519    .bss                bsp_motor.o
    0x20001d5c        -       0x00000258   Zero   RW         2520    .bss                bsp_motor.o
    0x20001fb4        -       0x000000c8   Zero   RW         2521    .bss                bsp_motor.o
    0x2000207c        -       0x00000418   Zero   RW         2581    .bss                bsp_oled.o
    0x20002494        -       0x00000022   Zero   RW         2720    .bss                bsp_vision.o
    0x200024b6        -       0x000001f2   Zero   RW         2810    .bss                judge.o
    0x200026a8        -       0x00000040   Zero   RW         6421    .bss                queue.o
    0x200026e8        -       0x000000f0   Zero   RW         6760    .bss                tasks.o
    0x200027d8        -       0x000000e8   Zero   RW         7034    .bss                timers.o
    0x200028c0        -       0x00003c00   Zero   RW         7521    .bss                heap_4.o
    0x200064c0        -       0x00000400   Zero   RW            1    STACK               startup_stm32f427xx.o


==============================================================================

Image component sizes


      Code (inc. data)   RO Data    RW Data    ZI Data      Debug   Object Name

       252         32          0          0        168       1863   adc.o
       124          0          0          0          0      15238   arm_mat_add_f32.o
         8          0          0          0          0       1027   arm_mat_init_f32.o
       612          4          0          0          0       2906   arm_mat_inverse_f32.o
       220          4          0          0          0       2023   arm_mat_mult_f32.o
       124          0          0          0          0       1462   arm_mat_sub_f32.o
       604         58          0          5       1320       6142   bsp_can.o
       712         62          0          4         40       9391   bsp_dbus.o
       360         44          0          0       1600       3667   bsp_motor.o
      1572         70       2164         12       1048      11072   bsp_oled.o
       612         12          0          0          0       2118   bsp_pid.o
       474         98          0          8         34       6415   bsp_vision.o
       420         40          0          4         80       2606   can.o
      4622        438         72        104        108      20233   chassis_task.o
       288          8          0          0          0      30068   cmsis_os.o
        72         12          0          2          0       2622   control.o
       170         16        768          2          0       3751   crc.o
       124          4          0          0          0        886   dma.o
         0          0          0          0          0      18228   event_groups.o
       276         20        335         36       1704       4132   freertos.o
      3912        358         72        280        640      19508   gimbal_task.o
       412         28          0          0          0       1207   gpio.o
       460         24          0         24      15360       4959   heap_4.o
      3566        170          0        104        300      14338   icm20602.o
       428         32          0         67        498       9095   judge.o
       500         30          0          1         98       1891   jy901.o
       138          6          0          0          0       1518   kalman.o
       332          4          0          8          0      16163   kalman_filter.o
       138          0          0          0          0       3734   list.o
        44          4          0          0          0        634   madgwick_ahrs.o
         4          0          0          0          0       1004   magazine.o
       378         46          0          2         60       8401   main.o
       632         92          0         11          0     814162   mysystem.o
      4150        482          0          6          0       8408   oled_task.o
       786         82          0         12          0      12325   port.o
      1500         20          0          0         64      15108   queue.o
      1150        162         24         52          0      10456   shoot_task.o
       340         40          0          0        176       2526   spi.o
        36          8        428          0       1024        868   startup_stm32f427xx.o
       116         18          0         12          0       4074   stm32f4xx_hal.o
      1186         70          0          0          0       7174   stm32f4xx_hal_adc.o
      1682          6          0          0          0      15677   stm32f4xx_hal_can.o
       158         14          0          0          0      33318   stm32f4xx_hal_cortex.o
      1160         16          8          0          0       8534   stm32f4xx_hal_dma.o
       494         52          0          0          0       3876   stm32f4xx_hal_gpio.o
        56          4          0          0          0        902   stm32f4xx_hal_msp.o
       112         14          0          0          0       1352   stm32f4xx_hal_pwr_ex.o
      1328         90          0          0          0       6029   stm32f4xx_hal_rcc.o
      1194          8          0          0          0       6448   stm32f4xx_hal_spi.o
      1434         90          0          0          0      13865   stm32f4xx_hal_tim.o
        70          0          0          0          0       2561   stm32f4xx_hal_tim_ex.o
       116         16          0          0         64       1491   stm32f4xx_hal_timebase_tim.o
      1838         28          0          0          0      13413   stm32f4xx_hal_uart.o
       216         84          0          0          0      10012   stm32f4xx_it.o
        84         18         24          4          0       1255   system_stm32f4xx.o
      2594        196          0         60        240      28443   tasks.o
       732         82          0          0        256       5175   tim.o
      1054         78          0         20        232      30159   timers.o
      1024        106          0          0        840       5084   usart.o

    ----------------------------------------------------------------------
     47266       3500       3928        856      25956    1290997   Object Totals
         0          0         32          0          0          0   (incl. Generated)
        66          0          1         16          2          0   (incl. Padding)

    ----------------------------------------------------------------------

      Code (inc. data)   RO Data    RW Data    ZI Data      Debug   Library Member Name

       864         94         80          0          0        280   asin.o
       744        106        152          0          0        352   atan.o
       496         64          0          0          0        192   atan2.o
       200         20          0          0          0        164   cos.o
       368         46         48          0          0        200   cos_i.o
       104         16          0          0          0        496   dunder.o
        44          0          0          0          0        248   fabs.o
        48          0          0          0          0        124   fpclassify.o
       248          0          0          0          0        152   poly.o
         0          0          8          0          0          0   qnan.o
      1080        142        200          0          0        188   rred.o
       200         20          0          0          0        164   sin.o
       304         24         40          0          0        208   sin_i.o
       232          0          0          0          0        296   sqrt.o
        86          0          0          0          0          0   __dczerorl2.o
         0          0          0          0          0          0   entry.o
         0          0          0          0          0          0   entry10a.o
         0          0          0          0          0          0   entry11a.o
         8          4          0          0          0          0   entry2.o
         4          0          0          0          0          0   entry5.o
         0          0          0          0          0          0   entry7b.o
         0          0          0          0          0          0   entry8b.o
         8          4          0          0          0          0   entry9a.o
        12          6          0          4          0         68   errno.o
        30          0          0          0          0          0   handlers.o
        36          8          0          0          0         68   init.o
         0          0          0          0          0          0   iusefp.o
        30          0          0          0          0         68   llshl.o
        36          0          0          0          0         68   llsshr.o
        32          0          0          0          0         68   llushr.o
        36          0          0          0          0         68   memcpya.o
        36          0          0          0          0        108   memseta.o
        98          0          0          0          0         92   uldiv.o
        48          0          0          0          0         68   cdrcmple.o
        56          0          0          0          0         88   d2f.o
       334          0          0          0          0        148   dadd.o
       222          0          0          0          0        100   ddiv.o
       186          0          0          0          0        176   depilogue.o
        62          0          0          0          0         80   dfixi.o
        34          0          0          0          0         76   dflti.o
        26          0          0          0          0         76   dfltui.o
       228          0          0          0          0         96   dmul.o
       162          0          0          0          0        100   dsqrt.o
        38          0          0          0          0         68   f2d.o
       110          0          0          0          0        168   fepilogue.o

    ----------------------------------------------------------------------
      6902        554        528          4          0       4916   Library Totals
        12          0          0          0          0          0   (incl. Padding)

    ----------------------------------------------------------------------

      Code (inc. data)   RO Data    RW Data    ZI Data      Debug   Library Name

      4932        532        528          0          0       3064   m_wm.l
       452         22          0          4          0        608   mc_w.l
      1506          0          0          0          0       1244   mf_w.l

    ----------------------------------------------------------------------
      6902        554        528          4          0       4916   Library Totals

    ----------------------------------------------------------------------

==============================================================================


      Code (inc. data)   RO Data    RW Data    ZI Data      Debug   

     54168       4054       4456        860      25956    1257913   Grand Totals
     54168       4054       4456         84      25956    1257913   ELF Image Totals (compressed)
     54168       4054       4456         84          0          0   ROM Totals

==============================================================================

    Total RO  Size (Code + RO Data)                58624 (  57.25kB)
    Total RW  Size (RW Data + ZI Data)             26816 (  26.19kB)
    Total ROM Size (Code + RO Data + RW Data)      58708 (  57.33kB)

==============================================================================

