<html>
<body>
<pre>
<h1>礦ision Build Log</h1>
<h2>Tool Versions:</h2>
IDE-Version: μVision V5.25.3.0
Copyright (C) 2018 ARM Ltd and ARM Germany GmbH. All rights reserved.
License Information: FU fumingqi, FU, LIC=FYKYW-Q21V1-KPEZY-I5I62-9TM58-F53F3
 
Tool Versions:
Toolchain:       MDK-ARM Plus  Version: 5.18
Toolchain Path:  D:\Keil5\ARM\ARMCC\Bin
C Compiler:      Armcc.exe V5.06 update 1 (build 61)
Assembler:       Armasm.exe V5.06 update 1 (build 61)
Linker/Locator:  ArmLink.exe V5.06 update 1 (build 61)
Library Manager: ArmAr.exe V5.06 update 1 (build 61)
Hex Converter:   FromElf.exe V5.06 update 1 (build 61)
CPU DLL:         SARMCM3.DLL V5.18
Dialog DLL:      DCM.DLL V1.13.6.0
Target DLL:      Segger\JL2CM3.dll V2.99.18.0
Dialog DLL:      TCM.DLL V1.14.8.0
 
<h2>Project:</h2>
C:\Users\fumingqi\Desktop\HDU_RM_ INFANTRY_2020\HDU_RM_ INFANTRY_2020\MDK-ARM\HDU_RM_ INFANTRY_2020.uvprojx
Project File Date:  02/13/2020

<h2>Output:</h2>
*** Using Compiler 'V5.06 update 1 (build 61)', folder: 'D:\Keil5\ARM\ARMCC\Bin'
Build target 'HDU_RM_ INFANTRY_2020'
compiling spi.c...
../Drivers/CMSIS/Device/ST/STM32F4xx/Include/stm32f427xx.h(68): warning:  #47-D: incompatible redefinition of macro "__FPU_PRESENT"
  #define __FPU_PRESENT             1U       /*!< FPU present                                   */
../Inc/bsp_dbus.h(187): warning:  #1-D: last line of file ends without a newline
  //    } keyboard;
../Inc/shoot_task.h(30): warning:  #1295-D: Deprecated declaration get_signal - give arg types
  int get_signal();
../Inc/shoot_task.h(31): warning:  #1295-D: Deprecated declaration shoot_single - give arg types
  void shoot_single();
../Inc/shoot_task.h(32): warning:  #1295-D: Deprecated declaration shoot_continuity - give arg types
  void shoot_continuity();
../Inc/shoot_task.h(33): warning:  #1295-D: Deprecated declaration shoot_stop - give arg types
  void shoot_stop();
../Inc/Hero_shoot_Task.h(20): warning:  #1-D: last line of file ends without a newline
  //#endif
../Src/spi.c: 7 warnings, 0 errors
compiling dma.c...
../Drivers/CMSIS/Device/ST/STM32F4xx/Include/stm32f427xx.h(68): warning:  #47-D: incompatible redefinition of macro "__FPU_PRESENT"
  #define __FPU_PRESENT             1U       /*!< FPU present                                   */
../Inc/bsp_dbus.h(187): warning:  #1-D: last line of file ends without a newline
  //    } keyboard;
../Inc/shoot_task.h(30): warning:  #1295-D: Deprecated declaration get_signal - give arg types
  int get_signal();
../Inc/shoot_task.h(31): warning:  #1295-D: Deprecated declaration shoot_single - give arg types
  void shoot_single();
../Inc/shoot_task.h(32): warning:  #1295-D: Deprecated declaration shoot_continuity - give arg types
  void shoot_continuity();
../Inc/shoot_task.h(33): warning:  #1295-D: Deprecated declaration shoot_stop - give arg types
  void shoot_stop();
../Inc/Hero_shoot_Task.h(20): warning:  #1-D: last line of file ends without a newline
  //#endif
../Src/dma.c: 7 warnings, 0 errors
compiling freertos.c...
../Drivers/CMSIS/Device/ST/STM32F4xx/Include/stm32f427xx.h(68): warning:  #47-D: incompatible redefinition of macro "__FPU_PRESENT"
  #define __FPU_PRESENT             1U       /*!< FPU present                                   */
../Inc/bsp_dbus.h(187): warning:  #1-D: last line of file ends without a newline
  //    } keyboard;
../Inc/shoot_task.h(30): warning:  #1295-D: Deprecated declaration get_signal - give arg types
  int get_signal();
../Inc/shoot_task.h(31): warning:  #1295-D: Deprecated declaration shoot_single - give arg types
  void shoot_single();
../Inc/shoot_task.h(32): warning:  #1295-D: Deprecated declaration shoot_continuity - give arg types
  void shoot_continuity();
../Inc/shoot_task.h(33): warning:  #1295-D: Deprecated declaration shoot_stop - give arg types
  void shoot_stop();
../Inc/Hero_shoot_Task.h(20): warning:  #1-D: last line of file ends without a newline
  //#endif
../Src/freertos.c: 7 warnings, 0 errors
compiling kalman_filter.c...
../Drivers/CMSIS/Device/ST/STM32F4xx/Include/stm32f427xx.h(68): warning:  #47-D: incompatible redefinition of macro "__FPU_PRESENT"
  #define __FPU_PRESENT             1U       /*!< FPU present                                   */
../Inc/bsp_dbus.h(187): warning:  #1-D: last line of file ends without a newline
  //    } keyboard;
../Inc/shoot_task.h(30): warning:  #1295-D: Deprecated declaration get_signal - give arg types
  int get_signal();
../Inc/shoot_task.h(31): warning:  #1295-D: Deprecated declaration shoot_single - give arg types
  void shoot_single();
../Inc/shoot_task.h(32): warning:  #1295-D: Deprecated declaration shoot_continuity - give arg types
  void shoot_continuity();
../Inc/shoot_task.h(33): warning:  #1295-D: Deprecated declaration shoot_stop - give arg types
  void shoot_stop();
../Inc/Hero_shoot_Task.h(20): warning:  #1-D: last line of file ends without a newline
  //#endif
..\Src\kalman_filter.c: 7 warnings, 0 errors
compiling can.c...
../Drivers/CMSIS/Device/ST/STM32F4xx/Include/stm32f427xx.h(68): warning:  #47-D: incompatible redefinition of macro "__FPU_PRESENT"
  #define __FPU_PRESENT             1U       /*!< FPU present                                   */
../Inc/bsp_dbus.h(187): warning:  #1-D: last line of file ends without a newline
  //    } keyboard;
../Inc/shoot_task.h(30): warning:  #1295-D: Deprecated declaration get_signal - give arg types
  int get_signal();
../Inc/shoot_task.h(31): warning:  #1295-D: Deprecated declaration shoot_single - give arg types
  void shoot_single();
../Inc/shoot_task.h(32): warning:  #1295-D: Deprecated declaration shoot_continuity - give arg types
  void shoot_continuity();
../Inc/shoot_task.h(33): warning:  #1295-D: Deprecated declaration shoot_stop - give arg types
  void shoot_stop();
../Inc/Hero_shoot_Task.h(20): warning:  #1-D: last line of file ends without a newline
  //#endif
../Src/can.c: 7 warnings, 0 errors
compiling usart.c...
../Drivers/CMSIS/Device/ST/STM32F4xx/Include/stm32f427xx.h(68): warning:  #47-D: incompatible redefinition of macro "__FPU_PRESENT"
  #define __FPU_PRESENT             1U       /*!< FPU present                                   */
../Inc/bsp_dbus.h(187): warning:  #1-D: last line of file ends without a newline
  //    } keyboard;
../Inc/shoot_task.h(30): warning:  #1295-D: Deprecated declaration get_signal - give arg types
  int get_signal();
../Inc/shoot_task.h(31): warning:  #1295-D: Deprecated declaration shoot_single - give arg types
  void shoot_single();
../Inc/shoot_task.h(32): warning:  #1295-D: Deprecated declaration shoot_continuity - give arg types
  void shoot_continuity();
../Inc/shoot_task.h(33): warning:  #1295-D: Deprecated declaration shoot_stop - give arg types
  void shoot_stop();
../Inc/Hero_shoot_Task.h(20): warning:  #1-D: last line of file ends without a newline
  //#endif
../Src/usart.c(439): warning:  #223-D: function "Judge_Read_Data" declared implicitly
  			Judge_Read_Data(Judge_Buffer);		//??取????系统??
../Src/usart.c(424): warning:  #177-D: variable "rx_len" was declared but never referenced
  	uint32_t rx_len;
../Src/usart.c: 9 warnings, 0 errors
compiling adc.c...
../Drivers/CMSIS/Device/ST/STM32F4xx/Include/stm32f427xx.h(68): warning:  #47-D: incompatible redefinition of macro "__FPU_PRESENT"
  #define __FPU_PRESENT             1U       /*!< FPU present                                   */
../Inc/bsp_dbus.h(187): warning:  #1-D: last line of file ends without a newline
  //    } keyboard;
../Inc/shoot_task.h(30): warning:  #1295-D: Deprecated declaration get_signal - give arg types
  int get_signal();
../Inc/shoot_task.h(31): warning:  #1295-D: Deprecated declaration shoot_single - give arg types
  void shoot_single();
../Inc/shoot_task.h(32): warning:  #1295-D: Deprecated declaration shoot_continuity - give arg types
  void shoot_continuity();
../Inc/shoot_task.h(33): warning:  #1295-D: Deprecated declaration shoot_stop - give arg types
  void shoot_stop();
../Inc/Hero_shoot_Task.h(20): warning:  #1-D: last line of file ends without a newline
  //#endif
../Src/adc.c: 7 warnings, 0 errors
compiling main.c...
../Drivers/CMSIS/Device/ST/STM32F4xx/Include/stm32f427xx.h(68): warning:  #47-D: incompatible redefinition of macro "__FPU_PRESENT"
  #define __FPU_PRESENT             1U       /*!< FPU present                                   */
../Inc/bsp_dbus.h(187): warning:  #1-D: last line of file ends without a newline
  //    } keyboard;
../Inc/shoot_task.h(30): warning:  #1295-D: Deprecated declaration get_signal - give arg types
  int get_signal();
../Inc/shoot_task.h(31): warning:  #1295-D: Deprecated declaration shoot_single - give arg types
  void shoot_single();
../Inc/shoot_task.h(32): warning:  #1295-D: Deprecated declaration shoot_continuity - give arg types
  void shoot_continuity();
../Inc/shoot_task.h(33): warning:  #1295-D: Deprecated declaration shoot_stop - give arg types
  void shoot_stop();
../Inc/Hero_shoot_Task.h(20): warning:  #1-D: last line of file ends without a newline
  //#endif
../Src/main.c: 7 warnings, 0 errors
compiling tim.c...
../Drivers/CMSIS/Device/ST/STM32F4xx/Include/stm32f427xx.h(68): warning:  #47-D: incompatible redefinition of macro "__FPU_PRESENT"
  #define __FPU_PRESENT             1U       /*!< FPU present                                   */
../Inc/bsp_dbus.h(187): warning:  #1-D: last line of file ends without a newline
  //    } keyboard;
../Inc/shoot_task.h(30): warning:  #1295-D: Deprecated declaration get_signal - give arg types
  int get_signal();
../Inc/shoot_task.h(31): warning:  #1295-D: Deprecated declaration shoot_single - give arg types
  void shoot_single();
../Inc/shoot_task.h(32): warning:  #1295-D: Deprecated declaration shoot_continuity - give arg types
  void shoot_continuity();
../Inc/shoot_task.h(33): warning:  #1295-D: Deprecated declaration shoot_stop - give arg types
  void shoot_stop();
../Inc/Hero_shoot_Task.h(20): warning:  #1-D: last line of file ends without a newline
  //#endif
../Src/tim.c: 7 warnings, 0 errors
compiling mysystem.c...
../Drivers/CMSIS/Device/ST/STM32F4xx/Include/stm32f427xx.h(68): warning:  #47-D: incompatible redefinition of macro "__FPU_PRESENT"
  #define __FPU_PRESENT             1U       /*!< FPU present                                   */
../Inc/bsp_dbus.h(187): warning:  #1-D: last line of file ends without a newline
  //    } keyboard;
../Inc/shoot_task.h(30): warning:  #1295-D: Deprecated declaration get_signal - give arg types
  int get_signal();
../Inc/shoot_task.h(31): warning:  #1295-D: Deprecated declaration shoot_single - give arg types
  void shoot_single();
../Inc/shoot_task.h(32): warning:  #1295-D: Deprecated declaration shoot_continuity - give arg types
  void shoot_continuity();
../Inc/shoot_task.h(33): warning:  #1295-D: Deprecated declaration shoot_stop - give arg types
  void shoot_stop();
../Inc/Hero_shoot_Task.h(20): warning:  #1-D: last line of file ends without a newline
  //#endif
..\Src\mysystem.c(41): warning:  #188-D: enumerated type mixed with another type
  	  HAL_GPIO_WritePin(
OWER1_GPIO_Port,
OWER1_Pin,1);	//24V 1
..\Src\mysystem.c(42): warning:  #188-D: enumerated type mixed with another type
  	  HAL_GPIO_WritePin(
OWER2_GPIO_Port,
OWER2_Pin,1); //24V 2
..\Src\mysystem.c(43): warning:  #188-D: enumerated type mixed with another type
  	  HAL_GPIO_WritePin(
OWER3_GPIO_Port,
OWER3_Pin,1); //24V 3
..\Src\mysystem.c(44): warning:  #188-D: enumerated type mixed with another type
  	  HAL_GPIO_WritePin(
OWER4_GPIO_Port,
OWER4_Pin,1); //24V 4
..\Src\mysystem.c(45): warning:  #188-D: enumerated type mixed with another type
  	  HAL_GPIO_WritePin(
OWER5_GPIO_Port,
OWER5_Pin,1); //24V 4
..\Src\mysystem.c(92): warning:  #188-D: enumerated type mixed with another type
  			HAL_GPIO_WritePin(
OWER5_GPIO_Port,
OWER5_Pin,1); //24V 4
..\Src\mysystem.c(114): warning:  #188-D: enumerated type mixed with another type
  		HAL_GPIO_WritePin(
OWER5_GPIO_Port,
OWER5_Pin,0); //24V 4
..\Src\mysystem.c: 14 warnings, 0 errors
compiling sys.c...
../Drivers/CMSIS/Device/ST/STM32F4xx/Include/stm32f427xx.h(68): warning:  #47-D: incompatible redefinition of macro "__FPU_PRESENT"
  #define __FPU_PRESENT             1U       /*!< FPU present                                   */
../Inc/bsp_dbus.h(187): warning:  #1-D: last line of file ends without a newline
  //    } keyboard;
../Inc/shoot_task.h(30): warning:  #1295-D: Deprecated declaration get_signal - give arg types
  int get_signal();
../Inc/shoot_task.h(31): warning:  #1295-D: Deprecated declaration shoot_single - give arg types
  void shoot_single();
../Inc/shoot_task.h(32): warning:  #1295-D: Deprecated declaration shoot_continuity - give arg types
  void shoot_continuity();
../Inc/shoot_task.h(33): warning:  #1295-D: Deprecated declaration shoot_stop - give arg types
  void shoot_stop();
../Inc/Hero_shoot_Task.h(20): warning:  #1-D: last line of file ends without a newline
  //#endif
../Src/sys.c: 7 warnings, 0 errors
compiling gpio.c...
../Drivers/CMSIS/Device/ST/STM32F4xx/Include/stm32f427xx.h(68): warning:  #47-D: incompatible redefinition of macro "__FPU_PRESENT"
  #define __FPU_PRESENT             1U       /*!< FPU present                                   */
../Inc/bsp_dbus.h(187): warning:  #1-D: last line of file ends without a newline
  //    } keyboard;
../Inc/shoot_task.h(30): warning:  #1295-D: Deprecated declaration get_signal - give arg types
  int get_signal();
../Inc/shoot_task.h(31): warning:  #1295-D: Deprecated declaration shoot_single - give arg types
  void shoot_single();
../Inc/shoot_task.h(32): warning:  #1295-D: Deprecated declaration shoot_continuity - give arg types
  void shoot_continuity();
../Inc/shoot_task.h(33): warning:  #1295-D: Deprecated declaration shoot_stop - give arg types
  void shoot_stop();
../Inc/Hero_shoot_Task.h(20): warning:  #1-D: last line of file ends without a newline
  //#endif
../Src/gpio.c: 7 warnings, 0 errors
compiling ICM20602.c...
../Drivers/CMSIS/Device/ST/STM32F4xx/Include/stm32f427xx.h(68): warning:  #47-D: incompatible redefinition of macro "__FPU_PRESENT"
  #define __FPU_PRESENT             1U       /*!< FPU present                                   */
../Inc/bsp_dbus.h(187): warning:  #1-D: last line of file ends without a newline
  //    } keyboard;
../Inc/shoot_task.h(30): warning:  #1295-D: Deprecated declaration get_signal - give arg types
  int get_signal();
../Inc/shoot_task.h(31): warning:  #1295-D: Deprecated declaration shoot_single - give arg types
  void shoot_single();
../Inc/shoot_task.h(32): warning:  #1295-D: Deprecated declaration shoot_continuity - give arg types
  void shoot_continuity();
../Inc/shoot_task.h(33): warning:  #1295-D: Deprecated declaration shoot_stop - give arg types
  void shoot_stop();
../Inc/Hero_shoot_Task.h(20): warning:  #1-D: last line of file ends without a newline
  //#endif
..\bsp\ICM20602.c: 7 warnings, 0 errors
compiling stm32f4xx_it.c...
../Drivers/CMSIS/Device/ST/STM32F4xx/Include/stm32f427xx.h(68): warning:  #47-D: incompatible redefinition of macro "__FPU_PRESENT"
  #define __FPU_PRESENT             1U       /*!< FPU present                                   */
../Inc/bsp_dbus.h(187): warning:  #1-D: last line of file ends without a newline
  //    } keyboard;
../Inc/shoot_task.h(30): warning:  #1295-D: Deprecated declaration get_signal - give arg types
  int get_signal();
../Inc/shoot_task.h(31): warning:  #1295-D: Deprecated declaration shoot_single - give arg types
  void shoot_single();
../Inc/shoot_task.h(32): warning:  #1295-D: Deprecated declaration shoot_continuity - give arg types
  void shoot_continuity();
../Inc/shoot_task.h(33): warning:  #1295-D: Deprecated declaration shoot_stop - give arg types
  void shoot_stop();
../Inc/Hero_shoot_Task.h(20): warning:  #1-D: last line of file ends without a newline
  //#endif
../Src/stm32f4xx_it.c: 7 warnings, 0 errors
compiling stm32f4xx_hal_msp.c...
../Drivers/CMSIS/Device/ST/STM32F4xx/Include/stm32f427xx.h(68): warning:  #47-D: incompatible redefinition of macro "__FPU_PRESENT"
  #define __FPU_PRESENT             1U       /*!< FPU present                                   */
../Inc/bsp_dbus.h(187): warning:  #1-D: last line of file ends without a newline
  //    } keyboard;
../Inc/shoot_task.h(30): warning:  #1295-D: Deprecated declaration get_signal - give arg types
  int get_signal();
../Inc/shoot_task.h(31): warning:  #1295-D: Deprecated declaration shoot_single - give arg types
  void shoot_single();
../Inc/shoot_task.h(32): warning:  #1295-D: Deprecated declaration shoot_continuity - give arg types
  void shoot_continuity();
../Inc/shoot_task.h(33): warning:  #1295-D: Deprecated declaration shoot_stop - give arg types
  void shoot_stop();
../Inc/Hero_shoot_Task.h(20): warning:  #1-D: last line of file ends without a newline
  //#endif
../Src/stm32f4xx_hal_msp.c: 7 warnings, 0 errors
compiling bsp_pid.c...
../Drivers/CMSIS/Device/ST/STM32F4xx/Include/stm32f427xx.h(68): warning:  #47-D: incompatible redefinition of macro "__FPU_PRESENT"
  #define __FPU_PRESENT             1U       /*!< FPU present                                   */
../Inc/bsp_dbus.h(187): warning:  #1-D: last line of file ends without a newline
  //    } keyboard;
../Inc/shoot_task.h(30): warning:  #1295-D: Deprecated declaration get_signal - give arg types
  int get_signal();
../Inc/shoot_task.h(31): warning:  #1295-D: Deprecated declaration shoot_single - give arg types
  void shoot_single();
../Inc/shoot_task.h(32): warning:  #1295-D: Deprecated declaration shoot_continuity - give arg types
  void shoot_continuity();
../Inc/shoot_task.h(33): warning:  #1295-D: Deprecated declaration shoot_stop - give arg types
  void shoot_stop();
../Inc/Hero_shoot_Task.h(20): warning:  #1-D: last line of file ends without a newline
  //#endif
..\bsp\bsp_pid.c: 7 warnings, 0 errors
compiling OLED_Task.c...
../Drivers/CMSIS/Device/ST/STM32F4xx/Include/stm32f427xx.h(68): warning:  #47-D: incompatible redefinition of macro "__FPU_PRESENT"
  #define __FPU_PRESENT             1U       /*!< FPU present                                   */
../Inc/bsp_dbus.h(187): warning:  #1-D: last line of file ends without a newline
  //    } keyboard;
../Inc/shoot_task.h(30): warning:  #1295-D: Deprecated declaration get_signal - give arg types
  int get_signal();
../Inc/shoot_task.h(31): warning:  #1295-D: Deprecated declaration shoot_single - give arg types
  void shoot_single();
../Inc/shoot_task.h(32): warning:  #1295-D: Deprecated declaration shoot_continuity - give arg types
  void shoot_continuity();
../Inc/shoot_task.h(33): warning:  #1295-D: Deprecated declaration shoot_stop - give arg types
  void shoot_stop();
../Inc/Hero_shoot_Task.h(20): warning:  #1-D: last line of file ends without a newline
  //#endif
..\Task\OLED_Task.c: 7 warnings, 0 errors
compiling bsp_dbus.c...
../Drivers/CMSIS/Device/ST/STM32F4xx/Include/stm32f427xx.h(68): warning:  #47-D: incompatible redefinition of macro "__FPU_PRESENT"
  #define __FPU_PRESENT             1U       /*!< FPU present                                   */
../Inc/bsp_dbus.h(187): warning:  #1-D: last line of file ends without a newline
  //    } keyboard;
../Inc/shoot_task.h(30): warning:  #1295-D: Deprecated declaration get_signal - give arg types
  int get_signal();
../Inc/shoot_task.h(31): warning:  #1295-D: Deprecated declaration shoot_single - give arg types
  void shoot_single();
../Inc/shoot_task.h(32): warning:  #1295-D: Deprecated declaration shoot_continuity - give arg types
  void shoot_continuity();
../Inc/shoot_task.h(33): warning:  #1295-D: Deprecated declaration shoot_stop - give arg types
  void shoot_stop();
../Inc/Hero_shoot_Task.h(20): warning:  #1-D: last line of file ends without a newline
  //#endif
../Inc/bsp_dbus.h(187): warning:  #1-D: last line of file ends without a newline
  //    } keyboard;
..\bsp\bsp_dbus.c: 8 warnings, 0 errors
compiling Shoot_Task.c...
../Drivers/CMSIS/Device/ST/STM32F4xx/Include/stm32f427xx.h(68): warning:  #47-D: incompatible redefinition of macro "__FPU_PRESENT"
  #define __FPU_PRESENT             1U       /*!< FPU present                                   */
../Inc/bsp_dbus.h(187): warning:  #1-D: last line of file ends without a newline
  //    } keyboard;
../Inc/Hero_shoot_Task.h(20): warning:  #1-D: last line of file ends without a newline
  //#endif
../Inc/shoot_task.h(30): warning:  #1295-D: Deprecated declaration get_signal - give arg types
  int get_signal();
../Inc/shoot_task.h(31): warning:  #1295-D: Deprecated declaration shoot_single - give arg types
  void shoot_single();
../Inc/shoot_task.h(32): warning:  #1295-D: Deprecated declaration shoot_continuity - give arg types
  void shoot_continuity();
../Inc/shoot_task.h(33): warning:  #1295-D: Deprecated declaration shoot_stop - give arg types
  void shoot_stop();
..\Task\Shoot_Task.c(175): warning:  #9-D: nested comment is not allowed
             /**?嵌?值?芸????遣欢缘?
..\Task\Shoot_Task.c(526): warning:  #940-D: missing return statement at end of non-void function "GIMBAL_IfManulHit"
  }
..\Task\Shoot_Task.c(539): warning:  #940-D: missing return statement at end of non-void function "Revolver_Heat_Limit"
  }
..\Task\Shoot_Task.c: 10 warnings, 0 errors
compiling Gimbal_Task.c...
../Drivers/CMSIS/Device/ST/STM32F4xx/Include/stm32f427xx.h(68): warning:  #47-D: incompatible redefinition of macro "__FPU_PRESENT"
  #define __FPU_PRESENT             1U       /*!< FPU present                                   */
../Inc/bsp_dbus.h(187): warning:  #1-D: last line of file ends without a newline
  //    } keyboard;
../Inc/shoot_task.h(30): warning:  #1295-D: Deprecated declaration get_signal - give arg types
  int get_signal();
../Inc/shoot_task.h(31): warning:  #1295-D: Deprecated declaration shoot_single - give arg types
  void shoot_single();
../Inc/shoot_task.h(32): warning:  #1295-D: Deprecated declaration shoot_continuity - give arg types
  void shoot_continuity();
../Inc/shoot_task.h(33): warning:  #1295-D: Deprecated declaration shoot_stop - give arg types
  void shoot_stop();
../Inc/Hero_shoot_Task.h(20): warning:  #1-D: last line of file ends without a newline
  //#endif
..\Task\Gimbal_Task.c(319): warning:  #940-D: missing return statement at end of non-void function "GIMBAL_IfBuffHit"
  }
..\Task\Gimbal_Task.c(343): warning:  #9-D: nested comment is not allowed
             /**?嵌?值?芸????遣欢缘?
..\Task\Gimbal_Task.c(851): warning:  #177-D: variable "Mouse_Yaw_Stop" was declared but never referenced
  	static uint32_t Mouse_Yaw_Stop  = 0;//?蟊瓴?动，??????应
..\Task\Gimbal_Task.c(852): warning:  #177-D: variable "Mouse_Pitch_Stop" was declared but never referenced
  	static uint32_t Mouse_Pitch_Stop  = 0;//?蟊瓴?动，??????应
..\Task\Gimbal_Task.c(1267): warning:  #177-D: variable "gb_yaw_gyro" was declared but never referenced
  	float gb_yaw_gyro = 0;
..\Task\Gimbal_Task.c(1268): warning:  #177-D: variable "gb_pitch_mech" was declared but never referenced
  	float gb_pitch_mech = 0;
..\Task\Gimbal_Task.c(1269): warning:  #177-D: variable "y_mid" was declared but never referenced
  	static float y_mid = 0;
..\Task\Gimbal_Task.c(1270): warning:  #177-D: variable "p_mid" was declared but never referenced
  	static float p_mid = 0;
..\Task\Gimbal_Task.c(1272): warning:  #177-D: variable "yaw_buff_angle_raw" was declared but never referenced
  	static float yaw_buff_angle_raw, pitch_buff_angle_raw;//卡?????瞬ń嵌炔?量值
..\Task\Gimbal_Task.c(1272): warning:  #177-D: variable "pitch_buff_angle_raw" was declared but never referenced
  	static float yaw_buff_angle_raw, pitch_buff_angle_raw;//卡?????瞬ń嵌炔?量值
..\Task\Gimbal_Task.c(1275): warning:  #177-D: variable "shoot_time" was declared but never referenced
  	static float shoot_time = 0;
..\Task\Gimbal_Task.c(1276): warning:  #177-D: variable "lost_time" was declared but never referenced
  	static float lost_time  = 0;//一??时??没识?鸬剑???
..\Task\Gimbal_Task.c(1302): warning:  #940-D: missing return statement at end of non-void function "GIMBAL_AUTO_PITCH_SB"
  }
..\Task\Gimbal_Task.c(14): warning:  #177-D: variable "nothing" was declared but never referenced
  const static fp32 nothing[3]={0,0,0};
..\Task\Gimbal_Task.c: 21 warnings, 0 errors
compiling bsp_can.c...
../Drivers/CMSIS/Device/ST/STM32F4xx/Include/stm32f427xx.h(68): warning:  #47-D: incompatible redefinition of macro "__FPU_PRESENT"
  #define __FPU_PRESENT             1U       /*!< FPU present                                   */
../Inc/bsp_dbus.h(187): warning:  #1-D: last line of file ends without a newline
  //    } keyboard;
../Inc/shoot_task.h(30): warning:  #1295-D: Deprecated declaration get_signal - give arg types
  int get_signal();
../Inc/shoot_task.h(31): warning:  #1295-D: Deprecated declaration shoot_single - give arg types
  void shoot_single();
../Inc/shoot_task.h(32): warning:  #1295-D: Deprecated declaration shoot_continuity - give arg types
  void shoot_continuity();
../Inc/shoot_task.h(33): warning:  #1295-D: Deprecated declaration shoot_stop - give arg types
  void shoot_stop();
../Inc/Hero_shoot_Task.h(20): warning:  #1-D: last line of file ends without a newline
  //#endif
..\bsp\bsp_can.c: 7 warnings, 0 errors
compiling Chassis_Task.c...
../Drivers/CMSIS/Device/ST/STM32F4xx/Include/stm32f427xx.h(68): warning:  #47-D: incompatible redefinition of macro "__FPU_PRESENT"
  #define __FPU_PRESENT             1U       /*!< FPU present                                   */
../Inc/bsp_dbus.h(187): warning:  #1-D: last line of file ends without a newline
  //    } keyboard;
../Inc/shoot_task.h(30): warning:  #1295-D: Deprecated declaration get_signal - give arg types
  int get_signal();
../Inc/shoot_task.h(31): warning:  #1295-D: Deprecated declaration shoot_single - give arg types
  void shoot_single();
../Inc/shoot_task.h(32): warning:  #1295-D: Deprecated declaration shoot_continuity - give arg types
  void shoot_continuity();
../Inc/shoot_task.h(33): warning:  #1295-D: Deprecated declaration shoot_stop - give arg types
  void shoot_stop();
../Inc/Hero_shoot_Task.h(20): warning:  #1-D: last line of file ends without a newline
  //#endif
..\Task\Chassis_Task.c(967): warning:  #9-D: nested comment is not allowed
    * @attention  不??时?洌?扭到位?司突???   //*******纽?慕嵌?应???遣欢缘?*****************/
..\Task\Chassis_Task.c: 8 warnings, 0 errors
compiling jy901.c...
../Drivers/CMSIS/Device/ST/STM32F4xx/Include/stm32f427xx.h(68): warning:  #47-D: incompatible redefinition of macro "__FPU_PRESENT"
  #define __FPU_PRESENT             1U       /*!< FPU present                                   */
../Inc/bsp_dbus.h(187): warning:  #1-D: last line of file ends without a newline
  //    } keyboard;
../Inc/shoot_task.h(30): warning:  #1295-D: Deprecated declaration get_signal - give arg types
  int get_signal();
../Inc/shoot_task.h(31): warning:  #1295-D: Deprecated declaration shoot_single - give arg types
  void shoot_single();
../Inc/shoot_task.h(32): warning:  #1295-D: Deprecated declaration shoot_continuity - give arg types
  void shoot_continuity();
../Inc/shoot_task.h(33): warning:  #1295-D: Deprecated declaration shoot_stop - give arg types
  void shoot_stop();
../Inc/Hero_shoot_Task.h(20): warning:  #1-D: last line of file ends without a newline
  //#endif
..\bsp\jy901.c: 7 warnings, 0 errors
compiling CRC.c...
../Drivers/CMSIS/Device/ST/STM32F4xx/Include/stm32f427xx.h(68): warning:  #47-D: incompatible redefinition of macro "__FPU_PRESENT"
  #define __FPU_PRESENT             1U       /*!< FPU present                                   */
../Inc/bsp_dbus.h(187): warning:  #1-D: last line of file ends without a newline
  //    } keyboard;
../Inc/shoot_task.h(30): warning:  #1295-D: Deprecated declaration get_signal - give arg types
  int get_signal();
../Inc/shoot_task.h(31): warning:  #1295-D: Deprecated declaration shoot_single - give arg types
  void shoot_single();
../Inc/shoot_task.h(32): warning:  #1295-D: Deprecated declaration shoot_continuity - give arg types
  void shoot_continuity();
../Inc/shoot_task.h(33): warning:  #1295-D: Deprecated declaration shoot_stop - give arg types
  void shoot_stop();
../Inc/Hero_shoot_Task.h(20): warning:  #1-D: last line of file ends without a newline
  //#endif
..\bsp\CRC.c: 7 warnings, 0 errors
compiling madgwick_ahrs.c...
../Drivers/CMSIS/Device/ST/STM32F4xx/Include/stm32f427xx.h(68): warning:  #47-D: incompatible redefinition of macro "__FPU_PRESENT"
  #define __FPU_PRESENT             1U       /*!< FPU present                                   */
../Inc/bsp_dbus.h(187): warning:  #1-D: last line of file ends without a newline
  //    } keyboard;
../Inc/shoot_task.h(30): warning:  #1295-D: Deprecated declaration get_signal - give arg types
  int get_signal();
../Inc/shoot_task.h(31): warning:  #1295-D: Deprecated declaration shoot_single - give arg types
  void shoot_single();
../Inc/shoot_task.h(32): warning:  #1295-D: Deprecated declaration shoot_continuity - give arg types
  void shoot_continuity();
../Inc/shoot_task.h(33): warning:  #1295-D: Deprecated declaration shoot_stop - give arg types
  void shoot_stop();
../Inc/Hero_shoot_Task.h(20): warning:  #1-D: last line of file ends without a newline
  //#endif
..\bsp\madgwick_ahrs.c: 7 warnings, 0 errors
compiling control.c...
../Drivers/CMSIS/Device/ST/STM32F4xx/Include/stm32f427xx.h(68): warning:  #47-D: incompatible redefinition of macro "__FPU_PRESENT"
  #define __FPU_PRESENT             1U       /*!< FPU present                                   */
../Inc/bsp_dbus.h(187): warning:  #1-D: last line of file ends without a newline
  //    } keyboard;
../Inc/shoot_task.h(30): warning:  #1295-D: Deprecated declaration get_signal - give arg types
  int get_signal();
../Inc/shoot_task.h(31): warning:  #1295-D: Deprecated declaration shoot_single - give arg types
  void shoot_single();
../Inc/shoot_task.h(32): warning:  #1295-D: Deprecated declaration shoot_continuity - give arg types
  void shoot_continuity();
../Inc/shoot_task.h(33): warning:  #1295-D: Deprecated declaration shoot_stop - give arg types
  void shoot_stop();
../Inc/Hero_shoot_Task.h(20): warning:  #1-D: last line of file ends without a newline
  //#endif
..\Peripheral_c\control.c: 7 warnings, 0 errors
compiling magazine.c...
../Drivers/CMSIS/Device/ST/STM32F4xx/Include/stm32f427xx.h(68): warning:  #47-D: incompatible redefinition of macro "__FPU_PRESENT"
  #define __FPU_PRESENT             1U       /*!< FPU present                                   */
../Inc/bsp_dbus.h(187): warning:  #1-D: last line of file ends without a newline
  //    } keyboard;
../Inc/shoot_task.h(30): warning:  #1295-D: Deprecated declaration get_signal - give arg types
  int get_signal();
../Inc/shoot_task.h(31): warning:  #1295-D: Deprecated declaration shoot_single - give arg types
  void shoot_single();
../Inc/shoot_task.h(32): warning:  #1295-D: Deprecated declaration shoot_continuity - give arg types
  void shoot_continuity();
../Inc/shoot_task.h(33): warning:  #1295-D: Deprecated declaration shoot_stop - give arg types
  void shoot_stop();
../Inc/Hero_shoot_Task.h(20): warning:  #1-D: last line of file ends without a newline
  //#endif
..\bsp\magazine.c(21): warning:  #940-D: missing return statement at end of non-void function "Magazine_IfWait"
  }
..\bsp\magazine.c(39): warning:  #1-D: last line of file ends without a newline
  }
..\bsp\magazine.c(39): warning:  #940-D: missing return statement at end of non-void function "Magazine_IfOpen"
  }
..\bsp\magazine.c: 10 warnings, 0 errors
compiling bsp_motor.c...
../Drivers/CMSIS/Device/ST/STM32F4xx/Include/stm32f427xx.h(68): warning:  #47-D: incompatible redefinition of macro "__FPU_PRESENT"
  #define __FPU_PRESENT             1U       /*!< FPU present                                   */
../Inc/bsp_dbus.h(187): warning:  #1-D: last line of file ends without a newline
  //    } keyboard;
../Inc/shoot_task.h(30): warning:  #1295-D: Deprecated declaration get_signal - give arg types
  int get_signal();
../Inc/shoot_task.h(31): warning:  #1295-D: Deprecated declaration shoot_single - give arg types
  void shoot_single();
../Inc/shoot_task.h(32): warning:  #1295-D: Deprecated declaration shoot_continuity - give arg types
  void shoot_continuity();
../Inc/shoot_task.h(33): warning:  #1295-D: Deprecated declaration shoot_stop - give arg types
  void shoot_stop();
../Inc/Hero_shoot_Task.h(20): warning:  #1-D: last line of file ends without a newline
  //#endif
..\bsp\bsp_motor.c: 7 warnings, 0 errors
compiling bsp_vision.c...
../Drivers/CMSIS/Device/ST/STM32F4xx/Include/stm32f427xx.h(68): warning:  #47-D: incompatible redefinition of macro "__FPU_PRESENT"
  #define __FPU_PRESENT             1U       /*!< FPU present                                   */
../Inc/bsp_dbus.h(187): warning:  #1-D: last line of file ends without a newline
  //    } keyboard;
../Inc/shoot_task.h(30): warning:  #1295-D: Deprecated declaration get_signal - give arg types
  int get_signal();
../Inc/shoot_task.h(31): warning:  #1295-D: Deprecated declaration shoot_single - give arg types
  void shoot_single();
../Inc/shoot_task.h(32): warning:  #1295-D: Deprecated declaration shoot_continuity - give arg types
  void shoot_continuity();
../Inc/shoot_task.h(33): warning:  #1295-D: Deprecated declaration shoot_stop - give arg types
  void shoot_stop();
../Inc/Hero_shoot_Task.h(20): warning:  #1-D: last line of file ends without a newline
  //#endif
..\bsp\bsp_vision.c(22): warning:  #1035-D: single-precision operand implicitly converted to double-precision
  	VisionValue.vision_pitch_value.value=VisionValue.vision_pitch_value.value/100.0;
..\bsp\bsp_vision.c(23): warning:  #1035-D: single-precision operand implicitly converted to double-precision
  	VisionValue.vision_yaw_value.value=VisionValue.vision_yaw_value.value/100.0;
..\bsp\bsp_vision.c(48): warning:  #9-D: nested comment is not allowed
    * @attention  ?蟾?????????头????台   /************不知??640?歉?啥??**************
..\bsp\bsp_vision.c: 10 warnings, 0 errors
compiling mahony_ahrs.c...
../Drivers/CMSIS/Device/ST/STM32F4xx/Include/stm32f427xx.h(68): warning:  #47-D: incompatible redefinition of macro "__FPU_PRESENT"
  #define __FPU_PRESENT             1U       /*!< FPU present                                   */
../Inc/bsp_dbus.h(187): warning:  #1-D: last line of file ends without a newline
  //    } keyboard;
../Inc/shoot_task.h(30): warning:  #1295-D: Deprecated declaration get_signal - give arg types
  int get_signal();
../Inc/shoot_task.h(31): warning:  #1295-D: Deprecated declaration shoot_single - give arg types
  void shoot_single();
../Inc/shoot_task.h(32): warning:  #1295-D: Deprecated declaration shoot_continuity - give arg types
  void shoot_continuity();
../Inc/shoot_task.h(33): warning:  #1295-D: Deprecated declaration shoot_stop - give arg types
  void shoot_stop();
../Inc/Hero_shoot_Task.h(20): warning:  #1-D: last line of file ends without a newline
  //#endif
..\bsp\mahony_ahrs.c: 7 warnings, 0 errors
compiling Judge.c...
../Drivers/CMSIS/Device/ST/STM32F4xx/Include/stm32f427xx.h(68): warning:  #47-D: incompatible redefinition of macro "__FPU_PRESENT"
  #define __FPU_PRESENT             1U       /*!< FPU present                                   */
../Inc/bsp_dbus.h(187): warning:  #1-D: last line of file ends without a newline
  //    } keyboard;
../Inc/shoot_task.h(30): warning:  #1295-D: Deprecated declaration get_signal - give arg types
  int get_signal();
../Inc/shoot_task.h(31): warning:  #1295-D: Deprecated declaration shoot_single - give arg types
  void shoot_single();
../Inc/shoot_task.h(32): warning:  #1295-D: Deprecated declaration shoot_continuity - give arg types
  void shoot_continuity();
../Inc/shoot_task.h(33): warning:  #1295-D: Deprecated declaration shoot_stop - give arg types
  void shoot_stop();
../Inc/Hero_shoot_Task.h(20): warning:  #1-D: last line of file ends without a newline
  //#endif
..\bsp\Judge.c(178): warning:  #177-D: variable "i" was declared but never referenced
  	static u8 datalength,i;
..\bsp\Judge.c(179): warning:  #177-D: variable "judge_led" was declared but never referenced
  	uint8_t judge_led = 0xff;//??始化led为全??
..\bsp\Judge.c(180): warning:  #177-D: variable "auto_led_time" was declared but never referenced
  	static uint8_t auto_led_time = 0;
..\bsp\Judge.c(181): warning:  #177-D: variable "buff_led_time" was declared but never referenced
  	static uint8_t buff_led_time = 0;
..\bsp\Judge.c(302): warning:  #550-D: variable "datalength" was set but never used
  	static u8 datalength,i;
..\bsp\Judge.c(302): warning:  #177-D: variable "i" was declared but never referenced
  	static u8 datalength,i;
..\bsp\Judge.c: 14 warnings, 0 errors
compiling bsp_oled.c...
../Drivers/CMSIS/Device/ST/STM32F4xx/Include/stm32f427xx.h(68): warning:  #47-D: incompatible redefinition of macro "__FPU_PRESENT"
  #define __FPU_PRESENT             1U       /*!< FPU present                                   */
../Inc/bsp_dbus.h(187): warning:  #1-D: last line of file ends without a newline
  //    } keyboard;
../Inc/shoot_task.h(30): warning:  #1295-D: Deprecated declaration get_signal - give arg types
  int get_signal();
../Inc/shoot_task.h(31): warning:  #1295-D: Deprecated declaration shoot_single - give arg types
  void shoot_single();
../Inc/shoot_task.h(32): warning:  #1295-D: Deprecated declaration shoot_continuity - give arg types
  void shoot_continuity();
../Inc/shoot_task.h(33): warning:  #1295-D: Deprecated declaration shoot_stop - give arg types
  void shoot_stop();
../Inc/Hero_shoot_Task.h(20): warning:  #1-D: last line of file ends without a newline
  //#endif
..\bsp\bsp_oled.c(836): warning:  #167-D: argument of type "uint8_t *" is incompatible with parameter of type "char *"
  	num2char(temp,value,g,l);
..\bsp\bsp_oled.c: 8 warnings, 0 errors
linking...
Program Size: Code=54168 RO-data=4456 RW-data=860 ZI-data=25956  
FromELF: creating hex file...
"HDU_RM_ INFANTRY_2020\HDU_RM_ INFANTRY_2020.axf" - 0 Error(s), 265 Warning(s).

<h2>Software Packages used:</h2>

Package Vendor: ARM
                http://www.keil.com/pack/ARM.CMSIS.4.5.0.pack
                ARM.CMSIS.4.5.0
                CMSIS (Cortex Microcontroller Software Interface Standard)
   * Component: CORE Version: 4.3.0

Package Vendor: Keil
                http://www.keil.com/pack/Keil.STM32F4xx_DFP.2.13.0.pack
                Keil.STM32F4xx_DFP.2.13.0
                STMicroelectronics STM32F4 Series Device Support, Drivers and Examples

<h2>Collection of Component include folders:</h2>
  .\RTE\_HDU_RM__INFANTRY_2020
  D:\Keil5\ARM\PACK\ARM\CMSIS\4.5.0\CMSIS\Include
  D:\Keil5\ARM\PACK\Keil\STM32F4xx_DFP\2.13.0\Drivers\CMSIS\Device\ST\STM32F4xx\Include

<h2>Collection of Component Files used:</h2>

   * Component: ARM::CMSIS:CORE:4.3.0
Build Time Elapsed:  00:01:28
</pre>
</body>
</html>
